[0.558s] Invoking command in '/home/ylnn/DM_Armx/build/fake_driver_pkg': AMENT_PREFIX_PATH=/home/ylnn/DM_Armx/install/rebotarm_msgs:${AMENT_PREFIX_PATH} CMAKE_PREFIX_PATH=/home/ylnn/DM_Armx/install/rebotarm_msgs:${CMAKE_PREFIX_PATH} DEBUGINFOD_URLS=https://debuginfod.ubuntu.com LD_LIBRARY_PATH=/home/ylnn/DM_Armx/install/rebotarm_msgs/lib:${LD_LIBRARY_PATH} PIXI_PROMPT=(DM_Armx) PYTHONPATH=/home/ylnn/DM_Armx/build/fake_driver_pkg/prefix_override:/home/ylnn/DM_Armx/.pixi/envs/default/lib/python3.12/site-packages/colcon_core/task/python/colcon_distutils_commands:/home/ylnn/DM_Armx/install/fake_driver_pkg/lib/python3.12/site-packages:/home/ylnn/DM_Armx/install/rebotarm_msgs/lib/python3.12/site-packages:${PYTHONPATH} /home/ylnn/DM_Armx/.pixi/envs/default/bin/python3.12 -W ignore:setup.py install is deprecated -W ignore:easy_install command is deprecated setup.py develop --editable --build-directory /home/ylnn/DM_Armx/build/fake_driver_pkg/build --no-deps symlink_data
[0.688s] running develop
[0.740s] running egg_info
[0.745s] creating fake_driver_pkg.egg-info
[0.745s] writing fake_driver_pkg.egg-info/PKG-INFO
[0.746s] writing dependency_links to fake_driver_pkg.egg-info/dependency_links.txt
[0.746s] writing entry points to fake_driver_pkg.egg-info/entry_points.txt
[0.746s] writing requirements to fake_driver_pkg.egg-info/requires.txt
[0.746s] writing top-level names to fake_driver_pkg.egg-info/top_level.txt
[0.746s] writing manifest file 'fake_driver_pkg.egg-info/SOURCES.txt'
[0.757s] reading manifest file 'fake_driver_pkg.egg-info/SOURCES.txt'
[0.757s] writing manifest file 'fake_driver_pkg.egg-info/SOURCES.txt'
[0.763s] running build_ext
[0.763s] Creating /home/ylnn/DM_Armx/install/fake_driver_pkg/lib/python3.12/site-packages/fake-driver-pkg.egg-link (link to .)
[0.763s] Installing fake_driver script to /home/ylnn/DM_Armx/install/fake_driver_pkg/lib/fake_driver_pkg
[0.763s] 
[0.763s] Installed /home/ylnn/DM_Armx/build/fake_driver_pkg
[0.764s] running symlink_data
[0.764s] creating /home/ylnn/DM_Armx/install/fake_driver_pkg/share/ament_index/resource_index/packages
[0.764s] symbolically linking /home/ylnn/DM_Armx/build/fake_driver_pkg/resource/fake_driver_pkg -> /home/ylnn/DM_Armx/install/fake_driver_pkg/share/ament_index/resource_index/packages
[0.764s] symbolically linking /home/ylnn/DM_Armx/build/fake_driver_pkg/package.xml -> /home/ylnn/DM_Armx/install/fake_driver_pkg/share/fake_driver_pkg
[0.779s] Invoked command in '/home/ylnn/DM_Armx/build/fake_driver_pkg' returned '0': AMENT_PREFIX_PATH=/home/ylnn/DM_Armx/install/rebotarm_msgs:${AMENT_PREFIX_PATH} CMAKE_PREFIX_PATH=/home/ylnn/DM_Armx/install/rebotarm_msgs:${CMAKE_PREFIX_PATH} DEBUGINFOD_URLS=https://debuginfod.ubuntu.com LD_LIBRARY_PATH=/home/ylnn/DM_Armx/install/rebotarm_msgs/lib:${LD_LIBRARY_PATH} PIXI_PROMPT=(DM_Armx) PYTHONPATH=/home/ylnn/DM_Armx/build/fake_driver_pkg/prefix_override:/home/ylnn/DM_Armx/.pixi/envs/default/lib/python3.12/site-packages/colcon_core/task/python/colcon_distutils_commands:/home/ylnn/DM_Armx/install/fake_driver_pkg/lib/python3.12/site-packages:/home/ylnn/DM_Armx/install/rebotarm_msgs/lib/python3.12/site-packages:${PYTHONPATH} /home/ylnn/DM_Armx/.pixi/envs/default/bin/python3.12 -W ignore:setup.py install is deprecated -W ignore:easy_install command is deprecated setup.py develop --editable --build-directory /home/ylnn/DM_Armx/build/fake_driver_pkg/build --no-deps symlink_data
