[0.560s] Invoking command in '/home/ylnn/DM_Armx/build/mujoco_pkg': AMENT_PREFIX_PATH=/home/ylnn/DM_Armx/install/rebotarm_msgs:${AMENT_PREFIX_PATH} CMAKE_PREFIX_PATH=/home/ylnn/DM_Armx/install/rebotarm_msgs:${CMAKE_PREFIX_PATH} DEBUGINFOD_URLS=https://debuginfod.ubuntu.com LD_LIBRARY_PATH=/home/ylnn/DM_Armx/install/rebotarm_msgs/lib:${LD_LIBRARY_PATH} PIXI_PROMPT=(DM_Armx) PYTHONPATH=/home/ylnn/DM_Armx/build/mujoco_pkg/prefix_override:/home/ylnn/DM_Armx/.pixi/envs/default/lib/python3.12/site-packages/colcon_core/task/python/colcon_distutils_commands:/home/ylnn/DM_Armx/install/mujoco_pkg/lib/python3.12/site-packages:/home/ylnn/DM_Armx/install/rebotarm_msgs/lib/python3.12/site-packages:${PYTHONPATH} /home/ylnn/DM_Armx/.pixi/envs/default/bin/python3.12 -W ignore:setup.py install is deprecated -W ignore:easy_install command is deprecated setup.py develop --editable --build-directory /home/ylnn/DM_Armx/build/mujoco_pkg/build --no-deps symlink_data
[0.688s] running develop
[0.738s] running egg_info
[0.743s] creating mujoco_pkg.egg-info
[0.743s] writing mujoco_pkg.egg-info/PKG-INFO
[0.744s] writing dependency_links to mujoco_pkg.egg-info/dependency_links.txt
[0.744s] writing entry points to mujoco_pkg.egg-info/entry_points.txt
[0.744s] writing requirements to mujoco_pkg.egg-info/requires.txt
[0.744s] writing top-level names to mujoco_pkg.egg-info/top_level.txt
[0.744s] writing manifest file 'mujoco_pkg.egg-info/SOURCES.txt'
[0.755s] reading manifest file 'mujoco_pkg.egg-info/SOURCES.txt'
[0.756s] writing manifest file 'mujoco_pkg.egg-info/SOURCES.txt'
[0.762s] running build_ext
[0.762s] Creating /home/ylnn/DM_Armx/install/mujoco_pkg/lib/python3.12/site-packages/mujoco-pkg.egg-link (link to .)
[0.762s] Installing joint_slider_gui script to /home/ylnn/DM_Armx/install/mujoco_pkg/lib/mujoco_pkg
[0.762s] Installing mujoco_physics_grasp script to /home/ylnn/DM_Armx/install/mujoco_pkg/lib/mujoco_pkg
[0.762s] Installing mujoco_torque_control script to /home/ylnn/DM_Armx/install/mujoco_pkg/lib/mujoco_pkg
[0.762s] Installing real2sim_sync script to /home/ylnn/DM_Armx/install/mujoco_pkg/lib/mujoco_pkg
[0.763s] Installing sim_color_detector script to /home/ylnn/DM_Armx/install/mujoco_pkg/lib/mujoco_pkg
[0.763s] Installing sim_rgb_camera script to /home/ylnn/DM_Armx/install/mujoco_pkg/lib/mujoco_pkg
[0.763s] Installing sim_task_server script to /home/ylnn/DM_Armx/install/mujoco_pkg/lib/mujoco_pkg
[0.763s] 
[0.763s] Installed /home/ylnn/DM_Armx/build/mujoco_pkg
[0.763s] running symlink_data
[0.763s] creating /home/ylnn/DM_Armx/install/mujoco_pkg/share/ament_index/resource_index/packages
[0.763s] symbolically linking /home/ylnn/DM_Armx/build/mujoco_pkg/resource/mujoco_pkg -> /home/ylnn/DM_Armx/install/mujoco_pkg/share/ament_index/resource_index/packages
[0.763s] symbolically linking /home/ylnn/DM_Armx/build/mujoco_pkg/package.xml -> /home/ylnn/DM_Armx/install/mujoco_pkg/share/mujoco_pkg
[0.763s] creating /home/ylnn/DM_Armx/install/mujoco_pkg/share/mujoco_pkg/launch
[0.763s] symbolically linking /home/ylnn/DM_Armx/build/mujoco_pkg/launch/real2sim.launch.py -> /home/ylnn/DM_Armx/install/mujoco_pkg/share/mujoco_pkg/launch
[0.763s] symbolically linking /home/ylnn/DM_Armx/build/mujoco_pkg/launch/sim_rgb_camera.launch.py -> /home/ylnn/DM_Armx/install/mujoco_pkg/share/mujoco_pkg/launch
[0.764s] symbolically linking /home/ylnn/DM_Armx/build/mujoco_pkg/launch/mujoco_torque_control.launch.py -> /home/ylnn/DM_Armx/install/mujoco_pkg/share/mujoco_pkg/launch
[0.764s] symbolically linking /home/ylnn/DM_Armx/build/mujoco_pkg/launch/sim_color_detector.launch.py -> /home/ylnn/DM_Armx/install/mujoco_pkg/share/mujoco_pkg/launch
[0.764s] symbolically linking /home/ylnn/DM_Armx/build/mujoco_pkg/launch/joint_slider_gui.launch.py -> /home/ylnn/DM_Armx/install/mujoco_pkg/share/mujoco_pkg/launch
[0.764s] symbolically linking /home/ylnn/DM_Armx/build/mujoco_pkg/launch/mujoco_physics_grasp.launch.py -> /home/ylnn/DM_Armx/install/mujoco_pkg/share/mujoco_pkg/launch
[0.764s] symbolically linking /home/ylnn/DM_Armx/build/mujoco_pkg/launch/sim_task_server.launch.py -> /home/ylnn/DM_Armx/install/mujoco_pkg/share/mujoco_pkg/launch
[0.764s] creating /home/ylnn/DM_Armx/install/mujoco_pkg/share/mujoco_pkg/config
[0.764s] symbolically linking /home/ylnn/DM_Armx/build/mujoco_pkg/config/joint_map_kinematic.yaml -> /home/ylnn/DM_Armx/install/mujoco_pkg/share/mujoco_pkg/config
[0.764s] symbolically linking /home/ylnn/DM_Armx/build/mujoco_pkg/config/joint_map.yaml -> /home/ylnn/DM_Armx/install/mujoco_pkg/share/mujoco_pkg/config
[0.764s] creating /home/ylnn/DM_Armx/install/mujoco_pkg/share/mujoco_pkg/models
[0.764s] symbolically linking /home/ylnn/DM_Armx/build/mujoco_pkg/models/rebotarm_b601_colored.xml -> /home/ylnn/DM_Armx/install/mujoco_pkg/share/mujoco_pkg/models
[0.764s] symbolically linking /home/ylnn/DM_Armx/build/mujoco_pkg/models/simple_rebotarm.xml -> /home/ylnn/DM_Armx/install/mujoco_pkg/share/mujoco_pkg/models
[0.764s] symbolically linking /home/ylnn/DM_Armx/build/mujoco_pkg/models/rebotarm_b601_kinematic.xml -> /home/ylnn/DM_Armx/install/mujoco_pkg/share/mujoco_pkg/models
[0.764s] symbolically linking /home/ylnn/DM_Armx/build/mujoco_pkg/models/rebotarm_b601_stl.xml -> /home/ylnn/DM_Armx/install/mujoco_pkg/share/mujoco_pkg/models
[0.764s] creating /home/ylnn/DM_Armx/install/mujoco_pkg/share/mujoco_pkg/description
[0.764s] symbolically linking /home/ylnn/DM_Armx/build/mujoco_pkg/description/ReBot_Arm_DM.urdf -> /home/ylnn/DM_Armx/install/mujoco_pkg/share/mujoco_pkg/description
[0.778s] Invoked command in '/home/ylnn/DM_Armx/build/mujoco_pkg' returned '0': AMENT_PREFIX_PATH=/home/ylnn/DM_Armx/install/rebotarm_msgs:${AMENT_PREFIX_PATH} CMAKE_PREFIX_PATH=/home/ylnn/DM_Armx/install/rebotarm_msgs:${CMAKE_PREFIX_PATH} DEBUGINFOD_URLS=https://debuginfod.ubuntu.com LD_LIBRARY_PATH=/home/ylnn/DM_Armx/install/rebotarm_msgs/lib:${LD_LIBRARY_PATH} PIXI_PROMPT=(DM_Armx) PYTHONPATH=/home/ylnn/DM_Armx/build/mujoco_pkg/prefix_override:/home/ylnn/DM_Armx/.pixi/envs/default/lib/python3.12/site-packages/colcon_core/task/python/colcon_distutils_commands:/home/ylnn/DM_Armx/install/mujoco_pkg/lib/python3.12/site-packages:/home/ylnn/DM_Armx/install/rebotarm_msgs/lib/python3.12/site-packages:${PYTHONPATH} /home/ylnn/DM_Armx/.pixi/envs/default/bin/python3.12 -W ignore:setup.py install is deprecated -W ignore:easy_install command is deprecated setup.py develop --editable --build-directory /home/ylnn/DM_Armx/build/mujoco_pkg/build --no-deps symlink_data
