[0.461s] Invoking command in '/home/ylnn/DM_Armx/build/mujoco_pkg': AMENT_PREFIX_PATH=/home/ylnn/DM_Armx/install/rebotarm_msgs:${AMENT_PREFIX_PATH} CMAKE_PREFIX_PATH=/home/ylnn/DM_Armx/install/rebotarm_msgs:${CMAKE_PREFIX_PATH} DEBUGINFOD_URLS=https://debuginfod.ubuntu.com LD_LIBRARY_PATH=/home/ylnn/DM_Armx/install/rebotarm_msgs/lib:${LD_LIBRARY_PATH} PIXI_PROMPT=(DM_Armx) PYTHONPATH=/home/ylnn/DM_Armx/build/mujoco_pkg/prefix_override:/home/ylnn/DM_Armx/.pixi/envs/default/lib/python3.12/site-packages/colcon_core/task/python/colcon_distutils_commands:/home/ylnn/DM_Armx/install/mujoco_pkg/lib/python3.12/site-packages:/home/ylnn/DM_Armx/install/rebotarm_msgs/lib/python3.12/site-packages:${PYTHONPATH} /home/ylnn/DM_Armx/.pixi/envs/default/bin/python3.12 -W ignore:setup.py install is deprecated -W ignore:easy_install command is deprecated setup.py develop --editable --build-directory /home/ylnn/DM_Armx/build/mujoco_pkg/build --no-deps symlink_data
[0.589s] running develop
[0.638s] running egg_info
[0.643s] creating mujoco_pkg.egg-info
[0.644s] writing mujoco_pkg.egg-info/PKG-INFO
[0.644s] writing dependency_links to mujoco_pkg.egg-info/dependency_links.txt
[0.644s] writing entry points to mujoco_pkg.egg-info/entry_points.txt
[0.644s] writing requirements to mujoco_pkg.egg-info/requires.txt
[0.644s] writing top-level names to mujoco_pkg.egg-info/top_level.txt
[0.644s] writing manifest file 'mujoco_pkg.egg-info/SOURCES.txt'
[0.656s] reading manifest file 'mujoco_pkg.egg-info/SOURCES.txt'
[0.657s] writing manifest file 'mujoco_pkg.egg-info/SOURCES.txt'
[0.662s] running build_ext
[0.662s] Creating /home/ylnn/DM_Armx/install/mujoco_pkg/lib/python3.12/site-packages/mujoco-pkg.egg-link (link to .)
[0.663s] Installing joint_slider_gui script to /home/ylnn/DM_Armx/install/mujoco_pkg/lib/mujoco_pkg
[0.663s] Installing mujoco_physics_grasp script to /home/ylnn/DM_Armx/install/mujoco_pkg/lib/mujoco_pkg
[0.663s] Installing mujoco_torque_control script to /home/ylnn/DM_Armx/install/mujoco_pkg/lib/mujoco_pkg
[0.663s] Installing real2sim_sync script to /home/ylnn/DM_Armx/install/mujoco_pkg/lib/mujoco_pkg
[0.663s] Installing sim_color_detector script to /home/ylnn/DM_Armx/install/mujoco_pkg/lib/mujoco_pkg
[0.663s] Installing sim_rgb_camera script to /home/ylnn/DM_Armx/install/mujoco_pkg/lib/mujoco_pkg
[0.663s] Installing sim_task_server script to /home/ylnn/DM_Armx/install/mujoco_pkg/lib/mujoco_pkg
[0.663s] 
[0.663s] Installed /home/ylnn/DM_Armx/build/mujoco_pkg
[0.663s] running symlink_data
[0.663s] creating /home/ylnn/DM_Armx/install/mujoco_pkg/share/ament_index/resource_index/packages
[0.664s] symbolically linking /home/ylnn/DM_Armx/build/mujoco_pkg/resource/mujoco_pkg -> /home/ylnn/DM_Armx/install/mujoco_pkg/share/ament_index/resource_index/packages
[0.664s] symbolically linking /home/ylnn/DM_Armx/build/mujoco_pkg/package.xml -> /home/ylnn/DM_Armx/install/mujoco_pkg/share/mujoco_pkg
[0.664s] creating /home/ylnn/DM_Armx/install/mujoco_pkg/share/mujoco_pkg/launch
[0.664s] symbolically linking /home/ylnn/DM_Armx/build/mujoco_pkg/launch/real2sim.launch.py -> /home/ylnn/DM_Armx/install/mujoco_pkg/share/mujoco_pkg/launch
[0.664s] symbolically linking /home/ylnn/DM_Armx/build/mujoco_pkg/launch/sim_rgb_camera.launch.py -> /home/ylnn/DM_Armx/install/mujoco_pkg/share/mujoco_pkg/launch
[0.664s] symbolically linking /home/ylnn/DM_Armx/build/mujoco_pkg/launch/mujoco_torque_control.launch.py -> /home/ylnn/DM_Armx/install/mujoco_pkg/share/mujoco_pkg/launch
[0.664s] symbolically linking /home/ylnn/DM_Armx/build/mujoco_pkg/launch/sim_color_detector.launch.py -> /home/ylnn/DM_Armx/install/mujoco_pkg/share/mujoco_pkg/launch
[0.664s] symbolically linking /home/ylnn/DM_Armx/build/mujoco_pkg/launch/joint_slider_gui.launch.py -> /home/ylnn/DM_Armx/install/mujoco_pkg/share/mujoco_pkg/launch
[0.664s] symbolically linking /home/ylnn/DM_Armx/build/mujoco_pkg/launch/mujoco_physics_grasp.launch.py -> /home/ylnn/DM_Armx/install/mujoco_pkg/share/mujoco_pkg/launch
[0.664s] symbolically linking /home/ylnn/DM_Armx/build/mujoco_pkg/launch/sim_task_server.launch.py -> /home/ylnn/DM_Armx/install/mujoco_pkg/share/mujoco_pkg/launch
[0.664s] creating /home/ylnn/DM_Armx/install/mujoco_pkg/share/mujoco_pkg/config
[0.664s] symbolically linking /home/ylnn/DM_Armx/build/mujoco_pkg/config/joint_map_kinematic.yaml -> /home/ylnn/DM_Armx/install/mujoco_pkg/share/mujoco_pkg/config
[0.665s] symbolically linking /home/ylnn/DM_Armx/build/mujoco_pkg/config/joint_map.yaml -> /home/ylnn/DM_Armx/install/mujoco_pkg/share/mujoco_pkg/config
[0.665s] creating /home/ylnn/DM_Armx/install/mujoco_pkg/share/mujoco_pkg/models
[0.665s] symbolically linking /home/ylnn/DM_Armx/build/mujoco_pkg/models/rebotarm_b601_colored.xml -> /home/ylnn/DM_Armx/install/mujoco_pkg/share/mujoco_pkg/models
[0.665s] symbolically linking /home/ylnn/DM_Armx/build/mujoco_pkg/models/simple_rebotarm.xml -> /home/ylnn/DM_Armx/install/mujoco_pkg/share/mujoco_pkg/models
[0.665s] symbolically linking /home/ylnn/DM_Armx/build/mujoco_pkg/models/rebotarm_b601_kinematic.xml -> /home/ylnn/DM_Armx/install/mujoco_pkg/share/mujoco_pkg/models
[0.665s] symbolically linking /home/ylnn/DM_Armx/build/mujoco_pkg/models/rebotarm_b601_stl.xml -> /home/ylnn/DM_Armx/install/mujoco_pkg/share/mujoco_pkg/models
[0.665s] creating /home/ylnn/DM_Armx/install/mujoco_pkg/share/mujoco_pkg/description
[0.665s] symbolically linking /home/ylnn/DM_Armx/build/mujoco_pkg/description/ReBot_Arm_DM.urdf -> /home/ylnn/DM_Armx/install/mujoco_pkg/share/mujoco_pkg/description
[0.665s] creating /home/ylnn/DM_Armx/install/mujoco_pkg/share/mujoco_pkg/meshes
[0.665s] symbolically linking /home/ylnn/DM_Armx/build/mujoco_pkg/meshes/link2.STL -> /home/ylnn/DM_Armx/install/mujoco_pkg/share/mujoco_pkg/meshes
[0.665s] symbolically linking /home/ylnn/DM_Armx/build/mujoco_pkg/meshes/link4.STL -> /home/ylnn/DM_Armx/install/mujoco_pkg/share/mujoco_pkg/meshes
[0.665s] symbolically linking /home/ylnn/DM_Armx/build/mujoco_pkg/meshes/link1.STL -> /home/ylnn/DM_Armx/install/mujoco_pkg/share/mujoco_pkg/meshes
[0.665s] symbolically linking /home/ylnn/DM_Armx/build/mujoco_pkg/meshes/base_link.STL -> /home/ylnn/DM_Armx/install/mujoco_pkg/share/mujoco_pkg/meshes
[0.665s] symbolically linking /home/ylnn/DM_Armx/build/mujoco_pkg/meshes/link6.STL -> /home/ylnn/DM_Armx/install/mujoco_pkg/share/mujoco_pkg/meshes
[0.665s] symbolically linking /home/ylnn/DM_Armx/build/mujoco_pkg/meshes/link3.STL -> /home/ylnn/DM_Armx/install/mujoco_pkg/share/mujoco_pkg/meshes
[0.666s] symbolically linking /home/ylnn/DM_Armx/build/mujoco_pkg/meshes/link5.STL -> /home/ylnn/DM_Armx/install/mujoco_pkg/share/mujoco_pkg/meshes
[0.666s] symbolically linking /home/ylnn/DM_Armx/build/mujoco_pkg/meshes/right_finger_rear.stl -> /home/ylnn/DM_Armx/install/mujoco_pkg/share/mujoco_pkg/meshes
[0.666s] symbolically linking /home/ylnn/DM_Armx/build/mujoco_pkg/meshes/left_finger_rear.stl -> /home/ylnn/DM_Armx/install/mujoco_pkg/share/mujoco_pkg/meshes
[0.666s] symbolically linking /home/ylnn/DM_Armx/build/mujoco_pkg/meshes/colored_link3_hardware_black.stl -> /home/ylnn/DM_Armx/install/mujoco_pkg/share/mujoco_pkg/meshes
[0.666s] symbolically linking /home/ylnn/DM_Armx/build/mujoco_pkg/meshes/left_finger_front.stl -> /home/ylnn/DM_Armx/install/mujoco_pkg/share/mujoco_pkg/meshes
[0.666s] symbolically linking /home/ylnn/DM_Armx/build/mujoco_pkg/meshes/colored_link5_matte_black.stl -> /home/ylnn/DM_Armx/install/mujoco_pkg/share/mujoco_pkg/meshes
[0.666s] symbolically linking /home/ylnn/DM_Armx/build/mujoco_pkg/meshes/colored_link4_matte_black.stl -> /home/ylnn/DM_Armx/install/mujoco_pkg/share/mujoco_pkg/meshes
[0.666s] symbolically linking /home/ylnn/DM_Armx/build/mujoco_pkg/meshes/colored_gripper_base_seeed_yellow.stl -> /home/ylnn/DM_Armx/install/mujoco_pkg/share/mujoco_pkg/meshes
[0.666s] symbolically linking /home/ylnn/DM_Armx/build/mujoco_pkg/meshes/colored_base_link_hardware_black.stl -> /home/ylnn/DM_Armx/install/mujoco_pkg/share/mujoco_pkg/meshes
[0.666s] symbolically linking /home/ylnn/DM_Armx/build/mujoco_pkg/meshes/colored_left_finger_carriage_grey.stl -> /home/ylnn/DM_Armx/install/mujoco_pkg/share/mujoco_pkg/meshes
[0.666s] symbolically linking /home/ylnn/DM_Armx/build/mujoco_pkg/meshes/gripper_base.stl -> /home/ylnn/DM_Armx/install/mujoco_pkg/share/mujoco_pkg/meshes
[0.666s] symbolically linking /home/ylnn/DM_Armx/build/mujoco_pkg/meshes/colored_link4_anodized_grey.stl -> /home/ylnn/DM_Armx/install/mujoco_pkg/share/mujoco_pkg/meshes
[0.666s] symbolically linking /home/ylnn/DM_Armx/build/mujoco_pkg/meshes/colored_link1_matte_black.stl -> /home/ylnn/DM_Armx/install/mujoco_pkg/share/mujoco_pkg/meshes
[0.666s] symbolically linking /home/ylnn/DM_Armx/build/mujoco_pkg/meshes/colored_link3_matte_black.stl -> /home/ylnn/DM_Armx/install/mujoco_pkg/share/mujoco_pkg/meshes
[0.666s] symbolically linking /home/ylnn/DM_Armx/build/mujoco_pkg/meshes/colored_link5_anodized_grey.stl -> /home/ylnn/DM_Armx/install/mujoco_pkg/share/mujoco_pkg/meshes
[0.666s] symbolically linking /home/ylnn/DM_Armx/build/mujoco_pkg/meshes/colored_gripper_base_hardware_black.stl -> /home/ylnn/DM_Armx/install/mujoco_pkg/share/mujoco_pkg/meshes
[0.666s] symbolically linking /home/ylnn/DM_Armx/build/mujoco_pkg/meshes/colored_link2_matte_black.stl -> /home/ylnn/DM_Armx/install/mujoco_pkg/share/mujoco_pkg/meshes
[0.666s] symbolically linking /home/ylnn/DM_Armx/build/mujoco_pkg/meshes/colored_link1_anodized_grey.stl -> /home/ylnn/DM_Armx/install/mujoco_pkg/share/mujoco_pkg/meshes
[0.666s] symbolically linking /home/ylnn/DM_Armx/build/mujoco_pkg/meshes/left_finger.stl -> /home/ylnn/DM_Armx/install/mujoco_pkg/share/mujoco_pkg/meshes
[0.666s] symbolically linking /home/ylnn/DM_Armx/build/mujoco_pkg/meshes/colored_link5_hardware_black.stl -> /home/ylnn/DM_Armx/install/mujoco_pkg/share/mujoco_pkg/meshes
[0.666s] symbolically linking /home/ylnn/DM_Armx/build/mujoco_pkg/meshes/right_finger_mid.stl -> /home/ylnn/DM_Armx/install/mujoco_pkg/share/mujoco_pkg/meshes
[0.666s] symbolically linking /home/ylnn/DM_Armx/build/mujoco_pkg/meshes/colored_link3_seeed_yellow.stl -> /home/ylnn/DM_Armx/install/mujoco_pkg/share/mujoco_pkg/meshes
[0.667s] symbolically linking /home/ylnn/DM_Armx/build/mujoco_pkg/meshes/colored_base_link_matte_black.stl -> /home/ylnn/DM_Armx/install/mujoco_pkg/share/mujoco_pkg/meshes
[0.667s] symbolically linking /home/ylnn/DM_Armx/build/mujoco_pkg/meshes/colored_gripper_base_metal.stl -> /home/ylnn/DM_Armx/install/mujoco_pkg/share/mujoco_pkg/meshes
[0.667s] symbolically linking /home/ylnn/DM_Armx/build/mujoco_pkg/meshes/colored_right_finger_finger_black.stl -> /home/ylnn/DM_Armx/install/mujoco_pkg/share/mujoco_pkg/meshes
[0.667s] symbolically linking /home/ylnn/DM_Armx/build/mujoco_pkg/meshes/colored_link2_seeed_yellow.stl -> /home/ylnn/DM_Armx/install/mujoco_pkg/share/mujoco_pkg/meshes
[0.667s] symbolically linking /home/ylnn/DM_Armx/build/mujoco_pkg/meshes/colored_link3_anodized_grey.stl -> /home/ylnn/DM_Armx/install/mujoco_pkg/share/mujoco_pkg/meshes
[0.667s] symbolically linking /home/ylnn/DM_Armx/build/mujoco_pkg/meshes/colored_right_finger_travel_stop_yellow.stl -> /home/ylnn/DM_Armx/install/mujoco_pkg/share/mujoco_pkg/meshes
[0.667s] symbolically linking /home/ylnn/DM_Armx/build/mujoco_pkg/meshes/colored_link1_hardware_black.stl -> /home/ylnn/DM_Armx/install/mujoco_pkg/share/mujoco_pkg/meshes
[0.667s] symbolically linking /home/ylnn/DM_Armx/build/mujoco_pkg/meshes/colored_link6_hardware_black.stl -> /home/ylnn/DM_Armx/install/mujoco_pkg/share/mujoco_pkg/meshes
[0.667s] symbolically linking /home/ylnn/DM_Armx/build/mujoco_pkg/meshes/colored_left_finger_travel_stop_yellow.stl -> /home/ylnn/DM_Armx/install/mujoco_pkg/share/mujoco_pkg/meshes
[0.667s] symbolically linking /home/ylnn/DM_Armx/build/mujoco_pkg/meshes/colored_link6_matte_black.stl -> /home/ylnn/DM_Armx/install/mujoco_pkg/share/mujoco_pkg/meshes
[0.667s] symbolically linking /home/ylnn/DM_Armx/build/mujoco_pkg/meshes/colored_right_finger_rack_metal.stl -> /home/ylnn/DM_Armx/install/mujoco_pkg/share/mujoco_pkg/meshes
[0.667s] symbolically linking /home/ylnn/DM_Armx/build/mujoco_pkg/meshes/right_finger.stl -> /home/ylnn/DM_Armx/install/mujoco_pkg/share/mujoco_pkg/meshes
[0.667s] symbolically linking /home/ylnn/DM_Armx/build/mujoco_pkg/meshes/colored_link2_hardware_black.stl -> /home/ylnn/DM_Armx/install/mujoco_pkg/share/mujoco_pkg/meshes
[0.667s] symbolically linking /home/ylnn/DM_Armx/build/mujoco_pkg/meshes/left_finger_mid.stl -> /home/ylnn/DM_Armx/install/mujoco_pkg/share/mujoco_pkg/meshes
[0.667s] symbolically linking /home/ylnn/DM_Armx/build/mujoco_pkg/meshes/colored_link4_seeed_yellow.stl -> /home/ylnn/DM_Armx/install/mujoco_pkg/share/mujoco_pkg/meshes
[0.667s] symbolically linking /home/ylnn/DM_Armx/build/mujoco_pkg/meshes/colored_link2_anodized_grey.stl -> /home/ylnn/DM_Armx/install/mujoco_pkg/share/mujoco_pkg/meshes
[0.667s] symbolically linking /home/ylnn/DM_Armx/build/mujoco_pkg/meshes/colored_base_link_silver_trim.stl -> /home/ylnn/DM_Armx/install/mujoco_pkg/share/mujoco_pkg/meshes
[0.667s] symbolically linking /home/ylnn/DM_Armx/build/mujoco_pkg/meshes/right_finger_front.stl -> /home/ylnn/DM_Armx/install/mujoco_pkg/share/mujoco_pkg/meshes
[0.667s] symbolically linking /home/ylnn/DM_Armx/build/mujoco_pkg/meshes/colored_left_finger_rack_metal.stl -> /home/ylnn/DM_Armx/install/mujoco_pkg/share/mujoco_pkg/meshes
[0.667s] symbolically linking /home/ylnn/DM_Armx/build/mujoco_pkg/meshes/colored_right_finger_carriage_grey.stl -> /home/ylnn/DM_Armx/install/mujoco_pkg/share/mujoco_pkg/meshes
[0.667s] symbolically linking /home/ylnn/DM_Armx/build/mujoco_pkg/meshes/colored_link4_hardware_black.stl -> /home/ylnn/DM_Armx/install/mujoco_pkg/share/mujoco_pkg/meshes
[0.667s] symbolically linking /home/ylnn/DM_Armx/build/mujoco_pkg/meshes/colored_left_finger_finger_black.stl -> /home/ylnn/DM_Armx/install/mujoco_pkg/share/mujoco_pkg/meshes
[0.679s] Invoked command in '/home/ylnn/DM_Armx/build/mujoco_pkg' returned '0': AMENT_PREFIX_PATH=/home/ylnn/DM_Armx/install/rebotarm_msgs:${AMENT_PREFIX_PATH} CMAKE_PREFIX_PATH=/home/ylnn/DM_Armx/install/rebotarm_msgs:${CMAKE_PREFIX_PATH} DEBUGINFOD_URLS=https://debuginfod.ubuntu.com LD_LIBRARY_PATH=/home/ylnn/DM_Armx/install/rebotarm_msgs/lib:${LD_LIBRARY_PATH} PIXI_PROMPT=(DM_Armx) PYTHONPATH=/home/ylnn/DM_Armx/build/mujoco_pkg/prefix_override:/home/ylnn/DM_Armx/.pixi/envs/default/lib/python3.12/site-packages/colcon_core/task/python/colcon_distutils_commands:/home/ylnn/DM_Armx/install/mujoco_pkg/lib/python3.12/site-packages:/home/ylnn/DM_Armx/install/rebotarm_msgs/lib/python3.12/site-packages:${PYTHONPATH} /home/ylnn/DM_Armx/.pixi/envs/default/bin/python3.12 -W ignore:setup.py install is deprecated -W ignore:easy_install command is deprecated setup.py develop --editable --build-directory /home/ylnn/DM_Armx/build/mujoco_pkg/build --no-deps symlink_data
