[0.007s] Invoking command in '/home/ylnn/DM_Armx/build/rebotarm_msgs': CMAKE_PREFIX_PATH=${CMAKE_PREFIX_PATH}:/home/ylnn/DM_Armx/.pixi/envs/default DEBUGINFOD_URLS=https://debuginfod.ubuntu.com PIXI_PROMPT=(DM_Armx) /home/ylnn/DM_Armx/.pixi/envs/default/bin/cmake /home/ylnn/DM_Armx/src/rebotarm_msgs -DAMENT_CMAKE_SYMLINK_INSTALL=1 -DCMAKE_INSTALL_PREFIX=/home/ylnn/DM_Armx/install/rebotarm_msgs
[0.035s] CMake Warning (deprecated) at CMakeLists.txt:1 (cmake_minimum_required):
[0.035s]   Compatibility with CMake < 3.10 will be removed from a future version of
[0.035s]   CMake.
[0.035s] 
[0.036s]   Update the VERSION argument <min> value.  Or, use the <min>...<max> syntax
[0.036s]   to tell CMake that the project requires at least <min> but has been updated
[0.036s]   to work with policies introduced by <max> or earlier.
[0.036s] This warning is for project developers.  Use -Wno-author or -Wno-deprecated
[0.036s] to suppress it.
[0.036s] 
[0.155s] -- The C compiler identification is GNU 15.2.0
[0.307s] -- The CXX compiler identification is GNU 15.2.0
[0.321s] -- Detecting C compiler ABI info
[0.398s] -- Detecting C compiler ABI info - done
[0.421s] -- Check for working C compiler: /usr/bin/cc - skipped
[0.421s] -- Detecting C compile features
[0.421s] -- Detecting C compile features - done
[0.433s] -- Detecting CXX compiler ABI info
[0.501s] -- Detecting CXX compiler ABI info - done
[0.515s] -- Check for working CXX compiler: /usr/bin/c++ - skipped
[0.516s] -- Detecting CXX compile features
[0.516s] -- Detecting CXX compile features - done
[0.527s] -- Found ament_cmake: 2.5.6 (/home/ylnn/DM_Armx/.pixi/envs/default/share/ament_cmake/cmake)
[0.653s] -- Found Python3: /home/ylnn/DM_Armx/.pixi/envs/default/bin/python3 (found version "3.12.14") found components: Interpreter
[0.723s] -- Override CMake install command with custom implementation using symlinks instead of copying resources
[0.764s] -- Found rosidl_default_generators: 1.6.1 (/home/ylnn/DM_Armx/.pixi/envs/default/share/rosidl_default_generators/cmake)
[0.772s] -- Using all available rosidl_typesupport_c: rosidl_typesupport_fastrtps_c;rosidl_typesupport_introspection_c
[0.819s] -- Using all available rosidl_typesupport_cpp: rosidl_typesupport_fastrtps_cpp;rosidl_typesupport_introspection_cpp
[0.848s] -- Found rosidl_adapter: 4.6.9 (/home/ylnn/DM_Armx/.pixi/envs/default/share/rosidl_adapter/cmake)
[0.850s] -- Found builtin_interfaces: 2.0.4 (/home/ylnn/DM_Armx/.pixi/envs/default/share/builtin_interfaces/cmake)
[0.859s] -- Found geometry_msgs: 5.3.8 (/home/ylnn/DM_Armx/.pixi/envs/default/share/geometry_msgs/cmake)
[1.471s] -- Found ament_cmake_ros: 0.12.1 (/home/ylnn/DM_Armx/.pixi/envs/default/share/ament_cmake_ros/cmake)
[1.985s] -- Using all available rosidl_typesupport_c: rosidl_typesupport_fastrtps_c;rosidl_typesupport_introspection_c
[2.618s] -- Using all available rosidl_typesupport_cpp: rosidl_typesupport_fastrtps_cpp;rosidl_typesupport_introspection_cpp
[2.621s] -- Found python_cmake_module: 0.11.1 (/home/ylnn/DM_Armx/.pixi/envs/default/share/python_cmake_module/cmake)
[2.722s] -- Found PythonExtra: /home/ylnn/DM_Armx/.pixi/envs/default/bin/python3
[3.059s] -- Found Python3: /home/ylnn/DM_Armx/.pixi/envs/default/bin/python3 (found version "3.12.14") found components: Interpreter Development NumPy Development.Module Development.Embed
[3.155s] -- Found Python3: /home/ylnn/DM_Armx/.pixi/envs/default/bin/python3 (found version "3.12.14") found components: Interpreter
[3.165s] -- Configuring done (3.1s)
[3.217s] -- Generating done (0.1s)
[3.234s] -- Build files have been written to: /home/ylnn/DM_Armx/build/rebotarm_msgs
[3.240s] Invoked command in '/home/ylnn/DM_Armx/build/rebotarm_msgs' returned '0': CMAKE_PREFIX_PATH=${CMAKE_PREFIX_PATH}:/home/ylnn/DM_Armx/.pixi/envs/default DEBUGINFOD_URLS=https://debuginfod.ubuntu.com PIXI_PROMPT=(DM_Armx) /home/ylnn/DM_Armx/.pixi/envs/default/bin/cmake /home/ylnn/DM_Armx/src/rebotarm_msgs -DAMENT_CMAKE_SYMLINK_INSTALL=1 -DCMAKE_INSTALL_PREFIX=/home/ylnn/DM_Armx/install/rebotarm_msgs
[3.241s] Invoking command in '/home/ylnn/DM_Armx/build/rebotarm_msgs': CMAKE_PREFIX_PATH=${CMAKE_PREFIX_PATH}:/home/ylnn/DM_Armx/.pixi/envs/default DEBUGINFOD_URLS=https://debuginfod.ubuntu.com PIXI_PROMPT=(DM_Armx) /home/ylnn/DM_Armx/.pixi/envs/default/bin/cmake --build /home/ylnn/DM_Armx/build/rebotarm_msgs -- -j16 -l16
[3.274s] [  1%] Generating type hashes for ROS interfaces
[3.274s] [  2%] Generating Rust code for ROS interfaces
[3.278s] [  2%] Built target ament_cmake_python_symlink_rebotarm_msgs
[3.396s] running egg_info
[3.401s] creating rebotarm_msgs.egg-info
[3.401s] writing rebotarm_msgs.egg-info/PKG-INFO
[3.401s] writing dependency_links to rebotarm_msgs.egg-info/dependency_links.txt
[3.401s] writing top-level names to rebotarm_msgs.egg-info/top_level.txt
[3.401s] writing manifest file 'rebotarm_msgs.egg-info/SOURCES.txt'
[3.418s] reading manifest file 'rebotarm_msgs.egg-info/SOURCES.txt'
[3.418s] writing manifest file 'rebotarm_msgs.egg-info/SOURCES.txt'
[3.434s] [  2%] Built target ament_cmake_python_build_rebotarm_msgs_egg
[3.434s] [  2%] Built target rebotarm_msgs__rosidl_generator_type_description
[3.440s] [  3%] Generating C code for ROS interfaces
[3.446s] [  3%] Generating C++ code for ROS interfaces
[3.480s] [  3%] Built target rebotarm_msgs__rs
[4.029s] [  3%] Built target rebotarm_msgs__cpp
[4.149s] [  3%] Building C object CMakeFiles/rebotarm_msgs__rosidl_generator_c.dir/rosidl_generator_c/rebotarm_msgs/msg/detail/joint_motor_cmd__description.c.o
[4.150s] [  6%] Building C object CMakeFiles/rebotarm_msgs__rosidl_generator_c.dir/rosidl_generator_c/rebotarm_msgs/msg/detail/joint_mit_cmd__description.c.o
[4.150s] [  6%] Building C object CMakeFiles/rebotarm_msgs__rosidl_generator_c.dir/rosidl_generator_c/rebotarm_msgs/msg/detail/joint_motor_cmd__functions.c.o
[4.150s] [  6%] Building C object CMakeFiles/rebotarm_msgs__rosidl_generator_c.dir/rosidl_generator_c/rebotarm_msgs/msg/detail/joint_motor_cmd__type_support.c.o
[4.150s] [  7%] Building C object CMakeFiles/rebotarm_msgs__rosidl_generator_c.dir/rosidl_generator_c/rebotarm_msgs/msg/detail/joint_pos_vel_cmd__type_support.c.o
[4.150s] [  7%] Building C object CMakeFiles/rebotarm_msgs__rosidl_generator_c.dir/rosidl_generator_c/rebotarm_msgs/msg/detail/joint_pos_vel_cmd__functions.c.o
[4.153s] [  7%] Building C object CMakeFiles/rebotarm_msgs__rosidl_generator_c.dir/rosidl_generator_c/rebotarm_msgs/msg/detail/joint_mit_cmd__functions.c.o
[4.153s] [  8%] Building C object CMakeFiles/rebotarm_msgs__rosidl_generator_c.dir/rosidl_generator_c/rebotarm_msgs/msg/detail/joint_motor_state__type_support.c.o
[4.153s] [  9%] Building C object CMakeFiles/rebotarm_msgs__rosidl_generator_c.dir/rosidl_generator_c/rebotarm_msgs/msg/detail/joint_motor_state__functions.c.o
[4.153s] [ 10%] Building C object CMakeFiles/rebotarm_msgs__rosidl_generator_c.dir/rosidl_generator_c/rebotarm_msgs/msg/detail/joint_pos_vel_cmd__description.c.o
[4.153s] [ 11%] Building C object CMakeFiles/rebotarm_msgs__rosidl_generator_c.dir/rosidl_generator_c/rebotarm_msgs/msg/detail/joint_motor_state__description.c.o
[4.153s] [ 12%] Building C object CMakeFiles/rebotarm_msgs__rosidl_generator_c.dir/rosidl_generator_c/rebotarm_msgs/msg/detail/arm_status__description.c.o
[4.153s] [ 12%] Building C object CMakeFiles/rebotarm_msgs__rosidl_generator_c.dir/rosidl_generator_c/rebotarm_msgs/msg/detail/joint_mit_cmd__type_support.c.o
[4.154s] [ 13%] Building C object CMakeFiles/rebotarm_msgs__rosidl_generator_c.dir/rosidl_generator_c/rebotarm_msgs/msg/detail/arm_status__functions.c.o
[4.155s] [ 14%] Building C object CMakeFiles/rebotarm_msgs__rosidl_generator_c.dir/rosidl_generator_c/rebotarm_msgs/msg/detail/arm_status__type_support.c.o
[4.159s] [ 15%] Building C object CMakeFiles/rebotarm_msgs__rosidl_generator_c.dir/rosidl_generator_c/rebotarm_msgs/srv/detail/set_mode__description.c.o
[4.181s] [ 16%] Building C object CMakeFiles/rebotarm_msgs__rosidl_generator_c.dir/rosidl_generator_c/rebotarm_msgs/srv/detail/set_zero__functions.c.o
[4.186s] [ 16%] Building C object CMakeFiles/rebotarm_msgs__rosidl_generator_c.dir/rosidl_generator_c/rebotarm_msgs/srv/detail/set_zero__type_support.c.o
[4.186s] [ 17%] Building C object CMakeFiles/rebotarm_msgs__rosidl_generator_c.dir/rosidl_generator_c/rebotarm_msgs/srv/detail/set_zero__description.c.o
[4.192s] [ 18%] Building C object CMakeFiles/rebotarm_msgs__rosidl_generator_c.dir/rosidl_generator_c/rebotarm_msgs/srv/detail/move_to_pose_ik__type_support.c.o
[4.193s] [ 19%] Building C object CMakeFiles/rebotarm_msgs__rosidl_generator_c.dir/rosidl_generator_c/rebotarm_msgs/srv/detail/move_to_pose_ik__functions.c.o
[4.193s] [ 20%] Building C object CMakeFiles/rebotarm_msgs__rosidl_generator_c.dir/rosidl_generator_c/rebotarm_msgs/srv/detail/move_to_pose_ik__description.c.o
[4.194s] [ 21%] Building C object CMakeFiles/rebotarm_msgs__rosidl_generator_c.dir/rosidl_generator_c/rebotarm_msgs/srv/detail/set_mode__functions.c.o
[4.195s] [ 21%] Building C object CMakeFiles/rebotarm_msgs__rosidl_generator_c.dir/rosidl_generator_c/rebotarm_msgs/srv/detail/set_mode__type_support.c.o
[4.196s] [ 21%] Building C object CMakeFiles/rebotarm_msgs__rosidl_generator_c.dir/rosidl_generator_c/rebotarm_msgs/srv/detail/set_gripper__description.c.o
[4.211s] [ 22%] Building C object CMakeFiles/rebotarm_msgs__rosidl_generator_c.dir/rosidl_generator_c/rebotarm_msgs/srv/detail/gripper_command__type_support.c.o
[4.214s] [ 23%] Building C object CMakeFiles/rebotarm_msgs__rosidl_generator_c.dir/rosidl_generator_c/rebotarm_msgs/srv/detail/gripper_command__functions.c.o
[4.218s] [ 24%] Building C object CMakeFiles/rebotarm_msgs__rosidl_generator_c.dir/rosidl_generator_c/rebotarm_msgs/action/detail/move_to_pose__functions.c.o
[4.218s] [ 24%] Building C object CMakeFiles/rebotarm_msgs__rosidl_generator_c.dir/rosidl_generator_c/rebotarm_msgs/action/detail/move_to_pose__type_support.c.o
[4.228s] [ 25%] Building C object CMakeFiles/rebotarm_msgs__rosidl_generator_c.dir/rosidl_generator_c/rebotarm_msgs/action/detail/move_to_pose__description.c.o
[4.230s] [ 25%] Building C object CMakeFiles/rebotarm_msgs__rosidl_generator_c.dir/rosidl_generator_c/rebotarm_msgs/srv/detail/gripper_command__description.c.o
[4.231s] [ 26%] Building C object CMakeFiles/rebotarm_msgs__rosidl_generator_c.dir/rosidl_generator_c/rebotarm_msgs/srv/detail/set_gripper__type_support.c.o
[4.238s] [ 27%] Building C object CMakeFiles/rebotarm_msgs__rosidl_generator_c.dir/rosidl_generator_c/rebotarm_msgs/srv/detail/set_gripper__functions.c.o
[4.308s] [ 28%] Linking C shared library librebotarm_msgs__rosidl_generator_c.so
[4.348s] [ 28%] Built target rebotarm_msgs__rosidl_generator_c
[4.355s] [ 31%] Generating C type support dispatch for ROS interfaces
[4.355s] [ 31%] Generating C++ introspection for ROS interfaces
[4.355s] [ 32%] Generating C introspection for ROS interfaces
[4.355s] [ 31%] Generating C type support for eProsima Fast-RTPS
[4.355s] [ 32%] Generating C++ type support for eProsima Fast-RTPS
[4.355s] [ 32%] Generating C++ type support dispatch for ROS interfaces
[4.651s] [ 34%] Building CXX object CMakeFiles/rebotarm_msgs__rosidl_typesupport_c.dir/rosidl_typesupport_c/rebotarm_msgs/msg/joint_pos_vel_cmd__type_support.cpp.o
[4.651s] [ 34%] Building CXX object CMakeFiles/rebotarm_msgs__rosidl_typesupport_c.dir/rosidl_typesupport_c/rebotarm_msgs/msg/joint_motor_state__type_support.cpp.o
[4.651s] [ 34%] Building CXX object CMakeFiles/rebotarm_msgs__rosidl_typesupport_c.dir/rosidl_typesupport_c/rebotarm_msgs/msg/arm_status__type_support.cpp.o
[4.651s] [ 36%] Building CXX object CMakeFiles/rebotarm_msgs__rosidl_typesupport_c.dir/rosidl_typesupport_c/rebotarm_msgs/srv/set_mode__type_support.cpp.o
[4.651s] [ 36%] Building CXX object CMakeFiles/rebotarm_msgs__rosidl_typesupport_c.dir/rosidl_typesupport_c/rebotarm_msgs/srv/set_gripper__type_support.cpp.o
[4.652s] [ 37%] Building CXX object CMakeFiles/rebotarm_msgs__rosidl_typesupport_c.dir/rosidl_typesupport_c/rebotarm_msgs/srv/gripper_command__type_support.cpp.o
[4.653s] [ 38%] Building CXX object CMakeFiles/rebotarm_msgs__rosidl_typesupport_c.dir/rosidl_typesupport_c/rebotarm_msgs/srv/move_to_pose_ik__type_support.cpp.o
[4.654s] [ 39%] Building CXX object CMakeFiles/rebotarm_msgs__rosidl_typesupport_c.dir/rosidl_typesupport_c/rebotarm_msgs/msg/joint_motor_cmd__type_support.cpp.o
[4.656s] [ 34%] Building CXX object CMakeFiles/rebotarm_msgs__rosidl_typesupport_c.dir/rosidl_typesupport_c/rebotarm_msgs/srv/set_zero__type_support.cpp.o
[4.656s] [ 40%] Building CXX object CMakeFiles/rebotarm_msgs__rosidl_typesupport_c.dir/rosidl_typesupport_c/rebotarm_msgs/msg/joint_mit_cmd__type_support.cpp.o
[4.656s] [ 40%] Building CXX object CMakeFiles/rebotarm_msgs__rosidl_typesupport_c.dir/rosidl_typesupport_c/rebotarm_msgs/action/move_to_pose__type_support.cpp.o
[4.700s] [ 41%] Linking CXX shared library librebotarm_msgs__rosidl_typesupport_c.so
[4.731s] [ 41%] Built target rebotarm_msgs__rosidl_typesupport_c
[4.736s] [ 42%] Building CXX object CMakeFiles/rebotarm_msgs__rosidl_typesupport_cpp.dir/rosidl_typesupport_cpp/rebotarm_msgs/msg/joint_mit_cmd__type_support.cpp.o
[4.736s] [ 42%] Building CXX object CMakeFiles/rebotarm_msgs__rosidl_typesupport_cpp.dir/rosidl_typesupport_cpp/rebotarm_msgs/msg/joint_motor_cmd__type_support.cpp.o
[4.736s] [ 44%] Building CXX object CMakeFiles/rebotarm_msgs__rosidl_typesupport_cpp.dir/rosidl_typesupport_cpp/rebotarm_msgs/msg/joint_motor_state__type_support.cpp.o
[4.736s] [ 44%] Building CXX object CMakeFiles/rebotarm_msgs__rosidl_typesupport_cpp.dir/rosidl_typesupport_cpp/rebotarm_msgs/msg/joint_pos_vel_cmd__type_support.cpp.o
[4.736s] [ 44%] Building CXX object CMakeFiles/rebotarm_msgs__rosidl_typesupport_cpp.dir/rosidl_typesupport_cpp/rebotarm_msgs/srv/set_mode__type_support.cpp.o
[4.737s] [ 45%] Building CXX object CMakeFiles/rebotarm_msgs__rosidl_typesupport_cpp.dir/rosidl_typesupport_cpp/rebotarm_msgs/srv/move_to_pose_ik__type_support.cpp.o
[4.737s] [ 48%] Building CXX object CMakeFiles/rebotarm_msgs__rosidl_typesupport_cpp.dir/rosidl_typesupport_cpp/rebotarm_msgs/srv/set_zero__type_support.cpp.o
[4.737s] [ 48%] Building CXX object CMakeFiles/rebotarm_msgs__rosidl_typesupport_cpp.dir/rosidl_typesupport_cpp/rebotarm_msgs/msg/arm_status__type_support.cpp.o
[4.737s] [ 48%] Building CXX object CMakeFiles/rebotarm_msgs__rosidl_typesupport_cpp.dir/rosidl_typesupport_cpp/rebotarm_msgs/srv/gripper_command__type_support.cpp.o
[4.738s] [ 48%] Building CXX object CMakeFiles/rebotarm_msgs__rosidl_typesupport_cpp.dir/rosidl_typesupport_cpp/rebotarm_msgs/srv/set_gripper__type_support.cpp.o
[4.813s] [ 49%] Building CXX object CMakeFiles/rebotarm_msgs__rosidl_typesupport_introspection_cpp.dir/rosidl_typesupport_introspection_cpp/rebotarm_msgs/msg/detail/joint_motor_cmd__type_support.cpp.o
[4.821s] [ 50%] Building CXX object CMakeFiles/rebotarm_msgs__rosidl_typesupport_introspection_cpp.dir/rosidl_typesupport_introspection_cpp/rebotarm_msgs/msg/detail/joint_mit_cmd__type_support.cpp.o
[4.974s] [ 51%] Building CXX object CMakeFiles/rebotarm_msgs__rosidl_typesupport_cpp.dir/rosidl_typesupport_cpp/rebotarm_msgs/action/move_to_pose__type_support.cpp.o
[4.977s] [ 52%] Building CXX object CMakeFiles/rebotarm_msgs__rosidl_typesupport_introspection_cpp.dir/rosidl_typesupport_introspection_cpp/rebotarm_msgs/msg/detail/joint_pos_vel_cmd__type_support.cpp.o
[5.012s] [ 53%] Building C object CMakeFiles/rebotarm_msgs__rosidl_typesupport_introspection_c.dir/rosidl_typesupport_introspection_c/rebotarm_msgs/msg/detail/joint_motor_cmd__type_support.c.o
[5.034s] [ 53%] Building C object CMakeFiles/rebotarm_msgs__rosidl_typesupport_introspection_c.dir/rosidl_typesupport_introspection_c/rebotarm_msgs/msg/detail/joint_mit_cmd__type_support.c.o
[5.034s] [ 54%] Building CXX object CMakeFiles/rebotarm_msgs__rosidl_typesupport_introspection_cpp.dir/rosidl_typesupport_introspection_cpp/rebotarm_msgs/srv/detail/set_zero__type_support.cpp.o
[5.035s] [ 55%] Building CXX object CMakeFiles/rebotarm_msgs__rosidl_typesupport_introspection_cpp.dir/rosidl_typesupport_introspection_cpp/rebotarm_msgs/srv/detail/set_mode__type_support.cpp.o
[5.036s] [ 56%] Building CXX object CMakeFiles/rebotarm_msgs__rosidl_typesupport_introspection_cpp.dir/rosidl_typesupport_introspection_cpp/rebotarm_msgs/msg/detail/arm_status__type_support.cpp.o
[5.052s] [ 57%] Building C object CMakeFiles/rebotarm_msgs__rosidl_typesupport_introspection_c.dir/rosidl_typesupport_introspection_c/rebotarm_msgs/msg/detail/joint_motor_state__type_support.c.o
[5.056s] [ 59%] Building C object CMakeFiles/rebotarm_msgs__rosidl_typesupport_introspection_c.dir/rosidl_typesupport_introspection_c/rebotarm_msgs/msg/detail/arm_status__type_support.c.o
[5.056s] [ 59%] Building C object CMakeFiles/rebotarm_msgs__rosidl_typesupport_introspection_c.dir/rosidl_typesupport_introspection_c/rebotarm_msgs/msg/detail/joint_pos_vel_cmd__type_support.c.o
[5.063s] [ 59%] Building C object CMakeFiles/rebotarm_msgs__rosidl_typesupport_introspection_c.dir/rosidl_typesupport_introspection_c/rebotarm_msgs/srv/detail/set_mode__type_support.c.o
[5.078s] [ 60%] Building CXX object CMakeFiles/rebotarm_msgs__rosidl_typesupport_introspection_cpp.dir/rosidl_typesupport_introspection_cpp/rebotarm_msgs/action/detail/move_to_pose__type_support.cpp.o
[5.079s] [ 61%] Building C object CMakeFiles/rebotarm_msgs__rosidl_typesupport_introspection_c.dir/rosidl_typesupport_introspection_c/rebotarm_msgs/srv/detail/set_zero__type_support.c.o
[5.091s] [ 62%] Building C object CMakeFiles/rebotarm_msgs__rosidl_typesupport_introspection_c.dir/rosidl_typesupport_introspection_c/rebotarm_msgs/srv/detail/move_to_pose_ik__type_support.c.o
[5.095s] [ 63%] Building CXX object CMakeFiles/rebotarm_msgs__rosidl_typesupport_fastrtps_cpp.dir/rosidl_typesupport_fastrtps_cpp/rebotarm_msgs/msg/detail/dds_fastrtps/joint_motor_cmd__type_support.cpp.o
[5.104s] [ 63%] Building C object CMakeFiles/rebotarm_msgs__rosidl_typesupport_introspection_c.dir/rosidl_typesupport_introspection_c/rebotarm_msgs/srv/detail/set_gripper__type_support.c.o
[5.110s] [ 64%] Building C object CMakeFiles/rebotarm_msgs__rosidl_typesupport_introspection_c.dir/rosidl_typesupport_introspection_c/rebotarm_msgs/srv/detail/gripper_command__type_support.c.o
[5.124s] [ 65%] Building C object CMakeFiles/rebotarm_msgs__rosidl_typesupport_introspection_c.dir/rosidl_typesupport_introspection_c/rebotarm_msgs/action/detail/move_to_pose__type_support.c.o
[5.143s] [ 66%] Building CXX object CMakeFiles/rebotarm_msgs__rosidl_typesupport_fastrtps_cpp.dir/rosidl_typesupport_fastrtps_cpp/rebotarm_msgs/msg/detail/dds_fastrtps/joint_pos_vel_cmd__type_support.cpp.o
[5.143s] [ 66%] Building CXX object CMakeFiles/rebotarm_msgs__rosidl_typesupport_fastrtps_cpp.dir/rosidl_typesupport_fastrtps_cpp/rebotarm_msgs/msg/detail/dds_fastrtps/joint_mit_cmd__type_support.cpp.o
[5.153s] [ 67%] Building CXX object CMakeFiles/rebotarm_msgs__rosidl_typesupport_fastrtps_cpp.dir/rosidl_typesupport_fastrtps_cpp/rebotarm_msgs/msg/detail/dds_fastrtps/joint_motor_state__type_support.cpp.o
[5.155s] [ 69%] Building CXX object CMakeFiles/rebotarm_msgs__rosidl_typesupport_introspection_cpp.dir/rosidl_typesupport_introspection_cpp/rebotarm_msgs/srv/detail/move_to_pose_ik__type_support.cpp.o
[5.155s] [ 69%] Building CXX object CMakeFiles/rebotarm_msgs__rosidl_typesupport_introspection_cpp.dir/rosidl_typesupport_introspection_cpp/rebotarm_msgs/srv/detail/set_gripper__type_support.cpp.o
[5.155s] [ 69%] Building CXX object CMakeFiles/rebotarm_msgs__rosidl_typesupport_introspection_cpp.dir/rosidl_typesupport_introspection_cpp/rebotarm_msgs/srv/detail/gripper_command__type_support.cpp.o
[5.177s] [ 69%] Building CXX object CMakeFiles/rebotarm_msgs__rosidl_typesupport_fastrtps_c.dir/rosidl_typesupport_fastrtps_c/rebotarm_msgs/msg/detail/joint_motor_cmd__type_support_c.cpp.o
[5.180s] [ 70%] Linking C shared library librebotarm_msgs__rosidl_typesupport_introspection_c.so
[5.210s] [ 70%] Built target rebotarm_msgs__rosidl_typesupport_introspection_c
[5.290s] [ 71%] Building CXX object CMakeFiles/rebotarm_msgs__rosidl_typesupport_introspection_cpp.dir/rosidl_typesupport_introspection_cpp/rebotarm_msgs/msg/detail/joint_motor_state__type_support.cpp.o
[5.290s] [ 72%] Building CXX object CMakeFiles/rebotarm_msgs__rosidl_typesupport_fastrtps_c.dir/rosidl_typesupport_fastrtps_c/rebotarm_msgs/msg/detail/joint_pos_vel_cmd__type_support_c.cpp.o
[5.290s] [ 72%] Building CXX object CMakeFiles/rebotarm_msgs__rosidl_typesupport_fastrtps_c.dir/rosidl_typesupport_fastrtps_c/rebotarm_msgs/msg/detail/joint_mit_cmd__type_support_c.cpp.o
[5.295s] [ 73%] Building CXX object CMakeFiles/rebotarm_msgs__rosidl_typesupport_fastrtps_c.dir/rosidl_typesupport_fastrtps_c/rebotarm_msgs/msg/detail/joint_motor_state__type_support_c.cpp.o
[5.381s] [ 74%] Linking CXX shared library librebotarm_msgs__rosidl_typesupport_cpp.so
[5.415s] [ 74%] Building CXX object CMakeFiles/rebotarm_msgs__rosidl_typesupport_fastrtps_c.dir/rosidl_typesupport_fastrtps_c/rebotarm_msgs/msg/detail/arm_status__type_support_c.cpp.o
[5.424s] [ 75%] Building CXX object CMakeFiles/rebotarm_msgs__rosidl_typesupport_fastrtps_c.dir/rosidl_typesupport_fastrtps_c/rebotarm_msgs/srv/detail/set_mode__type_support_c.cpp.o
[5.426s] [ 76%] Building CXX object CMakeFiles/rebotarm_msgs__rosidl_typesupport_fastrtps_cpp.dir/rosidl_typesupport_fastrtps_cpp/rebotarm_msgs/srv/detail/dds_fastrtps/set_mode__type_support.cpp.o
[5.437s] [ 77%] Building CXX object CMakeFiles/rebotarm_msgs__rosidl_typesupport_fastrtps_cpp.dir/rosidl_typesupport_fastrtps_cpp/rebotarm_msgs/msg/detail/dds_fastrtps/arm_status__type_support.cpp.o
[5.467s] [ 77%] Built target rebotarm_msgs__rosidl_typesupport_cpp
[5.476s] [ 77%] Building CXX object CMakeFiles/rebotarm_msgs__rosidl_typesupport_fastrtps_c.dir/rosidl_typesupport_fastrtps_c/rebotarm_msgs/srv/detail/move_to_pose_ik__type_support_c.cpp.o
[5.476s] [ 78%] Building CXX object CMakeFiles/rebotarm_msgs__rosidl_typesupport_fastrtps_c.dir/rosidl_typesupport_fastrtps_c/rebotarm_msgs/srv/detail/set_gripper__type_support_c.cpp.o
[5.479s] [ 79%] Building CXX object CMakeFiles/rebotarm_msgs__rosidl_typesupport_fastrtps_c.dir/rosidl_typesupport_fastrtps_c/rebotarm_msgs/srv/detail/set_zero__type_support_c.cpp.o
[5.494s] [ 81%] Building CXX object CMakeFiles/rebotarm_msgs__rosidl_typesupport_fastrtps_cpp.dir/rosidl_typesupport_fastrtps_cpp/rebotarm_msgs/srv/detail/dds_fastrtps/move_to_pose_ik__type_support.cpp.o
[5.494s] [ 81%] Building CXX object CMakeFiles/rebotarm_msgs__rosidl_typesupport_fastrtps_c.dir/rosidl_typesupport_fastrtps_c/rebotarm_msgs/srv/detail/gripper_command__type_support_c.cpp.o
[5.502s] [ 82%] Building CXX object CMakeFiles/rebotarm_msgs__rosidl_typesupport_fastrtps_cpp.dir/rosidl_typesupport_fastrtps_cpp/rebotarm_msgs/srv/detail/dds_fastrtps/set_gripper__type_support.cpp.o
[5.533s] [ 83%] Building CXX object CMakeFiles/rebotarm_msgs__rosidl_typesupport_fastrtps_c.dir/rosidl_typesupport_fastrtps_c/rebotarm_msgs/action/detail/move_to_pose__type_support_c.cpp.o
[5.536s] [ 83%] Building CXX object CMakeFiles/rebotarm_msgs__rosidl_typesupport_fastrtps_cpp.dir/rosidl_typesupport_fastrtps_cpp/rebotarm_msgs/srv/detail/dds_fastrtps/set_zero__type_support.cpp.o
[5.606s] [ 83%] Linking CXX shared library librebotarm_msgs__rosidl_typesupport_introspection_cpp.so
[5.629s] [ 83%] Building CXX object CMakeFiles/rebotarm_msgs__rosidl_typesupport_fastrtps_cpp.dir/rosidl_typesupport_fastrtps_cpp/rebotarm_msgs/action/detail/dds_fastrtps/move_to_pose__type_support.cpp.o
[5.630s] [ 84%] Building CXX object CMakeFiles/rebotarm_msgs__rosidl_typesupport_fastrtps_cpp.dir/rosidl_typesupport_fastrtps_cpp/rebotarm_msgs/srv/detail/dds_fastrtps/gripper_command__type_support.cpp.o
[5.719s] [ 84%] Built target rebotarm_msgs__rosidl_typesupport_introspection_cpp
[5.958s] [ 84%] Linking CXX shared library librebotarm_msgs__rosidl_typesupport_fastrtps_c.so
[6.016s] [ 84%] Built target rebotarm_msgs__rosidl_typesupport_fastrtps_c
[6.226s] [ 85%] Linking CXX shared library librebotarm_msgs__rosidl_typesupport_fastrtps_cpp.so
[6.294s] [ 85%] Built target rebotarm_msgs__rosidl_typesupport_fastrtps_cpp
[6.317s] [ 85%] Built target rebotarm_msgs
[6.330s] [ 86%] Generating Python code for ROS interfaces
[7.378s] [ 86%] Built target rebotarm_msgs__py
[7.391s] [ 87%] Building C object CMakeFiles/rebotarm_msgs__rosidl_generator_py.dir/rosidl_generator_py/rebotarm_msgs/msg/_joint_motor_state_s.c.o
[7.392s] [ 88%] Building C object CMakeFiles/rebotarm_msgs__rosidl_generator_py.dir/rosidl_generator_py/rebotarm_msgs/msg/_joint_mit_cmd_s.c.o
[7.392s] [ 88%] Building C object CMakeFiles/rebotarm_msgs__rosidl_generator_py.dir/rosidl_generator_py/rebotarm_msgs/msg/_joint_motor_cmd_s.c.o
[7.392s] [ 90%] Building C object CMakeFiles/rebotarm_msgs__rosidl_generator_py.dir/rosidl_generator_py/rebotarm_msgs/msg/_joint_pos_vel_cmd_s.c.o
[7.393s] [ 90%] Building C object CMakeFiles/rebotarm_msgs__rosidl_generator_py.dir/rosidl_generator_py/rebotarm_msgs/srv/_move_to_pose_ik_s.c.o
[7.393s] [ 91%] Building C object CMakeFiles/rebotarm_msgs__rosidl_generator_py.dir/rosidl_generator_py/rebotarm_msgs/msg/_arm_status_s.c.o
[7.394s] [ 92%] Building C object CMakeFiles/rebotarm_msgs__rosidl_generator_py.dir/rosidl_generator_py/rebotarm_msgs/srv/_set_mode_s.c.o
[7.394s] [ 92%] Building C object CMakeFiles/rebotarm_msgs__rosidl_generator_py.dir/rosidl_generator_py/rebotarm_msgs/srv/_set_zero_s.c.o
[7.394s] [ 93%] Building C object CMakeFiles/rebotarm_msgs__rosidl_generator_py.dir/rosidl_generator_py/rebotarm_msgs/srv/_set_gripper_s.c.o
[7.397s] [ 93%] Building C object CMakeFiles/rebotarm_msgs__rosidl_generator_py.dir/rosidl_generator_py/rebotarm_msgs/srv/_gripper_command_s.c.o
[7.398s] [ 94%] Building C object CMakeFiles/rebotarm_msgs__rosidl_generator_py.dir/rosidl_generator_py/rebotarm_msgs/action/_move_to_pose_s.c.o
[7.569s] [ 95%] Linking C shared library librebotarm_msgs__rosidl_generator_py.so
[7.607s] [ 95%] Built target rebotarm_msgs__rosidl_generator_py
[7.620s] [ 96%] Building C object CMakeFiles/rebotarm_msgs_s__rosidl_typesupport_fastrtps_c.dir/rosidl_generator_py/rebotarm_msgs/_rebotarm_msgs_s.ep.rosidl_typesupport_fastrtps_c.c.o
[7.620s] [ 96%] Building C object CMakeFiles/rebotarm_msgs_s__rosidl_typesupport_c.dir/rosidl_generator_py/rebotarm_msgs/_rebotarm_msgs_s.ep.rosidl_typesupport_c.c.o
[7.620s] [ 97%] Building C object CMakeFiles/rebotarm_msgs_s__rosidl_typesupport_introspection_c.dir/rosidl_generator_py/rebotarm_msgs/_rebotarm_msgs_s.ep.rosidl_typesupport_introspection_c.c.o
[7.728s] [ 98%] Linking C shared module rosidl_generator_py/rebotarm_msgs/rebotarm_msgs_s__rosidl_typesupport_introspection_c.so
[7.734s] [ 99%] Linking C shared module rosidl_generator_py/rebotarm_msgs/rebotarm_msgs_s__rosidl_typesupport_fastrtps_c.so
[7.734s] [100%] Linking C shared module rosidl_generator_py/rebotarm_msgs/rebotarm_msgs_s__rosidl_typesupport_c.so
[7.752s] [100%] Built target rebotarm_msgs_s__rosidl_typesupport_introspection_c
[7.764s] [100%] Built target rebotarm_msgs_s__rosidl_typesupport_c
[7.768s] [100%] Built target rebotarm_msgs_s__rosidl_typesupport_fastrtps_c
[7.787s] Invoked command in '/home/ylnn/DM_Armx/build/rebotarm_msgs' returned '0': CMAKE_PREFIX_PATH=${CMAKE_PREFIX_PATH}:/home/ylnn/DM_Armx/.pixi/envs/default DEBUGINFOD_URLS=https://debuginfod.ubuntu.com PIXI_PROMPT=(DM_Armx) /home/ylnn/DM_Armx/.pixi/envs/default/bin/cmake --build /home/ylnn/DM_Armx/build/rebotarm_msgs -- -j16 -l16
[7.796s] Invoking command in '/home/ylnn/DM_Armx/build/rebotarm_msgs': CMAKE_PREFIX_PATH=${CMAKE_PREFIX_PATH}:/home/ylnn/DM_Armx/.pixi/envs/default DEBUGINFOD_URLS=https://debuginfod.ubuntu.com PIXI_PROMPT=(DM_Armx) /home/ylnn/DM_Armx/.pixi/envs/default/bin/cmake --install /home/ylnn/DM_Armx/build/rebotarm_msgs
[7.805s] -- Install configuration: ""
[7.805s] -- Execute custom install script
[7.806s] -- Symlinking: /home/ylnn/DM_Armx/install/rebotarm_msgs/share/ament_index/resource_index/rosidl_interfaces/rebotarm_msgs
[7.813s] -- Symlinking: /home/ylnn/DM_Armx/install/rebotarm_msgs/share/rebotarm_msgs/msg/JointMotorCmd.json
[7.818s] -- Symlinking: /home/ylnn/DM_Armx/install/rebotarm_msgs/share/rebotarm_msgs/msg/JointMitCmd.json
[7.823s] -- Symlinking: /home/ylnn/DM_Armx/install/rebotarm_msgs/share/rebotarm_msgs/msg/JointPosVelCmd.json
[7.827s] -- Symlinking: /home/ylnn/DM_Armx/install/rebotarm_msgs/share/rebotarm_msgs/msg/JointMotorState.json
[7.831s] -- Symlinking: /home/ylnn/DM_Armx/install/rebotarm_msgs/share/rebotarm_msgs/msg/ArmStatus.json
[7.835s] -- Symlinking: /home/ylnn/DM_Armx/install/rebotarm_msgs/share/rebotarm_msgs/srv/SetMode.json
[7.840s] -- Symlinking: /home/ylnn/DM_Armx/install/rebotarm_msgs/share/rebotarm_msgs/srv/SetZero.json
[7.844s] -- Symlinking: /home/ylnn/DM_Armx/install/rebotarm_msgs/share/rebotarm_msgs/srv/MoveToPoseIK.json
[7.848s] -- Symlinking: /home/ylnn/DM_Armx/install/rebotarm_msgs/share/rebotarm_msgs/srv/SetGripper.json
[7.852s] -- Symlinking: /home/ylnn/DM_Armx/install/rebotarm_msgs/share/rebotarm_msgs/srv/GripperCommand.json
[7.856s] -- Symlinking: /home/ylnn/DM_Armx/install/rebotarm_msgs/share/rebotarm_msgs/action/MoveToPose.json
[7.861s] -- Symlinking: /home/ylnn/DM_Armx/install/rebotarm_msgs/include/rebotarm_msgs/rebotarm_msgs/action/detail/move_to_pose__functions.h
[7.865s] -- Symlinking: /home/ylnn/DM_Armx/install/rebotarm_msgs/include/rebotarm_msgs/rebotarm_msgs/action/detail/move_to_pose__struct.h
[7.869s] -- Symlinking: /home/ylnn/DM_Armx/install/rebotarm_msgs/include/rebotarm_msgs/rebotarm_msgs/action/detail/move_to_pose__type_support.h
[7.873s] -- Symlinking: /home/ylnn/DM_Armx/install/rebotarm_msgs/include/rebotarm_msgs/rebotarm_msgs/action/move_to_pose.h
[7.877s] -- Symlinking: /home/ylnn/DM_Armx/install/rebotarm_msgs/include/rebotarm_msgs/rebotarm_msgs/msg/arm_status.h
[7.882s] -- Symlinking: /home/ylnn/DM_Armx/install/rebotarm_msgs/include/rebotarm_msgs/rebotarm_msgs/msg/detail/arm_status__functions.h
[7.885s] -- Symlinking: /home/ylnn/DM_Armx/install/rebotarm_msgs/include/rebotarm_msgs/rebotarm_msgs/msg/detail/arm_status__struct.h
[7.890s] -- Symlinking: /home/ylnn/DM_Armx/install/rebotarm_msgs/include/rebotarm_msgs/rebotarm_msgs/msg/detail/arm_status__type_support.h
[7.894s] -- Symlinking: /home/ylnn/DM_Armx/install/rebotarm_msgs/include/rebotarm_msgs/rebotarm_msgs/msg/detail/joint_mit_cmd__functions.h
[7.898s] -- Symlinking: /home/ylnn/DM_Armx/install/rebotarm_msgs/include/rebotarm_msgs/rebotarm_msgs/msg/detail/joint_mit_cmd__struct.h
[7.902s] -- Symlinking: /home/ylnn/DM_Armx/install/rebotarm_msgs/include/rebotarm_msgs/rebotarm_msgs/msg/detail/joint_mit_cmd__type_support.h
[7.906s] -- Symlinking: /home/ylnn/DM_Armx/install/rebotarm_msgs/include/rebotarm_msgs/rebotarm_msgs/msg/detail/joint_motor_cmd__functions.h
[7.911s] -- Symlinking: /home/ylnn/DM_Armx/install/rebotarm_msgs/include/rebotarm_msgs/rebotarm_msgs/msg/detail/joint_motor_cmd__struct.h
[7.915s] -- Symlinking: /home/ylnn/DM_Armx/install/rebotarm_msgs/include/rebotarm_msgs/rebotarm_msgs/msg/detail/joint_motor_cmd__type_support.h
[7.919s] -- Symlinking: /home/ylnn/DM_Armx/install/rebotarm_msgs/include/rebotarm_msgs/rebotarm_msgs/msg/detail/joint_motor_state__functions.h
[7.923s] -- Symlinking: /home/ylnn/DM_Armx/install/rebotarm_msgs/include/rebotarm_msgs/rebotarm_msgs/msg/detail/joint_motor_state__struct.h
[7.927s] -- Symlinking: /home/ylnn/DM_Armx/install/rebotarm_msgs/include/rebotarm_msgs/rebotarm_msgs/msg/detail/joint_motor_state__type_support.h
[7.932s] -- Symlinking: /home/ylnn/DM_Armx/install/rebotarm_msgs/include/rebotarm_msgs/rebotarm_msgs/msg/detail/joint_pos_vel_cmd__functions.h
[7.936s] -- Symlinking: /home/ylnn/DM_Armx/install/rebotarm_msgs/include/rebotarm_msgs/rebotarm_msgs/msg/detail/joint_pos_vel_cmd__struct.h
[7.940s] -- Symlinking: /home/ylnn/DM_Armx/install/rebotarm_msgs/include/rebotarm_msgs/rebotarm_msgs/msg/detail/joint_pos_vel_cmd__type_support.h
[7.945s] -- Symlinking: /home/ylnn/DM_Armx/install/rebotarm_msgs/include/rebotarm_msgs/rebotarm_msgs/msg/joint_mit_cmd.h
[7.949s] -- Symlinking: /home/ylnn/DM_Armx/install/rebotarm_msgs/include/rebotarm_msgs/rebotarm_msgs/msg/joint_motor_cmd.h
[7.953s] -- Symlinking: /home/ylnn/DM_Armx/install/rebotarm_msgs/include/rebotarm_msgs/rebotarm_msgs/msg/joint_motor_state.h
[7.958s] -- Symlinking: /home/ylnn/DM_Armx/install/rebotarm_msgs/include/rebotarm_msgs/rebotarm_msgs/msg/joint_pos_vel_cmd.h
[7.962s] -- Symlinking: /home/ylnn/DM_Armx/install/rebotarm_msgs/include/rebotarm_msgs/rebotarm_msgs/msg/rosidl_generator_c__visibility_control.h
[7.966s] -- Symlinking: /home/ylnn/DM_Armx/install/rebotarm_msgs/include/rebotarm_msgs/rebotarm_msgs/srv/detail/gripper_command__functions.h
[7.970s] -- Symlinking: /home/ylnn/DM_Armx/install/rebotarm_msgs/include/rebotarm_msgs/rebotarm_msgs/srv/detail/gripper_command__struct.h
[7.975s] -- Symlinking: /home/ylnn/DM_Armx/install/rebotarm_msgs/include/rebotarm_msgs/rebotarm_msgs/srv/detail/gripper_command__type_support.h
[7.979s] -- Symlinking: /home/ylnn/DM_Armx/install/rebotarm_msgs/include/rebotarm_msgs/rebotarm_msgs/srv/detail/move_to_pose_ik__functions.h
[7.983s] -- Symlinking: /home/ylnn/DM_Armx/install/rebotarm_msgs/include/rebotarm_msgs/rebotarm_msgs/srv/detail/move_to_pose_ik__struct.h
[7.987s] -- Symlinking: /home/ylnn/DM_Armx/install/rebotarm_msgs/include/rebotarm_msgs/rebotarm_msgs/srv/detail/move_to_pose_ik__type_support.h
[7.992s] -- Symlinking: /home/ylnn/DM_Armx/install/rebotarm_msgs/include/rebotarm_msgs/rebotarm_msgs/srv/detail/set_gripper__functions.h
[7.996s] -- Symlinking: /home/ylnn/DM_Armx/install/rebotarm_msgs/include/rebotarm_msgs/rebotarm_msgs/srv/detail/set_gripper__struct.h
[8.002s] -- Symlinking: /home/ylnn/DM_Armx/install/rebotarm_msgs/include/rebotarm_msgs/rebotarm_msgs/srv/detail/set_gripper__type_support.h
[8.010s] -- Symlinking: /home/ylnn/DM_Armx/install/rebotarm_msgs/include/rebotarm_msgs/rebotarm_msgs/srv/detail/set_mode__functions.h
[8.020s] -- Symlinking: /home/ylnn/DM_Armx/install/rebotarm_msgs/include/rebotarm_msgs/rebotarm_msgs/srv/detail/set_mode__struct.h
[8.025s] -- Symlinking: /home/ylnn/DM_Armx/install/rebotarm_msgs/include/rebotarm_msgs/rebotarm_msgs/srv/detail/set_mode__type_support.h
[8.030s] -- Symlinking: /home/ylnn/DM_Armx/install/rebotarm_msgs/include/rebotarm_msgs/rebotarm_msgs/srv/detail/set_zero__functions.h
[8.036s] -- Symlinking: /home/ylnn/DM_Armx/install/rebotarm_msgs/include/rebotarm_msgs/rebotarm_msgs/srv/detail/set_zero__struct.h
[8.042s] -- Symlinking: /home/ylnn/DM_Armx/install/rebotarm_msgs/include/rebotarm_msgs/rebotarm_msgs/srv/detail/set_zero__type_support.h
[8.047s] -- Symlinking: /home/ylnn/DM_Armx/install/rebotarm_msgs/include/rebotarm_msgs/rebotarm_msgs/srv/gripper_command.h
[8.052s] -- Symlinking: /home/ylnn/DM_Armx/install/rebotarm_msgs/include/rebotarm_msgs/rebotarm_msgs/srv/move_to_pose_ik.h
[8.058s] -- Symlinking: /home/ylnn/DM_Armx/install/rebotarm_msgs/include/rebotarm_msgs/rebotarm_msgs/srv/set_gripper.h
[8.065s] -- Symlinking: /home/ylnn/DM_Armx/install/rebotarm_msgs/include/rebotarm_msgs/rebotarm_msgs/srv/set_mode.h
[8.071s] -- Symlinking: /home/ylnn/DM_Armx/install/rebotarm_msgs/include/rebotarm_msgs/rebotarm_msgs/srv/set_zero.h
[8.076s] -- Symlinking: /home/ylnn/DM_Armx/install/rebotarm_msgs/include/rebotarm_msgs/rebotarm_msgs/action/detail/move_to_pose__rosidl_typesupport_fastrtps_c.h
[8.081s] -- Symlinking: /home/ylnn/DM_Armx/install/rebotarm_msgs/include/rebotarm_msgs/rebotarm_msgs/msg/detail/arm_status__rosidl_typesupport_fastrtps_c.h
[8.085s] -- Symlinking: /home/ylnn/DM_Armx/install/rebotarm_msgs/include/rebotarm_msgs/rebotarm_msgs/msg/detail/joint_mit_cmd__rosidl_typesupport_fastrtps_c.h
[8.089s] -- Symlinking: /home/ylnn/DM_Armx/install/rebotarm_msgs/include/rebotarm_msgs/rebotarm_msgs/msg/detail/joint_motor_cmd__rosidl_typesupport_fastrtps_c.h
[8.094s] -- Symlinking: /home/ylnn/DM_Armx/install/rebotarm_msgs/include/rebotarm_msgs/rebotarm_msgs/msg/detail/joint_motor_state__rosidl_typesupport_fastrtps_c.h
[8.098s] -- Symlinking: /home/ylnn/DM_Armx/install/rebotarm_msgs/include/rebotarm_msgs/rebotarm_msgs/msg/detail/joint_pos_vel_cmd__rosidl_typesupport_fastrtps_c.h
[8.103s] -- Symlinking: /home/ylnn/DM_Armx/install/rebotarm_msgs/include/rebotarm_msgs/rebotarm_msgs/msg/rosidl_typesupport_fastrtps_c__visibility_control.h
[8.107s] -- Symlinking: /home/ylnn/DM_Armx/install/rebotarm_msgs/include/rebotarm_msgs/rebotarm_msgs/srv/detail/gripper_command__rosidl_typesupport_fastrtps_c.h
[8.112s] -- Symlinking: /home/ylnn/DM_Armx/install/rebotarm_msgs/include/rebotarm_msgs/rebotarm_msgs/srv/detail/move_to_pose_ik__rosidl_typesupport_fastrtps_c.h
[8.116s] -- Symlinking: /home/ylnn/DM_Armx/install/rebotarm_msgs/include/rebotarm_msgs/rebotarm_msgs/srv/detail/set_gripper__rosidl_typesupport_fastrtps_c.h
[8.121s] -- Symlinking: /home/ylnn/DM_Armx/install/rebotarm_msgs/include/rebotarm_msgs/rebotarm_msgs/srv/detail/set_mode__rosidl_typesupport_fastrtps_c.h
[8.126s] -- Symlinking: /home/ylnn/DM_Armx/install/rebotarm_msgs/include/rebotarm_msgs/rebotarm_msgs/srv/detail/set_zero__rosidl_typesupport_fastrtps_c.h
[8.131s] -- Symlinking: /home/ylnn/DM_Armx/install/rebotarm_msgs/include/rebotarm_msgs/rebotarm_msgs/action/detail/move_to_pose__rosidl_typesupport_introspection_c.h
[8.135s] -- Symlinking: /home/ylnn/DM_Armx/install/rebotarm_msgs/include/rebotarm_msgs/rebotarm_msgs/msg/detail/arm_status__rosidl_typesupport_introspection_c.h
[8.139s] -- Symlinking: /home/ylnn/DM_Armx/install/rebotarm_msgs/include/rebotarm_msgs/rebotarm_msgs/msg/detail/joint_mit_cmd__rosidl_typesupport_introspection_c.h
[8.143s] -- Symlinking: /home/ylnn/DM_Armx/install/rebotarm_msgs/include/rebotarm_msgs/rebotarm_msgs/msg/detail/joint_motor_cmd__rosidl_typesupport_introspection_c.h
[8.147s] -- Symlinking: /home/ylnn/DM_Armx/install/rebotarm_msgs/include/rebotarm_msgs/rebotarm_msgs/msg/detail/joint_motor_state__rosidl_typesupport_introspection_c.h
[8.152s] -- Symlinking: /home/ylnn/DM_Armx/install/rebotarm_msgs/include/rebotarm_msgs/rebotarm_msgs/msg/detail/joint_pos_vel_cmd__rosidl_typesupport_introspection_c.h
[8.156s] -- Symlinking: /home/ylnn/DM_Armx/install/rebotarm_msgs/include/rebotarm_msgs/rebotarm_msgs/msg/rosidl_typesupport_introspection_c__visibility_control.h
[8.160s] -- Symlinking: /home/ylnn/DM_Armx/install/rebotarm_msgs/include/rebotarm_msgs/rebotarm_msgs/srv/detail/gripper_command__rosidl_typesupport_introspection_c.h
[8.164s] -- Symlinking: /home/ylnn/DM_Armx/install/rebotarm_msgs/include/rebotarm_msgs/rebotarm_msgs/srv/detail/move_to_pose_ik__rosidl_typesupport_introspection_c.h
[8.169s] -- Symlinking: /home/ylnn/DM_Armx/install/rebotarm_msgs/include/rebotarm_msgs/rebotarm_msgs/srv/detail/set_gripper__rosidl_typesupport_introspection_c.h
[8.174s] -- Symlinking: /home/ylnn/DM_Armx/install/rebotarm_msgs/include/rebotarm_msgs/rebotarm_msgs/srv/detail/set_mode__rosidl_typesupport_introspection_c.h
[8.179s] -- Symlinking: /home/ylnn/DM_Armx/install/rebotarm_msgs/include/rebotarm_msgs/rebotarm_msgs/srv/detail/set_zero__rosidl_typesupport_introspection_c.h
[8.183s] -- Symlinking: /home/ylnn/DM_Armx/install/rebotarm_msgs/include/rebotarm_msgs/rebotarm_msgs/action/detail/move_to_pose__builder.hpp
[8.188s] -- Symlinking: /home/ylnn/DM_Armx/install/rebotarm_msgs/include/rebotarm_msgs/rebotarm_msgs/action/detail/move_to_pose__struct.hpp
[8.192s] -- Symlinking: /home/ylnn/DM_Armx/install/rebotarm_msgs/include/rebotarm_msgs/rebotarm_msgs/action/detail/move_to_pose__traits.hpp
[8.197s] -- Symlinking: /home/ylnn/DM_Armx/install/rebotarm_msgs/include/rebotarm_msgs/rebotarm_msgs/action/detail/move_to_pose__type_support.hpp
[8.201s] -- Symlinking: /home/ylnn/DM_Armx/install/rebotarm_msgs/include/rebotarm_msgs/rebotarm_msgs/action/move_to_pose.hpp
[8.205s] -- Symlinking: /home/ylnn/DM_Armx/install/rebotarm_msgs/include/rebotarm_msgs/rebotarm_msgs/msg/arm_status.hpp
[8.210s] -- Symlinking: /home/ylnn/DM_Armx/install/rebotarm_msgs/include/rebotarm_msgs/rebotarm_msgs/msg/detail/arm_status__builder.hpp
[8.214s] -- Symlinking: /home/ylnn/DM_Armx/install/rebotarm_msgs/include/rebotarm_msgs/rebotarm_msgs/msg/detail/arm_status__struct.hpp
[8.219s] -- Symlinking: /home/ylnn/DM_Armx/install/rebotarm_msgs/include/rebotarm_msgs/rebotarm_msgs/msg/detail/arm_status__traits.hpp
[8.223s] -- Symlinking: /home/ylnn/DM_Armx/install/rebotarm_msgs/include/rebotarm_msgs/rebotarm_msgs/msg/detail/arm_status__type_support.hpp
[8.227s] -- Symlinking: /home/ylnn/DM_Armx/install/rebotarm_msgs/include/rebotarm_msgs/rebotarm_msgs/msg/detail/joint_mit_cmd__builder.hpp
[8.231s] -- Symlinking: /home/ylnn/DM_Armx/install/rebotarm_msgs/include/rebotarm_msgs/rebotarm_msgs/msg/detail/joint_mit_cmd__struct.hpp
[8.235s] -- Symlinking: /home/ylnn/DM_Armx/install/rebotarm_msgs/include/rebotarm_msgs/rebotarm_msgs/msg/detail/joint_mit_cmd__traits.hpp
[8.240s] -- Symlinking: /home/ylnn/DM_Armx/install/rebotarm_msgs/include/rebotarm_msgs/rebotarm_msgs/msg/detail/joint_mit_cmd__type_support.hpp
[8.244s] -- Symlinking: /home/ylnn/DM_Armx/install/rebotarm_msgs/include/rebotarm_msgs/rebotarm_msgs/msg/detail/joint_motor_cmd__builder.hpp
[8.248s] -- Symlinking: /home/ylnn/DM_Armx/install/rebotarm_msgs/include/rebotarm_msgs/rebotarm_msgs/msg/detail/joint_motor_cmd__struct.hpp
[8.253s] -- Symlinking: /home/ylnn/DM_Armx/install/rebotarm_msgs/include/rebotarm_msgs/rebotarm_msgs/msg/detail/joint_motor_cmd__traits.hpp
[8.257s] -- Symlinking: /home/ylnn/DM_Armx/install/rebotarm_msgs/include/rebotarm_msgs/rebotarm_msgs/msg/detail/joint_motor_cmd__type_support.hpp
[8.261s] -- Symlinking: /home/ylnn/DM_Armx/install/rebotarm_msgs/include/rebotarm_msgs/rebotarm_msgs/msg/detail/joint_motor_state__builder.hpp
[8.266s] -- Symlinking: /home/ylnn/DM_Armx/install/rebotarm_msgs/include/rebotarm_msgs/rebotarm_msgs/msg/detail/joint_motor_state__struct.hpp
[8.270s] -- Symlinking: /home/ylnn/DM_Armx/install/rebotarm_msgs/include/rebotarm_msgs/rebotarm_msgs/msg/detail/joint_motor_state__traits.hpp
[8.274s] -- Symlinking: /home/ylnn/DM_Armx/install/rebotarm_msgs/include/rebotarm_msgs/rebotarm_msgs/msg/detail/joint_motor_state__type_support.hpp
[8.278s] -- Symlinking: /home/ylnn/DM_Armx/install/rebotarm_msgs/include/rebotarm_msgs/rebotarm_msgs/msg/detail/joint_pos_vel_cmd__builder.hpp
[8.283s] -- Symlinking: /home/ylnn/DM_Armx/install/rebotarm_msgs/include/rebotarm_msgs/rebotarm_msgs/msg/detail/joint_pos_vel_cmd__struct.hpp
[8.287s] -- Symlinking: /home/ylnn/DM_Armx/install/rebotarm_msgs/include/rebotarm_msgs/rebotarm_msgs/msg/detail/joint_pos_vel_cmd__traits.hpp
[8.292s] -- Symlinking: /home/ylnn/DM_Armx/install/rebotarm_msgs/include/rebotarm_msgs/rebotarm_msgs/msg/detail/joint_pos_vel_cmd__type_support.hpp
[8.296s] -- Symlinking: /home/ylnn/DM_Armx/install/rebotarm_msgs/include/rebotarm_msgs/rebotarm_msgs/msg/joint_mit_cmd.hpp
[8.301s] -- Symlinking: /home/ylnn/DM_Armx/install/rebotarm_msgs/include/rebotarm_msgs/rebotarm_msgs/msg/joint_motor_cmd.hpp
[8.305s] -- Symlinking: /home/ylnn/DM_Armx/install/rebotarm_msgs/include/rebotarm_msgs/rebotarm_msgs/msg/joint_motor_state.hpp
[8.310s] -- Symlinking: /home/ylnn/DM_Armx/install/rebotarm_msgs/include/rebotarm_msgs/rebotarm_msgs/msg/joint_pos_vel_cmd.hpp
[8.316s] -- Symlinking: /home/ylnn/DM_Armx/install/rebotarm_msgs/include/rebotarm_msgs/rebotarm_msgs/msg/rosidl_generator_cpp__visibility_control.hpp
[8.320s] -- Symlinking: /home/ylnn/DM_Armx/install/rebotarm_msgs/include/rebotarm_msgs/rebotarm_msgs/srv/detail/gripper_command__builder.hpp
[8.325s] -- Symlinking: /home/ylnn/DM_Armx/install/rebotarm_msgs/include/rebotarm_msgs/rebotarm_msgs/srv/detail/gripper_command__struct.hpp
[8.331s] -- Symlinking: /home/ylnn/DM_Armx/install/rebotarm_msgs/include/rebotarm_msgs/rebotarm_msgs/srv/detail/gripper_command__traits.hpp
[8.336s] -- Symlinking: /home/ylnn/DM_Armx/install/rebotarm_msgs/include/rebotarm_msgs/rebotarm_msgs/srv/detail/gripper_command__type_support.hpp
[8.341s] -- Symlinking: /home/ylnn/DM_Armx/install/rebotarm_msgs/include/rebotarm_msgs/rebotarm_msgs/srv/detail/move_to_pose_ik__builder.hpp
[8.345s] -- Symlinking: /home/ylnn/DM_Armx/install/rebotarm_msgs/include/rebotarm_msgs/rebotarm_msgs/srv/detail/move_to_pose_ik__struct.hpp
[8.349s] -- Symlinking: /home/ylnn/DM_Armx/install/rebotarm_msgs/include/rebotarm_msgs/rebotarm_msgs/srv/detail/move_to_pose_ik__traits.hpp
[8.353s] -- Symlinking: /home/ylnn/DM_Armx/install/rebotarm_msgs/include/rebotarm_msgs/rebotarm_msgs/srv/detail/move_to_pose_ik__type_support.hpp
[8.358s] -- Symlinking: /home/ylnn/DM_Armx/install/rebotarm_msgs/include/rebotarm_msgs/rebotarm_msgs/srv/detail/set_gripper__builder.hpp
[8.362s] -- Symlinking: /home/ylnn/DM_Armx/install/rebotarm_msgs/include/rebotarm_msgs/rebotarm_msgs/srv/detail/set_gripper__struct.hpp
[8.366s] -- Symlinking: /home/ylnn/DM_Armx/install/rebotarm_msgs/include/rebotarm_msgs/rebotarm_msgs/srv/detail/set_gripper__traits.hpp
[8.371s] -- Symlinking: /home/ylnn/DM_Armx/install/rebotarm_msgs/include/rebotarm_msgs/rebotarm_msgs/srv/detail/set_gripper__type_support.hpp
[8.375s] -- Symlinking: /home/ylnn/DM_Armx/install/rebotarm_msgs/include/rebotarm_msgs/rebotarm_msgs/srv/detail/set_mode__builder.hpp
[8.379s] -- Symlinking: /home/ylnn/DM_Armx/install/rebotarm_msgs/include/rebotarm_msgs/rebotarm_msgs/srv/detail/set_mode__struct.hpp
[8.384s] -- Symlinking: /home/ylnn/DM_Armx/install/rebotarm_msgs/include/rebotarm_msgs/rebotarm_msgs/srv/detail/set_mode__traits.hpp
[8.388s] -- Symlinking: /home/ylnn/DM_Armx/install/rebotarm_msgs/include/rebotarm_msgs/rebotarm_msgs/srv/detail/set_mode__type_support.hpp
[8.392s] -- Symlinking: /home/ylnn/DM_Armx/install/rebotarm_msgs/include/rebotarm_msgs/rebotarm_msgs/srv/detail/set_zero__builder.hpp
[8.397s] -- Symlinking: /home/ylnn/DM_Armx/install/rebotarm_msgs/include/rebotarm_msgs/rebotarm_msgs/srv/detail/set_zero__struct.hpp
[8.401s] -- Symlinking: /home/ylnn/DM_Armx/install/rebotarm_msgs/include/rebotarm_msgs/rebotarm_msgs/srv/detail/set_zero__traits.hpp
[8.406s] -- Symlinking: /home/ylnn/DM_Armx/install/rebotarm_msgs/include/rebotarm_msgs/rebotarm_msgs/srv/detail/set_zero__type_support.hpp
[8.410s] -- Symlinking: /home/ylnn/DM_Armx/install/rebotarm_msgs/include/rebotarm_msgs/rebotarm_msgs/srv/gripper_command.hpp
[8.415s] -- Symlinking: /home/ylnn/DM_Armx/install/rebotarm_msgs/include/rebotarm_msgs/rebotarm_msgs/srv/move_to_pose_ik.hpp
[8.419s] -- Symlinking: /home/ylnn/DM_Armx/install/rebotarm_msgs/include/rebotarm_msgs/rebotarm_msgs/srv/set_gripper.hpp
[8.423s] -- Symlinking: /home/ylnn/DM_Armx/install/rebotarm_msgs/include/rebotarm_msgs/rebotarm_msgs/srv/set_mode.hpp
[8.427s] -- Symlinking: /home/ylnn/DM_Armx/install/rebotarm_msgs/include/rebotarm_msgs/rebotarm_msgs/srv/set_zero.hpp
[8.432s] -- Symlinking: /home/ylnn/DM_Armx/install/rebotarm_msgs/include/rebotarm_msgs/rebotarm_msgs/action/detail/move_to_pose__rosidl_typesupport_fastrtps_cpp.hpp
[8.436s] -- Symlinking: /home/ylnn/DM_Armx/install/rebotarm_msgs/include/rebotarm_msgs/rebotarm_msgs/msg/detail/arm_status__rosidl_typesupport_fastrtps_cpp.hpp
[8.441s] -- Symlinking: /home/ylnn/DM_Armx/install/rebotarm_msgs/include/rebotarm_msgs/rebotarm_msgs/msg/detail/joint_mit_cmd__rosidl_typesupport_fastrtps_cpp.hpp
[8.445s] -- Symlinking: /home/ylnn/DM_Armx/install/rebotarm_msgs/include/rebotarm_msgs/rebotarm_msgs/msg/detail/joint_motor_cmd__rosidl_typesupport_fastrtps_cpp.hpp
[8.450s] -- Symlinking: /home/ylnn/DM_Armx/install/rebotarm_msgs/include/rebotarm_msgs/rebotarm_msgs/msg/detail/joint_motor_state__rosidl_typesupport_fastrtps_cpp.hpp
[8.455s] -- Symlinking: /home/ylnn/DM_Armx/install/rebotarm_msgs/include/rebotarm_msgs/rebotarm_msgs/msg/detail/joint_pos_vel_cmd__rosidl_typesupport_fastrtps_cpp.hpp
[8.459s] -- Symlinking: /home/ylnn/DM_Armx/install/rebotarm_msgs/include/rebotarm_msgs/rebotarm_msgs/msg/rosidl_typesupport_fastrtps_cpp__visibility_control.h
[8.464s] -- Symlinking: /home/ylnn/DM_Armx/install/rebotarm_msgs/include/rebotarm_msgs/rebotarm_msgs/srv/detail/gripper_command__rosidl_typesupport_fastrtps_cpp.hpp
[8.468s] -- Symlinking: /home/ylnn/DM_Armx/install/rebotarm_msgs/include/rebotarm_msgs/rebotarm_msgs/srv/detail/move_to_pose_ik__rosidl_typesupport_fastrtps_cpp.hpp
[8.473s] -- Symlinking: /home/ylnn/DM_Armx/install/rebotarm_msgs/include/rebotarm_msgs/rebotarm_msgs/srv/detail/set_gripper__rosidl_typesupport_fastrtps_cpp.hpp
[8.477s] -- Symlinking: /home/ylnn/DM_Armx/install/rebotarm_msgs/include/rebotarm_msgs/rebotarm_msgs/srv/detail/set_mode__rosidl_typesupport_fastrtps_cpp.hpp
[8.482s] -- Symlinking: /home/ylnn/DM_Armx/install/rebotarm_msgs/include/rebotarm_msgs/rebotarm_msgs/srv/detail/set_zero__rosidl_typesupport_fastrtps_cpp.hpp
[8.486s] -- Symlinking: /home/ylnn/DM_Armx/install/rebotarm_msgs/include/rebotarm_msgs/rebotarm_msgs/action/detail/move_to_pose__rosidl_typesupport_introspection_cpp.hpp
[8.491s] -- Symlinking: /home/ylnn/DM_Armx/install/rebotarm_msgs/include/rebotarm_msgs/rebotarm_msgs/msg/detail/arm_status__rosidl_typesupport_introspection_cpp.hpp
[8.495s] -- Symlinking: /home/ylnn/DM_Armx/install/rebotarm_msgs/include/rebotarm_msgs/rebotarm_msgs/msg/detail/joint_mit_cmd__rosidl_typesupport_introspection_cpp.hpp
[8.500s] -- Symlinking: /home/ylnn/DM_Armx/install/rebotarm_msgs/include/rebotarm_msgs/rebotarm_msgs/msg/detail/joint_motor_cmd__rosidl_typesupport_introspection_cpp.hpp
[8.505s] -- Symlinking: /home/ylnn/DM_Armx/install/rebotarm_msgs/include/rebotarm_msgs/rebotarm_msgs/msg/detail/joint_motor_state__rosidl_typesupport_introspection_cpp.hpp
[8.509s] -- Symlinking: /home/ylnn/DM_Armx/install/rebotarm_msgs/include/rebotarm_msgs/rebotarm_msgs/msg/detail/joint_pos_vel_cmd__rosidl_typesupport_introspection_cpp.hpp
[8.514s] -- Symlinking: /home/ylnn/DM_Armx/install/rebotarm_msgs/include/rebotarm_msgs/rebotarm_msgs/srv/detail/gripper_command__rosidl_typesupport_introspection_cpp.hpp
[8.520s] -- Symlinking: /home/ylnn/DM_Armx/install/rebotarm_msgs/include/rebotarm_msgs/rebotarm_msgs/srv/detail/move_to_pose_ik__rosidl_typesupport_introspection_cpp.hpp
[8.526s] -- Symlinking: /home/ylnn/DM_Armx/install/rebotarm_msgs/include/rebotarm_msgs/rebotarm_msgs/srv/detail/set_gripper__rosidl_typesupport_introspection_cpp.hpp
[8.531s] -- Symlinking: /home/ylnn/DM_Armx/install/rebotarm_msgs/include/rebotarm_msgs/rebotarm_msgs/srv/detail/set_mode__rosidl_typesupport_introspection_cpp.hpp
[8.535s] -- Symlinking: /home/ylnn/DM_Armx/install/rebotarm_msgs/include/rebotarm_msgs/rebotarm_msgs/srv/detail/set_zero__rosidl_typesupport_introspection_cpp.hpp
[8.540s] -- Symlinking: /home/ylnn/DM_Armx/install/rebotarm_msgs/share/rebotarm_msgs/environment/pythonpath.sh
[8.545s] -- Symlinking: /home/ylnn/DM_Armx/install/rebotarm_msgs/share/rebotarm_msgs/environment/pythonpath.dsv
[8.549s] -- Symlinking: /home/ylnn/DM_Armx/install/rebotarm_msgs/lib/python3.12/site-packages/rebotarm_msgs-0.1.0-py3.12.egg-info/PKG-INFO
[8.553s] -- Symlinking: /home/ylnn/DM_Armx/install/rebotarm_msgs/lib/python3.12/site-packages/rebotarm_msgs-0.1.0-py3.12.egg-info/SOURCES.txt
[8.557s] -- Symlinking: /home/ylnn/DM_Armx/install/rebotarm_msgs/lib/python3.12/site-packages/rebotarm_msgs-0.1.0-py3.12.egg-info/dependency_links.txt
[8.561s] -- Symlinking: /home/ylnn/DM_Armx/install/rebotarm_msgs/lib/python3.12/site-packages/rebotarm_msgs-0.1.0-py3.12.egg-info/top_level.txt
[8.566s] -- Symlinking: /home/ylnn/DM_Armx/install/rebotarm_msgs/lib/python3.12/site-packages/rebotarm_msgs/__init__.py
[8.570s] -- Symlinking: /home/ylnn/DM_Armx/install/rebotarm_msgs/lib/python3.12/site-packages/rebotarm_msgs/_rebotarm_msgs_s.ep.rosidl_typesupport_c.c
[8.575s] -- Symlinking: /home/ylnn/DM_Armx/install/rebotarm_msgs/lib/python3.12/site-packages/rebotarm_msgs/_rebotarm_msgs_s.ep.rosidl_typesupport_fastrtps_c.c
[8.579s] -- Symlinking: /home/ylnn/DM_Armx/install/rebotarm_msgs/lib/python3.12/site-packages/rebotarm_msgs/_rebotarm_msgs_s.ep.rosidl_typesupport_introspection_c.c
[8.583s] -- Symlinking: /home/ylnn/DM_Armx/install/rebotarm_msgs/lib/python3.12/site-packages/rebotarm_msgs/action/__init__.py
[8.587s] -- Symlinking: /home/ylnn/DM_Armx/install/rebotarm_msgs/lib/python3.12/site-packages/rebotarm_msgs/action/_move_to_pose.py
[8.591s] -- Symlinking: /home/ylnn/DM_Armx/install/rebotarm_msgs/lib/python3.12/site-packages/rebotarm_msgs/action/_move_to_pose_s.c
[8.595s] -- Symlinking: /home/ylnn/DM_Armx/install/rebotarm_msgs/lib/python3.12/site-packages/rebotarm_msgs/msg/__init__.py
[8.600s] -- Symlinking: /home/ylnn/DM_Armx/install/rebotarm_msgs/lib/python3.12/site-packages/rebotarm_msgs/msg/_arm_status.py
[8.604s] -- Symlinking: /home/ylnn/DM_Armx/install/rebotarm_msgs/lib/python3.12/site-packages/rebotarm_msgs/msg/_arm_status_s.c
[8.608s] -- Symlinking: /home/ylnn/DM_Armx/install/rebotarm_msgs/lib/python3.12/site-packages/rebotarm_msgs/msg/_joint_mit_cmd.py
[8.612s] -- Symlinking: /home/ylnn/DM_Armx/install/rebotarm_msgs/lib/python3.12/site-packages/rebotarm_msgs/msg/_joint_mit_cmd_s.c
[8.616s] -- Symlinking: /home/ylnn/DM_Armx/install/rebotarm_msgs/lib/python3.12/site-packages/rebotarm_msgs/msg/_joint_motor_cmd.py
[8.620s] -- Symlinking: /home/ylnn/DM_Armx/install/rebotarm_msgs/lib/python3.12/site-packages/rebotarm_msgs/msg/_joint_motor_cmd_s.c
[8.625s] -- Symlinking: /home/ylnn/DM_Armx/install/rebotarm_msgs/lib/python3.12/site-packages/rebotarm_msgs/msg/_joint_motor_state.py
[8.629s] -- Symlinking: /home/ylnn/DM_Armx/install/rebotarm_msgs/lib/python3.12/site-packages/rebotarm_msgs/msg/_joint_motor_state_s.c
[8.633s] -- Symlinking: /home/ylnn/DM_Armx/install/rebotarm_msgs/lib/python3.12/site-packages/rebotarm_msgs/msg/_joint_pos_vel_cmd.py
[8.637s] -- Symlinking: /home/ylnn/DM_Armx/install/rebotarm_msgs/lib/python3.12/site-packages/rebotarm_msgs/msg/_joint_pos_vel_cmd_s.c
[8.641s] -- Symlinking: /home/ylnn/DM_Armx/install/rebotarm_msgs/lib/python3.12/site-packages/rebotarm_msgs/rebotarm_msgs_s__rosidl_typesupport_c.so
[8.645s] -- Symlinking: /home/ylnn/DM_Armx/install/rebotarm_msgs/lib/python3.12/site-packages/rebotarm_msgs/rebotarm_msgs_s__rosidl_typesupport_fastrtps_c.so
[8.649s] -- Symlinking: /home/ylnn/DM_Armx/install/rebotarm_msgs/lib/python3.12/site-packages/rebotarm_msgs/rebotarm_msgs_s__rosidl_typesupport_introspection_c.so
[8.654s] -- Symlinking: /home/ylnn/DM_Armx/install/rebotarm_msgs/lib/python3.12/site-packages/rebotarm_msgs/srv/__init__.py
[8.658s] -- Symlinking: /home/ylnn/DM_Armx/install/rebotarm_msgs/lib/python3.12/site-packages/rebotarm_msgs/srv/_gripper_command.py
[8.662s] -- Symlinking: /home/ylnn/DM_Armx/install/rebotarm_msgs/lib/python3.12/site-packages/rebotarm_msgs/srv/_gripper_command_s.c
[8.666s] -- Symlinking: /home/ylnn/DM_Armx/install/rebotarm_msgs/lib/python3.12/site-packages/rebotarm_msgs/srv/_move_to_pose_ik.py
[8.670s] -- Symlinking: /home/ylnn/DM_Armx/install/rebotarm_msgs/lib/python3.12/site-packages/rebotarm_msgs/srv/_move_to_pose_ik_s.c
[8.674s] -- Symlinking: /home/ylnn/DM_Armx/install/rebotarm_msgs/lib/python3.12/site-packages/rebotarm_msgs/srv/_set_gripper.py
[8.678s] -- Symlinking: /home/ylnn/DM_Armx/install/rebotarm_msgs/lib/python3.12/site-packages/rebotarm_msgs/srv/_set_gripper_s.c
[8.683s] -- Symlinking: /home/ylnn/DM_Armx/install/rebotarm_msgs/lib/python3.12/site-packages/rebotarm_msgs/srv/_set_mode.py
[8.687s] -- Symlinking: /home/ylnn/DM_Armx/install/rebotarm_msgs/lib/python3.12/site-packages/rebotarm_msgs/srv/_set_mode_s.c
[8.691s] -- Symlinking: /home/ylnn/DM_Armx/install/rebotarm_msgs/lib/python3.12/site-packages/rebotarm_msgs/srv/_set_zero.py
[8.695s] -- Symlinking: /home/ylnn/DM_Armx/install/rebotarm_msgs/lib/python3.12/site-packages/rebotarm_msgs/srv/_set_zero_s.c
[8.699s] -- Up-to-date symlink: /home/ylnn/DM_Armx/install/rebotarm_msgs/lib/python3.12/site-packages/rebotarm_msgs/rebotarm_msgs_s__rosidl_typesupport_fastrtps_c.so
[8.699s] -- Up-to-date symlink: /home/ylnn/DM_Armx/install/rebotarm_msgs/lib/python3.12/site-packages/rebotarm_msgs/rebotarm_msgs_s__rosidl_typesupport_introspection_c.so
[8.699s] -- Up-to-date symlink: /home/ylnn/DM_Armx/install/rebotarm_msgs/lib/python3.12/site-packages/rebotarm_msgs/rebotarm_msgs_s__rosidl_typesupport_c.so
[8.700s] -- Symlinking: /home/ylnn/DM_Armx/install/rebotarm_msgs/share/rebotarm_msgs/rust/Cargo.toml
[8.704s] -- Symlinking: /home/ylnn/DM_Armx/install/rebotarm_msgs/share/rebotarm_msgs/rust/build.rs
[8.708s] -- Symlinking: /home/ylnn/DM_Armx/install/rebotarm_msgs/share/rebotarm_msgs/rust/src/action.rs
[8.712s] -- Symlinking: /home/ylnn/DM_Armx/install/rebotarm_msgs/share/rebotarm_msgs/rust/src/action/rmw.rs
[8.717s] -- Symlinking: /home/ylnn/DM_Armx/install/rebotarm_msgs/share/rebotarm_msgs/rust/src/lib.rs
[8.721s] -- Symlinking: /home/ylnn/DM_Armx/install/rebotarm_msgs/share/rebotarm_msgs/rust/src/msg.rs
[8.725s] -- Symlinking: /home/ylnn/DM_Armx/install/rebotarm_msgs/share/rebotarm_msgs/rust/src/msg/rmw.rs
[8.729s] -- Symlinking: /home/ylnn/DM_Armx/install/rebotarm_msgs/share/rebotarm_msgs/rust/src/srv.rs
[8.734s] -- Symlinking: /home/ylnn/DM_Armx/install/rebotarm_msgs/share/rebotarm_msgs/rust/src/srv/rmw.rs
[8.738s] -- Symlinking: /home/ylnn/DM_Armx/install/rebotarm_msgs/share/rebotarm_msgs/msg/JointMotorCmd.idl
[8.742s] -- Symlinking: /home/ylnn/DM_Armx/install/rebotarm_msgs/share/rebotarm_msgs/msg/JointMitCmd.idl
[8.747s] -- Symlinking: /home/ylnn/DM_Armx/install/rebotarm_msgs/share/rebotarm_msgs/msg/JointPosVelCmd.idl
[8.751s] -- Symlinking: /home/ylnn/DM_Armx/install/rebotarm_msgs/share/rebotarm_msgs/msg/JointMotorState.idl
[8.756s] -- Symlinking: /home/ylnn/DM_Armx/install/rebotarm_msgs/share/rebotarm_msgs/msg/ArmStatus.idl
[8.761s] -- Symlinking: /home/ylnn/DM_Armx/install/rebotarm_msgs/share/rebotarm_msgs/srv/SetMode.idl
[8.766s] -- Symlinking: /home/ylnn/DM_Armx/install/rebotarm_msgs/share/rebotarm_msgs/srv/SetZero.idl
[8.773s] -- Symlinking: /home/ylnn/DM_Armx/install/rebotarm_msgs/share/rebotarm_msgs/srv/MoveToPoseIK.idl
[8.777s] -- Symlinking: /home/ylnn/DM_Armx/install/rebotarm_msgs/share/rebotarm_msgs/srv/SetGripper.idl
[8.783s] -- Symlinking: /home/ylnn/DM_Armx/install/rebotarm_msgs/share/rebotarm_msgs/srv/GripperCommand.idl
[8.789s] -- Symlinking: /home/ylnn/DM_Armx/install/rebotarm_msgs/share/rebotarm_msgs/action/MoveToPose.idl
[8.795s] -- Symlinking: /home/ylnn/DM_Armx/install/rebotarm_msgs/share/rebotarm_msgs/msg/JointMotorCmd.msg
[8.801s] -- Symlinking: /home/ylnn/DM_Armx/install/rebotarm_msgs/share/rebotarm_msgs/msg/JointMitCmd.msg
[8.805s] -- Symlinking: /home/ylnn/DM_Armx/install/rebotarm_msgs/share/rebotarm_msgs/msg/JointPosVelCmd.msg
[8.810s] -- Symlinking: /home/ylnn/DM_Armx/install/rebotarm_msgs/share/rebotarm_msgs/msg/JointMotorState.msg
[8.814s] -- Symlinking: /home/ylnn/DM_Armx/install/rebotarm_msgs/share/rebotarm_msgs/msg/ArmStatus.msg
[8.819s] -- Symlinking: /home/ylnn/DM_Armx/install/rebotarm_msgs/share/rebotarm_msgs/srv/SetMode.srv
[8.823s] -- Symlinking: /home/ylnn/DM_Armx/install/rebotarm_msgs/share/rebotarm_msgs/srv/SetZero.srv
[8.828s] -- Symlinking: /home/ylnn/DM_Armx/install/rebotarm_msgs/share/rebotarm_msgs/srv/MoveToPoseIK.srv
[8.832s] -- Symlinking: /home/ylnn/DM_Armx/install/rebotarm_msgs/share/rebotarm_msgs/srv/SetGripper.srv
[8.836s] -- Symlinking: /home/ylnn/DM_Armx/install/rebotarm_msgs/share/rebotarm_msgs/srv/GripperCommand.srv
[8.840s] -- Symlinking: /home/ylnn/DM_Armx/install/rebotarm_msgs/share/rebotarm_msgs/action/MoveToPose.action
[8.845s] -- Symlinking: /home/ylnn/DM_Armx/install/rebotarm_msgs/share/ament_index/resource_index/package_run_dependencies/rebotarm_msgs
[8.850s] -- Symlinking: /home/ylnn/DM_Armx/install/rebotarm_msgs/share/ament_index/resource_index/parent_prefix_path/rebotarm_msgs
[8.854s] -- Symlinking: /home/ylnn/DM_Armx/install/rebotarm_msgs/share/rebotarm_msgs/environment/ament_prefix_path.sh
[8.859s] -- Symlinking: /home/ylnn/DM_Armx/install/rebotarm_msgs/share/rebotarm_msgs/environment/ament_prefix_path.dsv
[8.864s] -- Symlinking: /home/ylnn/DM_Armx/install/rebotarm_msgs/share/rebotarm_msgs/environment/path.sh
[8.868s] -- Symlinking: /home/ylnn/DM_Armx/install/rebotarm_msgs/share/rebotarm_msgs/environment/path.dsv
[8.873s] -- Symlinking: /home/ylnn/DM_Armx/install/rebotarm_msgs/share/rebotarm_msgs/local_setup.bash
[8.878s] -- Symlinking: /home/ylnn/DM_Armx/install/rebotarm_msgs/share/rebotarm_msgs/local_setup.sh
[8.882s] -- Symlinking: /home/ylnn/DM_Armx/install/rebotarm_msgs/share/rebotarm_msgs/local_setup.zsh
[8.887s] -- Symlinking: /home/ylnn/DM_Armx/install/rebotarm_msgs/share/rebotarm_msgs/local_setup.dsv
[8.892s] -- Symlinking: /home/ylnn/DM_Armx/install/rebotarm_msgs/share/rebotarm_msgs/package.dsv
[8.898s] -- Symlinking: /home/ylnn/DM_Armx/install/rebotarm_msgs/share/ament_index/resource_index/packages/rebotarm_msgs
[8.902s] -- Symlinking: /home/ylnn/DM_Armx/install/rebotarm_msgs/share/rebotarm_msgs/cmake/rosidl_cmake-extras.cmake
[8.907s] -- Symlinking: /home/ylnn/DM_Armx/install/rebotarm_msgs/share/rebotarm_msgs/cmake/ament_cmake_export_dependencies-extras.cmake
[8.912s] -- Symlinking: /home/ylnn/DM_Armx/install/rebotarm_msgs/share/rebotarm_msgs/cmake/ament_cmake_export_include_directories-extras.cmake
[8.917s] -- Symlinking: /home/ylnn/DM_Armx/install/rebotarm_msgs/share/rebotarm_msgs/cmake/ament_cmake_export_libraries-extras.cmake
[8.921s] -- Symlinking: /home/ylnn/DM_Armx/install/rebotarm_msgs/share/rebotarm_msgs/cmake/ament_cmake_export_targets-extras.cmake
[8.926s] -- Symlinking: /home/ylnn/DM_Armx/install/rebotarm_msgs/share/rebotarm_msgs/cmake/rosidl_cmake_export_typesupport_targets-extras.cmake
[8.931s] -- Symlinking: /home/ylnn/DM_Armx/install/rebotarm_msgs/share/rebotarm_msgs/cmake/rosidl_cmake_export_typesupport_libraries-extras.cmake
[8.935s] -- Symlinking: /home/ylnn/DM_Armx/install/rebotarm_msgs/share/rebotarm_msgs/cmake/rosidl_cmake_aggregate_target-extras.cmake
[8.940s] -- Symlinking: /home/ylnn/DM_Armx/install/rebotarm_msgs/share/rebotarm_msgs/cmake/rebotarm_msgsConfig.cmake
[8.945s] -- Symlinking: /home/ylnn/DM_Armx/install/rebotarm_msgs/share/rebotarm_msgs/cmake/rebotarm_msgsConfig-version.cmake
[8.950s] -- Symlinking: /home/ylnn/DM_Armx/install/rebotarm_msgs/share/rebotarm_msgs/package.xml
[8.955s] -- Installing: /home/ylnn/DM_Armx/install/rebotarm_msgs/lib/librebotarm_msgs__rosidl_generator_c.so
[8.955s] -- Set non-toolchain portion of runtime path of "/home/ylnn/DM_Armx/install/rebotarm_msgs/lib/librebotarm_msgs__rosidl_generator_c.so" to ""
[8.955s] -- Installing: /home/ylnn/DM_Armx/install/rebotarm_msgs/lib/librebotarm_msgs__rosidl_typesupport_fastrtps_c.so
[8.956s] -- Set non-toolchain portion of runtime path of "/home/ylnn/DM_Armx/install/rebotarm_msgs/lib/librebotarm_msgs__rosidl_typesupport_fastrtps_c.so" to ""
[8.956s] -- Installing: /home/ylnn/DM_Armx/install/rebotarm_msgs/lib/librebotarm_msgs__rosidl_typesupport_introspection_c.so
[8.956s] -- Set non-toolchain portion of runtime path of "/home/ylnn/DM_Armx/install/rebotarm_msgs/lib/librebotarm_msgs__rosidl_typesupport_introspection_c.so" to ""
[8.956s] -- Installing: /home/ylnn/DM_Armx/install/rebotarm_msgs/lib/librebotarm_msgs__rosidl_typesupport_c.so
[8.956s] -- Set non-toolchain portion of runtime path of "/home/ylnn/DM_Armx/install/rebotarm_msgs/lib/librebotarm_msgs__rosidl_typesupport_c.so" to ""
[8.956s] -- Installing: /home/ylnn/DM_Armx/install/rebotarm_msgs/lib/librebotarm_msgs__rosidl_typesupport_fastrtps_cpp.so
[8.957s] -- Set non-toolchain portion of runtime path of "/home/ylnn/DM_Armx/install/rebotarm_msgs/lib/librebotarm_msgs__rosidl_typesupport_fastrtps_cpp.so" to ""
[8.957s] -- Installing: /home/ylnn/DM_Armx/install/rebotarm_msgs/lib/librebotarm_msgs__rosidl_typesupport_introspection_cpp.so
[8.958s] -- Set non-toolchain portion of runtime path of "/home/ylnn/DM_Armx/install/rebotarm_msgs/lib/librebotarm_msgs__rosidl_typesupport_introspection_cpp.so" to ""
[8.958s] -- Installing: /home/ylnn/DM_Armx/install/rebotarm_msgs/lib/librebotarm_msgs__rosidl_typesupport_cpp.so
[8.959s] -- Set non-toolchain portion of runtime path of "/home/ylnn/DM_Armx/install/rebotarm_msgs/lib/librebotarm_msgs__rosidl_typesupport_cpp.so" to ""
[9.010s] Listing '/home/ylnn/DM_Armx/install/rebotarm_msgs/lib/python3.12/site-packages/rebotarm_msgs'...
[9.010s] Compiling '/home/ylnn/DM_Armx/install/rebotarm_msgs/lib/python3.12/site-packages/rebotarm_msgs/__init__.py'...
[9.010s] Listing '/home/ylnn/DM_Armx/install/rebotarm_msgs/lib/python3.12/site-packages/rebotarm_msgs/action'...
[9.010s] Compiling '/home/ylnn/DM_Armx/install/rebotarm_msgs/lib/python3.12/site-packages/rebotarm_msgs/action/__init__.py'...
[9.010s] Compiling '/home/ylnn/DM_Armx/install/rebotarm_msgs/lib/python3.12/site-packages/rebotarm_msgs/action/_move_to_pose.py'...
[9.010s] Listing '/home/ylnn/DM_Armx/install/rebotarm_msgs/lib/python3.12/site-packages/rebotarm_msgs/msg'...
[9.010s] Compiling '/home/ylnn/DM_Armx/install/rebotarm_msgs/lib/python3.12/site-packages/rebotarm_msgs/msg/__init__.py'...
[9.010s] Compiling '/home/ylnn/DM_Armx/install/rebotarm_msgs/lib/python3.12/site-packages/rebotarm_msgs/msg/_arm_status.py'...
[9.010s] Compiling '/home/ylnn/DM_Armx/install/rebotarm_msgs/lib/python3.12/site-packages/rebotarm_msgs/msg/_joint_mit_cmd.py'...
[9.010s] Compiling '/home/ylnn/DM_Armx/install/rebotarm_msgs/lib/python3.12/site-packages/rebotarm_msgs/msg/_joint_motor_cmd.py'...
[9.010s] Compiling '/home/ylnn/DM_Armx/install/rebotarm_msgs/lib/python3.12/site-packages/rebotarm_msgs/msg/_joint_motor_state.py'...
[9.010s] Compiling '/home/ylnn/DM_Armx/install/rebotarm_msgs/lib/python3.12/site-packages/rebotarm_msgs/msg/_joint_pos_vel_cmd.py'...
[9.010s] Listing '/home/ylnn/DM_Armx/install/rebotarm_msgs/lib/python3.12/site-packages/rebotarm_msgs/srv'...
[9.010s] Compiling '/home/ylnn/DM_Armx/install/rebotarm_msgs/lib/python3.12/site-packages/rebotarm_msgs/srv/__init__.py'...
[9.010s] Compiling '/home/ylnn/DM_Armx/install/rebotarm_msgs/lib/python3.12/site-packages/rebotarm_msgs/srv/_gripper_command.py'...
[9.010s] Compiling '/home/ylnn/DM_Armx/install/rebotarm_msgs/lib/python3.12/site-packages/rebotarm_msgs/srv/_move_to_pose_ik.py'...
[9.010s] Compiling '/home/ylnn/DM_Armx/install/rebotarm_msgs/lib/python3.12/site-packages/rebotarm_msgs/srv/_set_gripper.py'...
[9.010s] Compiling '/home/ylnn/DM_Armx/install/rebotarm_msgs/lib/python3.12/site-packages/rebotarm_msgs/srv/_set_mode.py'...
[9.010s] Compiling '/home/ylnn/DM_Armx/install/rebotarm_msgs/lib/python3.12/site-packages/rebotarm_msgs/srv/_set_zero.py'...
[9.013s] -- Installing: /home/ylnn/DM_Armx/install/rebotarm_msgs/lib/librebotarm_msgs__rosidl_generator_py.so
[9.013s] -- Set non-toolchain portion of runtime path of "/home/ylnn/DM_Armx/install/rebotarm_msgs/lib/librebotarm_msgs__rosidl_generator_py.so" to ""
[9.013s] -- Installing: /home/ylnn/DM_Armx/install/rebotarm_msgs/share/rebotarm_msgs/cmake/export_rebotarm_msgs__rosidl_generator_cExport.cmake
[9.013s] -- Installing: /home/ylnn/DM_Armx/install/rebotarm_msgs/share/rebotarm_msgs/cmake/export_rebotarm_msgs__rosidl_generator_cExport-noconfig.cmake
[9.013s] -- Installing: /home/ylnn/DM_Armx/install/rebotarm_msgs/share/rebotarm_msgs/cmake/export_rebotarm_msgs__rosidl_typesupport_fastrtps_cExport.cmake
[9.014s] -- Installing: /home/ylnn/DM_Armx/install/rebotarm_msgs/share/rebotarm_msgs/cmake/export_rebotarm_msgs__rosidl_typesupport_fastrtps_cExport-noconfig.cmake
[9.014s] -- Installing: /home/ylnn/DM_Armx/install/rebotarm_msgs/share/rebotarm_msgs/cmake/rebotarm_msgs__rosidl_typesupport_introspection_cExport.cmake
[9.014s] -- Installing: /home/ylnn/DM_Armx/install/rebotarm_msgs/share/rebotarm_msgs/cmake/rebotarm_msgs__rosidl_typesupport_introspection_cExport-noconfig.cmake
[9.014s] -- Installing: /home/ylnn/DM_Armx/install/rebotarm_msgs/share/rebotarm_msgs/cmake/rebotarm_msgs__rosidl_typesupport_cExport.cmake
[9.014s] -- Installing: /home/ylnn/DM_Armx/install/rebotarm_msgs/share/rebotarm_msgs/cmake/rebotarm_msgs__rosidl_typesupport_cExport-noconfig.cmake
[9.014s] -- Installing: /home/ylnn/DM_Armx/install/rebotarm_msgs/share/rebotarm_msgs/cmake/export_rebotarm_msgs__rosidl_generator_cppExport.cmake
[9.014s] -- Installing: /home/ylnn/DM_Armx/install/rebotarm_msgs/share/rebotarm_msgs/cmake/export_rebotarm_msgs__rosidl_typesupport_fastrtps_cppExport.cmake
[9.014s] -- Installing: /home/ylnn/DM_Armx/install/rebotarm_msgs/share/rebotarm_msgs/cmake/export_rebotarm_msgs__rosidl_typesupport_fastrtps_cppExport-noconfig.cmake
[9.014s] -- Installing: /home/ylnn/DM_Armx/install/rebotarm_msgs/share/rebotarm_msgs/cmake/rebotarm_msgs__rosidl_typesupport_introspection_cppExport.cmake
[9.014s] -- Installing: /home/ylnn/DM_Armx/install/rebotarm_msgs/share/rebotarm_msgs/cmake/rebotarm_msgs__rosidl_typesupport_introspection_cppExport-noconfig.cmake
[9.014s] -- Installing: /home/ylnn/DM_Armx/install/rebotarm_msgs/share/rebotarm_msgs/cmake/rebotarm_msgs__rosidl_typesupport_cppExport.cmake
[9.014s] -- Installing: /home/ylnn/DM_Armx/install/rebotarm_msgs/share/rebotarm_msgs/cmake/rebotarm_msgs__rosidl_typesupport_cppExport-noconfig.cmake
[9.014s] -- Installing: /home/ylnn/DM_Armx/install/rebotarm_msgs/share/rebotarm_msgs/cmake/export_rebotarm_msgs__rosidl_generator_pyExport.cmake
[9.015s] -- Installing: /home/ylnn/DM_Armx/install/rebotarm_msgs/share/rebotarm_msgs/cmake/export_rebotarm_msgs__rosidl_generator_pyExport-noconfig.cmake
[9.016s] Invoked command in '/home/ylnn/DM_Armx/build/rebotarm_msgs' returned '0': CMAKE_PREFIX_PATH=${CMAKE_PREFIX_PATH}:/home/ylnn/DM_Armx/.pixi/envs/default DEBUGINFOD_URLS=https://debuginfod.ubuntu.com PIXI_PROMPT=(DM_Armx) /home/ylnn/DM_Armx/.pixi/envs/default/bin/cmake --install /home/ylnn/DM_Armx/build/rebotarm_msgs
