running develop
running egg_info
writing mujoco_pkg.egg-info/PKG-INFO
writing dependency_links to mujoco_pkg.egg-info/dependency_links.txt
writing entry points to mujoco_pkg.egg-info/entry_points.txt
writing requirements to mujoco_pkg.egg-info/requires.txt
writing top-level names to mujoco_pkg.egg-info/top_level.txt
reading manifest file 'mujoco_pkg.egg-info/SOURCES.txt'
writing manifest file 'mujoco_pkg.egg-info/SOURCES.txt'
running build_ext
Creating /home/ylnn/DM_Armx/install/mujoco_pkg/lib/python3.12/site-packages/mujoco-pkg.egg-link (link to .)
Installing joint_slider_gui script to /home/ylnn/DM_Armx/install/mujoco_pkg/lib/mujoco_pkg
Installing mujoco_physics_grasp script to /home/ylnn/DM_Armx/install/mujoco_pkg/lib/mujoco_pkg
Installing mujoco_torque_control script to /home/ylnn/DM_Armx/install/mujoco_pkg/lib/mujoco_pkg
Installing real2sim_sync script to /home/ylnn/DM_Armx/install/mujoco_pkg/lib/mujoco_pkg
Installing sim_color_detector script to /home/ylnn/DM_Armx/install/mujoco_pkg/lib/mujoco_pkg
Installing sim_rgb_camera script to /home/ylnn/DM_Armx/install/mujoco_pkg/lib/mujoco_pkg
Installing sim_task_server script to /home/ylnn/DM_Armx/install/mujoco_pkg/lib/mujoco_pkg

Installed /home/ylnn/DM_Armx/build/mujoco_pkg
running symlink_data
symbolically linking /home/ylnn/DM_Armx/build/mujoco_pkg/resource/mujoco_pkg -> /home/ylnn/DM_Armx/install/mujoco_pkg/share/ament_index/resource_index/packages
symbolically linking /home/ylnn/DM_Armx/build/mujoco_pkg/package.xml -> /home/ylnn/DM_Armx/install/mujoco_pkg/share/mujoco_pkg
creating /home/ylnn/DM_Armx/install/mujoco_pkg/share/mujoco_pkg/launch
error: [Errno 2] No such file or directory: '/home/ylnn/DM_Armx/install/mujoco_pkg/share/mujoco_pkg/launch/real2sim.launch.py'
