[0.563s] Invoking command in '/home/ylnn/DM_Armx/build/mujoco_pkg': AMENT_PREFIX_PATH=/home/ylnn/DM_Armx/install/rebotarm_msgs:${AMENT_PREFIX_PATH} CMAKE_PREFIX_PATH=/home/ylnn/DM_Armx/install/rebotarm_msgs:${CMAKE_PREFIX_PATH} DEBUGINFOD_URLS=https://debuginfod.ubuntu.com LD_LIBRARY_PATH=/home/ylnn/DM_Armx/install/rebotarm_msgs/lib:${LD_LIBRARY_PATH} PIXI_PROMPT=(DM_Armx) PYTHONPATH=/home/ylnn/DM_Armx/build/mujoco_pkg/prefix_override:/home/ylnn/DM_Armx/.pixi/envs/default/lib/python3.12/site-packages/colcon_core/task/python/colcon_distutils_commands:/home/ylnn/DM_Armx/install/mujoco_pkg/lib/python3.12/site-packages:/home/ylnn/DM_Armx/install/rebotarm_msgs/lib/python3.12/site-packages:${PYTHONPATH} /home/ylnn/DM_Armx/.pixi/envs/default/bin/python3.12 -W ignore:setup.py install is deprecated -W ignore:easy_install command is deprecated setup.py develop --editable --build-directory /home/ylnn/DM_Armx/build/mujoco_pkg/build --no-deps symlink_data --force
[0.691s] running develop
[0.740s] running egg_info
[0.746s] writing mujoco_pkg.egg-info/PKG-INFO
[0.746s] writing dependency_links to mujoco_pkg.egg-info/dependency_links.txt
[0.746s] writing entry points to mujoco_pkg.egg-info/entry_points.txt
[0.746s] writing requirements to mujoco_pkg.egg-info/requires.txt
[0.746s] writing top-level names to mujoco_pkg.egg-info/top_level.txt
[0.757s] reading manifest file 'mujoco_pkg.egg-info/SOURCES.txt'
[0.758s] writing manifest file 'mujoco_pkg.egg-info/SOURCES.txt'
[0.764s] running build_ext
[0.764s] Creating /home/ylnn/DM_Armx/install/mujoco_pkg/lib/python3.12/site-packages/mujoco-pkg.egg-link (link to .)
[0.764s] Installing joint_slider_gui script to /home/ylnn/DM_Armx/install/mujoco_pkg/lib/mujoco_pkg
[0.765s] Installing mujoco_physics_grasp script to /home/ylnn/DM_Armx/install/mujoco_pkg/lib/mujoco_pkg
[0.765s] Installing mujoco_torque_control script to /home/ylnn/DM_Armx/install/mujoco_pkg/lib/mujoco_pkg
[0.765s] Installing real2sim_sync script to /home/ylnn/DM_Armx/install/mujoco_pkg/lib/mujoco_pkg
[0.765s] Installing sim_color_detector script to /home/ylnn/DM_Armx/install/mujoco_pkg/lib/mujoco_pkg
[0.765s] Installing sim_rgb_camera script to /home/ylnn/DM_Armx/install/mujoco_pkg/lib/mujoco_pkg
[0.765s] Installing sim_task_server script to /home/ylnn/DM_Armx/install/mujoco_pkg/lib/mujoco_pkg
[0.765s] 
[0.766s] Installed /home/ylnn/DM_Armx/build/mujoco_pkg
[0.766s] running symlink_data
[0.766s] symbolically linking /home/ylnn/DM_Armx/build/mujoco_pkg/resource/mujoco_pkg -> /home/ylnn/DM_Armx/install/mujoco_pkg/share/ament_index/resource_index/packages
[0.766s] symbolically linking /home/ylnn/DM_Armx/build/mujoco_pkg/package.xml -> /home/ylnn/DM_Armx/install/mujoco_pkg/share/mujoco_pkg
[0.766s] creating /home/ylnn/DM_Armx/install/mujoco_pkg/share/mujoco_pkg/launch
[0.766s] error: [Errno 2] No such file or directory: '/home/ylnn/DM_Armx/install/mujoco_pkg/share/mujoco_pkg/launch/real2sim.launch.py'
[0.780s] Invoked command in '/home/ylnn/DM_Armx/build/mujoco_pkg' returned '1': AMENT_PREFIX_PATH=/home/ylnn/DM_Armx/install/rebotarm_msgs:${AMENT_PREFIX_PATH} CMAKE_PREFIX_PATH=/home/ylnn/DM_Armx/install/rebotarm_msgs:${CMAKE_PREFIX_PATH} DEBUGINFOD_URLS=https://debuginfod.ubuntu.com LD_LIBRARY_PATH=/home/ylnn/DM_Armx/install/rebotarm_msgs/lib:${LD_LIBRARY_PATH} PIXI_PROMPT=(DM_Armx) PYTHONPATH=/home/ylnn/DM_Armx/build/mujoco_pkg/prefix_override:/home/ylnn/DM_Armx/.pixi/envs/default/lib/python3.12/site-packages/colcon_core/task/python/colcon_distutils_commands:/home/ylnn/DM_Armx/install/mujoco_pkg/lib/python3.12/site-packages:/home/ylnn/DM_Armx/install/rebotarm_msgs/lib/python3.12/site-packages:${PYTHONPATH} /home/ylnn/DM_Armx/.pixi/envs/default/bin/python3.12 -W ignore:setup.py install is deprecated -W ignore:easy_install command is deprecated setup.py develop --editable --build-directory /home/ylnn/DM_Armx/build/mujoco_pkg/build --no-deps symlink_data --force
