running develop
Removing /home/ylnn/DM_Armx/install/mujoco_pkg/lib/python3.12/site-packages/mujoco-pkg.egg-link (link to .)
running egg_info
writing ../../build/mujoco_pkg/mujoco_pkg.egg-info/PKG-INFO
writing dependency_links to ../../build/mujoco_pkg/mujoco_pkg.egg-info/dependency_links.txt
writing entry points to ../../build/mujoco_pkg/mujoco_pkg.egg-info/entry_points.txt
writing requirements to ../../build/mujoco_pkg/mujoco_pkg.egg-info/requires.txt
writing top-level names to ../../build/mujoco_pkg/mujoco_pkg.egg-info/top_level.txt
reading manifest file '../../build/mujoco_pkg/mujoco_pkg.egg-info/SOURCES.txt'
adding license file 'LICENSE'
writing manifest file '../../build/mujoco_pkg/mujoco_pkg.egg-info/SOURCES.txt'
running build
running build_py
creating /home/ylnn/DM_Armx/build/mujoco_pkg/build/lib/mujoco_pkg
copying mujoco_pkg/mujoco_physics_grasp.py -> /home/ylnn/DM_Armx/build/mujoco_pkg/build/lib/mujoco_pkg
copying mujoco_pkg/sim_task_server.py -> /home/ylnn/DM_Armx/build/mujoco_pkg/build/lib/mujoco_pkg
copying mujoco_pkg/__init__.py -> /home/ylnn/DM_Armx/build/mujoco_pkg/build/lib/mujoco_pkg
copying mujoco_pkg/sim_rgb_camera.py -> /home/ylnn/DM_Armx/build/mujoco_pkg/build/lib/mujoco_pkg
copying mujoco_pkg/sim_color_detector.py -> /home/ylnn/DM_Armx/build/mujoco_pkg/build/lib/mujoco_pkg
copying mujoco_pkg/joint_slider_gui.py -> /home/ylnn/DM_Armx/build/mujoco_pkg/build/lib/mujoco_pkg
copying mujoco_pkg/real2sim_sync.py -> /home/ylnn/DM_Armx/build/mujoco_pkg/build/lib/mujoco_pkg
copying mujoco_pkg/mujoco_torque_control.py -> /home/ylnn/DM_Armx/build/mujoco_pkg/build/lib/mujoco_pkg
running install
running install_lib
creating /home/ylnn/DM_Armx/install/mujoco_pkg/lib/python3.12/site-packages/mujoco_pkg
copying /home/ylnn/DM_Armx/build/mujoco_pkg/build/lib/mujoco_pkg/mujoco_physics_grasp.py -> /home/ylnn/DM_Armx/install/mujoco_pkg/lib/python3.12/site-packages/mujoco_pkg
copying /home/ylnn/DM_Armx/build/mujoco_pkg/build/lib/mujoco_pkg/sim_task_server.py -> /home/ylnn/DM_Armx/install/mujoco_pkg/lib/python3.12/site-packages/mujoco_pkg
copying /home/ylnn/DM_Armx/build/mujoco_pkg/build/lib/mujoco_pkg/__init__.py -> /home/ylnn/DM_Armx/install/mujoco_pkg/lib/python3.12/site-packages/mujoco_pkg
copying /home/ylnn/DM_Armx/build/mujoco_pkg/build/lib/mujoco_pkg/sim_rgb_camera.py -> /home/ylnn/DM_Armx/install/mujoco_pkg/lib/python3.12/site-packages/mujoco_pkg
copying /home/ylnn/DM_Armx/build/mujoco_pkg/build/lib/mujoco_pkg/sim_color_detector.py -> /home/ylnn/DM_Armx/install/mujoco_pkg/lib/python3.12/site-packages/mujoco_pkg
copying /home/ylnn/DM_Armx/build/mujoco_pkg/build/lib/mujoco_pkg/joint_slider_gui.py -> /home/ylnn/DM_Armx/install/mujoco_pkg/lib/python3.12/site-packages/mujoco_pkg
copying /home/ylnn/DM_Armx/build/mujoco_pkg/build/lib/mujoco_pkg/real2sim_sync.py -> /home/ylnn/DM_Armx/install/mujoco_pkg/lib/python3.12/site-packages/mujoco_pkg
copying /home/ylnn/DM_Armx/build/mujoco_pkg/build/lib/mujoco_pkg/mujoco_torque_control.py -> /home/ylnn/DM_Armx/install/mujoco_pkg/lib/python3.12/site-packages/mujoco_pkg
byte-compiling /home/ylnn/DM_Armx/install/mujoco_pkg/lib/python3.12/site-packages/mujoco_pkg/mujoco_physics_grasp.py to mujoco_physics_grasp.cpython-312.pyc
byte-compiling /home/ylnn/DM_Armx/install/mujoco_pkg/lib/python3.12/site-packages/mujoco_pkg/sim_task_server.py to sim_task_server.cpython-312.pyc
byte-compiling /home/ylnn/DM_Armx/install/mujoco_pkg/lib/python3.12/site-packages/mujoco_pkg/__init__.py to __init__.cpython-312.pyc
byte-compiling /home/ylnn/DM_Armx/install/mujoco_pkg/lib/python3.12/site-packages/mujoco_pkg/sim_rgb_camera.py to sim_rgb_camera.cpython-312.pyc
byte-compiling /home/ylnn/DM_Armx/install/mujoco_pkg/lib/python3.12/site-packages/mujoco_pkg/sim_color_detector.py to sim_color_detector.cpython-312.pyc
byte-compiling /home/ylnn/DM_Armx/install/mujoco_pkg/lib/python3.12/site-packages/mujoco_pkg/joint_slider_gui.py to joint_slider_gui.cpython-312.pyc
byte-compiling /home/ylnn/DM_Armx/install/mujoco_pkg/lib/python3.12/site-packages/mujoco_pkg/real2sim_sync.py to real2sim_sync.cpython-312.pyc
byte-compiling /home/ylnn/DM_Armx/install/mujoco_pkg/lib/python3.12/site-packages/mujoco_pkg/mujoco_torque_control.py to mujoco_torque_control.cpython-312.pyc
running install_data
copying resource/mujoco_pkg -> /home/ylnn/DM_Armx/install/mujoco_pkg/share/ament_index/resource_index/packages
copying package.xml -> /home/ylnn/DM_Armx/install/mujoco_pkg/share/mujoco_pkg
copying launch/real2sim.launch.py -> /home/ylnn/DM_Armx/install/mujoco_pkg/share/mujoco_pkg/launch
copying launch/sim_rgb_camera.launch.py -> /home/ylnn/DM_Armx/install/mujoco_pkg/share/mujoco_pkg/launch
copying launch/mujoco_torque_control.launch.py -> /home/ylnn/DM_Armx/install/mujoco_pkg/share/mujoco_pkg/launch
copying launch/sim_color_detector.launch.py -> /home/ylnn/DM_Armx/install/mujoco_pkg/share/mujoco_pkg/launch
copying launch/joint_slider_gui.launch.py -> /home/ylnn/DM_Armx/install/mujoco_pkg/share/mujoco_pkg/launch
copying launch/mujoco_physics_grasp.launch.py -> /home/ylnn/DM_Armx/install/mujoco_pkg/share/mujoco_pkg/launch
copying launch/sim_task_server.launch.py -> /home/ylnn/DM_Armx/install/mujoco_pkg/share/mujoco_pkg/launch
copying config/joint_map_kinematic.yaml -> /home/ylnn/DM_Armx/install/mujoco_pkg/share/mujoco_pkg/config
copying config/joint_map.yaml -> /home/ylnn/DM_Armx/install/mujoco_pkg/share/mujoco_pkg/config
copying models/rebotarm_b601_colored.xml -> /home/ylnn/DM_Armx/install/mujoco_pkg/share/mujoco_pkg/models
copying models/simple_rebotarm.xml -> /home/ylnn/DM_Armx/install/mujoco_pkg/share/mujoco_pkg/models
copying models/rebotarm_b601_kinematic.xml -> /home/ylnn/DM_Armx/install/mujoco_pkg/share/mujoco_pkg/models
copying models/rebotarm_b601_stl.xml -> /home/ylnn/DM_Armx/install/mujoco_pkg/share/mujoco_pkg/models
copying description/ReBot_Arm_DM.urdf -> /home/ylnn/DM_Armx/install/mujoco_pkg/share/mujoco_pkg/description
running install_egg_info
Copying ../../build/mujoco_pkg/mujoco_pkg.egg-info to /home/ylnn/DM_Armx/install/mujoco_pkg/lib/python3.12/site-packages/mujoco_pkg-0.1.0-py3.12.egg-info
running install_scripts
Installing joint_slider_gui script to /home/ylnn/DM_Armx/install/mujoco_pkg/lib/mujoco_pkg
Installing mujoco_physics_grasp script to /home/ylnn/DM_Armx/install/mujoco_pkg/lib/mujoco_pkg
Installing mujoco_torque_control script to /home/ylnn/DM_Armx/install/mujoco_pkg/lib/mujoco_pkg
Installing real2sim_sync script to /home/ylnn/DM_Armx/install/mujoco_pkg/lib/mujoco_pkg
Installing sim_color_detector script to /home/ylnn/DM_Armx/install/mujoco_pkg/lib/mujoco_pkg
Installing sim_rgb_camera script to /home/ylnn/DM_Armx/install/mujoco_pkg/lib/mujoco_pkg
Installing sim_task_server script to /home/ylnn/DM_Armx/install/mujoco_pkg/lib/mujoco_pkg
writing list of installed files to '/home/ylnn/DM_Armx/build/mujoco_pkg/install.log'
