[0.007s] Invoking command in '/home/ylnn/DM_Armx/build/rebotarm_msgs': CMAKE_PREFIX_PATH=${CMAKE_PREFIX_PATH}:/home/ylnn/DM_Armx/.pixi/envs/default DEBUGINFOD_URLS=https://debuginfod.ubuntu.com PIXI_PROMPT=(DM_Armx) PS1=(DM_Armx) \[\e]0;\u@\h: \w\a\]${debian_chroot:+($debian_chroot)}\[\033[01;32m\]\u@\h\[\033[00m\]:\[\033[01;34m\]\w\[\033[00m\]\$ /home/ylnn/DM_Armx/.pixi/envs/default/bin/cmake /home/ylnn/DM_Armx/src/rebotarm_msgs -DCMAKE_INSTALL_PREFIX=/home/ylnn/DM_Armx/install/rebotarm_msgs
[0.014s] [33mCMake Warning (deprecated) at CMakeLists.txt:1 (cmake_minimum_required):
[0.014s]   Compatibility with CMake < 3.10 will be removed from a future version of
[0.014s]   CMake.
[0.014s] 
[0.014s]   Update the VERSION argument <min> value.  Or, use the <min>...<max> syntax
[0.014s]   to tell CMake that the project requires at least <min> but has been updated
[0.014s]   to work with policies introduced by <max> or earlier.
[0.014s] This warning is for project developers.  Use -Wno-author or -Wno-deprecated
[0.014s] to suppress it.
[0.014s] [0m
[0.018s] -- Found ament_cmake: 2.5.6 (/home/ylnn/DM_Armx/.pixi/envs/default/share/ament_cmake/cmake)
[0.251s] -- Override CMake install command with custom implementation using symlinks instead of copying resources
[0.258s] -- Found rosidl_default_generators: 1.6.1 (/home/ylnn/DM_Armx/.pixi/envs/default/share/rosidl_default_generators/cmake)
[0.261s] -- Using all available rosidl_typesupport_c: rosidl_typesupport_fastrtps_c;rosidl_typesupport_introspection_c
[0.293s] -- Using all available rosidl_typesupport_cpp: rosidl_typesupport_fastrtps_cpp;rosidl_typesupport_introspection_cpp
[0.317s] -- Found rosidl_adapter: 4.6.9 (/home/ylnn/DM_Armx/.pixi/envs/default/share/rosidl_adapter/cmake)
[0.318s] -- Found builtin_interfaces: 2.0.4 (/home/ylnn/DM_Armx/.pixi/envs/default/share/builtin_interfaces/cmake)
[0.326s] -- Found geometry_msgs: 5.3.8 (/home/ylnn/DM_Armx/.pixi/envs/default/share/geometry_msgs/cmake)
[0.914s] -- Found ament_cmake_ros: 0.12.1 (/home/ylnn/DM_Armx/.pixi/envs/default/share/ament_cmake_ros/cmake)
[1.331s] -- Using all available rosidl_typesupport_c: rosidl_typesupport_fastrtps_c;rosidl_typesupport_introspection_c
[1.921s] -- Using all available rosidl_typesupport_cpp: rosidl_typesupport_fastrtps_cpp;rosidl_typesupport_introspection_cpp
[1.922s] -- Found python_cmake_module: 0.11.1 (/home/ylnn/DM_Armx/.pixi/envs/default/share/python_cmake_module/cmake)
[2.249s] -- Found Python3: /home/ylnn/DM_Armx/.pixi/envs/default/bin/python3 (found version "3.12.14") found components: Interpreter Development NumPy Development.Module Development.Embed
[2.325s] -- Found Python3: /home/ylnn/DM_Armx/.pixi/envs/default/bin/python3 (found version "3.12.14") found components: Interpreter
[2.333s] -- Configuring done (2.3s)
[2.379s] -- Generating done (0.0s)
[2.391s] -- Build files have been written to: /home/ylnn/DM_Armx/build/rebotarm_msgs
[2.396s] Invoked command in '/home/ylnn/DM_Armx/build/rebotarm_msgs' returned '0': CMAKE_PREFIX_PATH=${CMAKE_PREFIX_PATH}:/home/ylnn/DM_Armx/.pixi/envs/default DEBUGINFOD_URLS=https://debuginfod.ubuntu.com PIXI_PROMPT=(DM_Armx) PS1=(DM_Armx) \[\e]0;\u@\h: \w\a\]${debian_chroot:+($debian_chroot)}\[\033[01;32m\]\u@\h\[\033[00m\]:\[\033[01;34m\]\w\[\033[00m\]\$ /home/ylnn/DM_Armx/.pixi/envs/default/bin/cmake /home/ylnn/DM_Armx/src/rebotarm_msgs -DCMAKE_INSTALL_PREFIX=/home/ylnn/DM_Armx/install/rebotarm_msgs
[2.397s] Invoking command in '/home/ylnn/DM_Armx/build/rebotarm_msgs': CMAKE_PREFIX_PATH=${CMAKE_PREFIX_PATH}:/home/ylnn/DM_Armx/.pixi/envs/default DEBUGINFOD_URLS=https://debuginfod.ubuntu.com PIXI_PROMPT=(DM_Armx) PS1=(DM_Armx) \[\e]0;\u@\h: \w\a\]${debian_chroot:+($debian_chroot)}\[\033[01;32m\]\u@\h\[\033[00m\]:\[\033[01;34m\]\w\[\033[00m\]\$ /home/ylnn/DM_Armx/.pixi/envs/default/bin/cmake --build /home/ylnn/DM_Armx/build/rebotarm_msgs -- -j16 -l16
[2.429s] [  2%] Built target rebotarm_msgs__rosidl_generator_type_description
[2.430s] [  2%] Built target rebotarm_msgs__rs
[2.433s] [  2%] Built target ament_cmake_python_symlink_rebotarm_msgs
[2.440s] [  2%] Built target rebotarm_msgs__cpp
[2.454s] [ 28%] Built target rebotarm_msgs__rosidl_generator_c
[2.475s] [ 37%] Built target rebotarm_msgs__rosidl_typesupport_c
[2.477s] [ 47%] Built target rebotarm_msgs__rosidl_typesupport_introspection_c
[2.480s] [ 56%] Built target rebotarm_msgs__rosidl_typesupport_introspection_cpp
[2.485s] [ 66%] Built target rebotarm_msgs__rosidl_typesupport_cpp
[2.487s] [ 75%] Built target rebotarm_msgs__rosidl_typesupport_fastrtps_c
[2.488s] [ 85%] Built target rebotarm_msgs__rosidl_typesupport_fastrtps_cpp
[2.499s] [ 85%] Built target rebotarm_msgs
[2.511s] [ 86%] Built target rebotarm_msgs__py
[2.536s] [ 95%] Built target rebotarm_msgs__rosidl_generator_py
[2.552s] [ 98%] Built target rebotarm_msgs_s__rosidl_typesupport_fastrtps_c
[2.553s] [100%] Built target rebotarm_msgs_s__rosidl_typesupport_c
[2.553s] [100%] Built target rebotarm_msgs_s__rosidl_typesupport_introspection_c
[2.557s] running egg_info
[2.562s] writing rebotarm_msgs.egg-info/PKG-INFO
[2.562s] writing dependency_links to rebotarm_msgs.egg-info/dependency_links.txt
[2.562s] writing top-level names to rebotarm_msgs.egg-info/top_level.txt
[2.579s] reading manifest file 'rebotarm_msgs.egg-info/SOURCES.txt'
[2.580s] writing manifest file 'rebotarm_msgs.egg-info/SOURCES.txt'
[2.595s] [100%] Built target ament_cmake_python_build_rebotarm_msgs_egg
[2.603s] Invoked command in '/home/ylnn/DM_Armx/build/rebotarm_msgs' returned '0': CMAKE_PREFIX_PATH=${CMAKE_PREFIX_PATH}:/home/ylnn/DM_Armx/.pixi/envs/default DEBUGINFOD_URLS=https://debuginfod.ubuntu.com PIXI_PROMPT=(DM_Armx) PS1=(DM_Armx) \[\e]0;\u@\h: \w\a\]${debian_chroot:+($debian_chroot)}\[\033[01;32m\]\u@\h\[\033[00m\]:\[\033[01;34m\]\w\[\033[00m\]\$ /home/ylnn/DM_Armx/.pixi/envs/default/bin/cmake --build /home/ylnn/DM_Armx/build/rebotarm_msgs -- -j16 -l16
[2.609s] Invoking command in '/home/ylnn/DM_Armx/build/rebotarm_msgs': CMAKE_PREFIX_PATH=${CMAKE_PREFIX_PATH}:/home/ylnn/DM_Armx/.pixi/envs/default DEBUGINFOD_URLS=https://debuginfod.ubuntu.com PIXI_PROMPT=(DM_Armx) PS1=(DM_Armx) \[\e]0;\u@\h: \w\a\]${debian_chroot:+($debian_chroot)}\[\033[01;32m\]\u@\h\[\033[00m\]:\[\033[01;34m\]\w\[\033[00m\]\$ /home/ylnn/DM_Armx/.pixi/envs/default/bin/cmake --install /home/ylnn/DM_Armx/build/rebotarm_msgs
[2.613s] -- Install configuration: ""
[2.614s] -- Execute custom install script
[2.614s] -- Up-to-date symlink: /home/ylnn/DM_Armx/install/rebotarm_msgs/share/ament_index/resource_index/rosidl_interfaces/rebotarm_msgs
[2.614s] -- Up-to-date symlink: /home/ylnn/DM_Armx/install/rebotarm_msgs/share/rebotarm_msgs/msg/JointMotorCmd.json
[2.614s] -- Up-to-date symlink: /home/ylnn/DM_Armx/install/rebotarm_msgs/share/rebotarm_msgs/msg/JointMitCmd.json
[2.614s] -- Up-to-date symlink: /home/ylnn/DM_Armx/install/rebotarm_msgs/share/rebotarm_msgs/msg/JointPosVelCmd.json
[2.614s] -- Up-to-date symlink: /home/ylnn/DM_Armx/install/rebotarm_msgs/share/rebotarm_msgs/msg/JointMotorState.json
[2.614s] -- Up-to-date symlink: /home/ylnn/DM_Armx/install/rebotarm_msgs/share/rebotarm_msgs/msg/ArmStatus.json
[2.615s] -- Up-to-date symlink: /home/ylnn/DM_Armx/install/rebotarm_msgs/share/rebotarm_msgs/srv/SetMode.json
[2.615s] -- Up-to-date symlink: /home/ylnn/DM_Armx/install/rebotarm_msgs/share/rebotarm_msgs/srv/SetZero.json
[2.615s] -- Up-to-date symlink: /home/ylnn/DM_Armx/install/rebotarm_msgs/share/rebotarm_msgs/srv/MoveToPoseIK.json
[2.615s] -- Up-to-date symlink: /home/ylnn/DM_Armx/install/rebotarm_msgs/share/rebotarm_msgs/srv/SetGripper.json
[2.615s] -- Up-to-date symlink: /home/ylnn/DM_Armx/install/rebotarm_msgs/share/rebotarm_msgs/srv/GripperCommand.json
[2.615s] -- Up-to-date symlink: /home/ylnn/DM_Armx/install/rebotarm_msgs/share/rebotarm_msgs/action/MoveToPose.json
[2.616s] -- Up-to-date symlink: /home/ylnn/DM_Armx/install/rebotarm_msgs/include/rebotarm_msgs/rebotarm_msgs/action/detail/move_to_pose__functions.h
[2.616s] -- Up-to-date symlink: /home/ylnn/DM_Armx/install/rebotarm_msgs/include/rebotarm_msgs/rebotarm_msgs/action/detail/move_to_pose__struct.h
[2.616s] -- Up-to-date symlink: /home/ylnn/DM_Armx/install/rebotarm_msgs/include/rebotarm_msgs/rebotarm_msgs/action/detail/move_to_pose__type_support.h
[2.616s] -- Up-to-date symlink: /home/ylnn/DM_Armx/install/rebotarm_msgs/include/rebotarm_msgs/rebotarm_msgs/action/move_to_pose.h
[2.616s] -- Up-to-date symlink: /home/ylnn/DM_Armx/install/rebotarm_msgs/include/rebotarm_msgs/rebotarm_msgs/msg/arm_status.h
[2.616s] -- Up-to-date symlink: /home/ylnn/DM_Armx/install/rebotarm_msgs/include/rebotarm_msgs/rebotarm_msgs/msg/detail/arm_status__functions.h
[2.616s] -- Up-to-date symlink: /home/ylnn/DM_Armx/install/rebotarm_msgs/include/rebotarm_msgs/rebotarm_msgs/msg/detail/arm_status__struct.h
[2.616s] -- Up-to-date symlink: /home/ylnn/DM_Armx/install/rebotarm_msgs/include/rebotarm_msgs/rebotarm_msgs/msg/detail/arm_status__type_support.h
[2.616s] -- Up-to-date symlink: /home/ylnn/DM_Armx/install/rebotarm_msgs/include/rebotarm_msgs/rebotarm_msgs/msg/detail/joint_mit_cmd__functions.h
[2.617s] -- Up-to-date symlink: /home/ylnn/DM_Armx/install/rebotarm_msgs/include/rebotarm_msgs/rebotarm_msgs/msg/detail/joint_mit_cmd__struct.h
[2.617s] -- Up-to-date symlink: /home/ylnn/DM_Armx/install/rebotarm_msgs/include/rebotarm_msgs/rebotarm_msgs/msg/detail/joint_mit_cmd__type_support.h
[2.617s] -- Up-to-date symlink: /home/ylnn/DM_Armx/install/rebotarm_msgs/include/rebotarm_msgs/rebotarm_msgs/msg/detail/joint_motor_cmd__functions.h
[2.617s] -- Up-to-date symlink: /home/ylnn/DM_Armx/install/rebotarm_msgs/include/rebotarm_msgs/rebotarm_msgs/msg/detail/joint_motor_cmd__struct.h
[2.617s] -- Up-to-date symlink: /home/ylnn/DM_Armx/install/rebotarm_msgs/include/rebotarm_msgs/rebotarm_msgs/msg/detail/joint_motor_cmd__type_support.h
[2.617s] -- Up-to-date symlink: /home/ylnn/DM_Armx/install/rebotarm_msgs/include/rebotarm_msgs/rebotarm_msgs/msg/detail/joint_motor_state__functions.h
[2.617s] -- Up-to-date symlink: /home/ylnn/DM_Armx/install/rebotarm_msgs/include/rebotarm_msgs/rebotarm_msgs/msg/detail/joint_motor_state__struct.h
[2.617s] -- Up-to-date symlink: /home/ylnn/DM_Armx/install/rebotarm_msgs/include/rebotarm_msgs/rebotarm_msgs/msg/detail/joint_motor_state__type_support.h
[2.617s] -- Up-to-date symlink: /home/ylnn/DM_Armx/install/rebotarm_msgs/include/rebotarm_msgs/rebotarm_msgs/msg/detail/joint_pos_vel_cmd__functions.h
[2.617s] -- Up-to-date symlink: /home/ylnn/DM_Armx/install/rebotarm_msgs/include/rebotarm_msgs/rebotarm_msgs/msg/detail/joint_pos_vel_cmd__struct.h
[2.617s] -- Up-to-date symlink: /home/ylnn/DM_Armx/install/rebotarm_msgs/include/rebotarm_msgs/rebotarm_msgs/msg/detail/joint_pos_vel_cmd__type_support.h
[2.617s] -- Up-to-date symlink: /home/ylnn/DM_Armx/install/rebotarm_msgs/include/rebotarm_msgs/rebotarm_msgs/msg/joint_mit_cmd.h
[2.617s] -- Up-to-date symlink: /home/ylnn/DM_Armx/install/rebotarm_msgs/include/rebotarm_msgs/rebotarm_msgs/msg/joint_motor_cmd.h
[2.617s] -- Up-to-date symlink: /home/ylnn/DM_Armx/install/rebotarm_msgs/include/rebotarm_msgs/rebotarm_msgs/msg/joint_motor_state.h
[2.618s] -- Up-to-date symlink: /home/ylnn/DM_Armx/install/rebotarm_msgs/include/rebotarm_msgs/rebotarm_msgs/msg/joint_pos_vel_cmd.h
[2.618s] -- Up-to-date symlink: /home/ylnn/DM_Armx/install/rebotarm_msgs/include/rebotarm_msgs/rebotarm_msgs/msg/rosidl_generator_c__visibility_control.h
[2.618s] -- Up-to-date symlink: /home/ylnn/DM_Armx/install/rebotarm_msgs/include/rebotarm_msgs/rebotarm_msgs/srv/detail/gripper_command__functions.h
[2.618s] -- Up-to-date symlink: /home/ylnn/DM_Armx/install/rebotarm_msgs/include/rebotarm_msgs/rebotarm_msgs/srv/detail/gripper_command__struct.h
[2.618s] -- Up-to-date symlink: /home/ylnn/DM_Armx/install/rebotarm_msgs/include/rebotarm_msgs/rebotarm_msgs/srv/detail/gripper_command__type_support.h
[2.618s] -- Up-to-date symlink: /home/ylnn/DM_Armx/install/rebotarm_msgs/include/rebotarm_msgs/rebotarm_msgs/srv/detail/move_to_pose_ik__functions.h
[2.618s] -- Up-to-date symlink: /home/ylnn/DM_Armx/install/rebotarm_msgs/include/rebotarm_msgs/rebotarm_msgs/srv/detail/move_to_pose_ik__struct.h
[2.618s] -- Up-to-date symlink: /home/ylnn/DM_Armx/install/rebotarm_msgs/include/rebotarm_msgs/rebotarm_msgs/srv/detail/move_to_pose_ik__type_support.h
[2.618s] -- Up-to-date symlink: /home/ylnn/DM_Armx/install/rebotarm_msgs/include/rebotarm_msgs/rebotarm_msgs/srv/detail/set_gripper__functions.h
[2.618s] -- Up-to-date symlink: /home/ylnn/DM_Armx/install/rebotarm_msgs/include/rebotarm_msgs/rebotarm_msgs/srv/detail/set_gripper__struct.h
[2.618s] -- Up-to-date symlink: /home/ylnn/DM_Armx/install/rebotarm_msgs/include/rebotarm_msgs/rebotarm_msgs/srv/detail/set_gripper__type_support.h
[2.618s] -- Up-to-date symlink: /home/ylnn/DM_Armx/install/rebotarm_msgs/include/rebotarm_msgs/rebotarm_msgs/srv/detail/set_mode__functions.h
[2.619s] -- Up-to-date symlink: /home/ylnn/DM_Armx/install/rebotarm_msgs/include/rebotarm_msgs/rebotarm_msgs/srv/detail/set_mode__struct.h
[2.619s] -- Up-to-date symlink: /home/ylnn/DM_Armx/install/rebotarm_msgs/include/rebotarm_msgs/rebotarm_msgs/srv/detail/set_mode__type_support.h
[2.619s] -- Up-to-date symlink: /home/ylnn/DM_Armx/install/rebotarm_msgs/include/rebotarm_msgs/rebotarm_msgs/srv/detail/set_zero__functions.h
[2.619s] -- Up-to-date symlink: /home/ylnn/DM_Armx/install/rebotarm_msgs/include/rebotarm_msgs/rebotarm_msgs/srv/detail/set_zero__struct.h
[2.619s] -- Up-to-date symlink: /home/ylnn/DM_Armx/install/rebotarm_msgs/include/rebotarm_msgs/rebotarm_msgs/srv/detail/set_zero__type_support.h
[2.619s] -- Up-to-date symlink: /home/ylnn/DM_Armx/install/rebotarm_msgs/include/rebotarm_msgs/rebotarm_msgs/srv/gripper_command.h
[2.619s] -- Up-to-date symlink: /home/ylnn/DM_Armx/install/rebotarm_msgs/include/rebotarm_msgs/rebotarm_msgs/srv/move_to_pose_ik.h
[2.619s] -- Up-to-date symlink: /home/ylnn/DM_Armx/install/rebotarm_msgs/include/rebotarm_msgs/rebotarm_msgs/srv/set_gripper.h
[2.619s] -- Up-to-date symlink: /home/ylnn/DM_Armx/install/rebotarm_msgs/include/rebotarm_msgs/rebotarm_msgs/srv/set_mode.h
[2.619s] -- Up-to-date symlink: /home/ylnn/DM_Armx/install/rebotarm_msgs/include/rebotarm_msgs/rebotarm_msgs/srv/set_zero.h
[2.619s] -- Up-to-date symlink: /home/ylnn/DM_Armx/install/rebotarm_msgs/include/rebotarm_msgs/rebotarm_msgs/action/detail/move_to_pose__rosidl_typesupport_fastrtps_c.h
[2.619s] -- Up-to-date symlink: /home/ylnn/DM_Armx/install/rebotarm_msgs/include/rebotarm_msgs/rebotarm_msgs/msg/detail/arm_status__rosidl_typesupport_fastrtps_c.h
[2.620s] -- Up-to-date symlink: /home/ylnn/DM_Armx/install/rebotarm_msgs/include/rebotarm_msgs/rebotarm_msgs/msg/detail/joint_mit_cmd__rosidl_typesupport_fastrtps_c.h
[2.620s] -- Up-to-date symlink: /home/ylnn/DM_Armx/install/rebotarm_msgs/include/rebotarm_msgs/rebotarm_msgs/msg/detail/joint_motor_cmd__rosidl_typesupport_fastrtps_c.h
[2.620s] -- Up-to-date symlink: /home/ylnn/DM_Armx/install/rebotarm_msgs/include/rebotarm_msgs/rebotarm_msgs/msg/detail/joint_motor_state__rosidl_typesupport_fastrtps_c.h
[2.620s] -- Up-to-date symlink: /home/ylnn/DM_Armx/install/rebotarm_msgs/include/rebotarm_msgs/rebotarm_msgs/msg/detail/joint_pos_vel_cmd__rosidl_typesupport_fastrtps_c.h
[2.620s] -- Up-to-date symlink: /home/ylnn/DM_Armx/install/rebotarm_msgs/include/rebotarm_msgs/rebotarm_msgs/msg/rosidl_typesupport_fastrtps_c__visibility_control.h
[2.620s] -- Up-to-date symlink: /home/ylnn/DM_Armx/install/rebotarm_msgs/include/rebotarm_msgs/rebotarm_msgs/srv/detail/gripper_command__rosidl_typesupport_fastrtps_c.h
[2.620s] -- Up-to-date symlink: /home/ylnn/DM_Armx/install/rebotarm_msgs/include/rebotarm_msgs/rebotarm_msgs/srv/detail/move_to_pose_ik__rosidl_typesupport_fastrtps_c.h
[2.620s] -- Up-to-date symlink: /home/ylnn/DM_Armx/install/rebotarm_msgs/include/rebotarm_msgs/rebotarm_msgs/srv/detail/set_gripper__rosidl_typesupport_fastrtps_c.h
[2.620s] -- Up-to-date symlink: /home/ylnn/DM_Armx/install/rebotarm_msgs/include/rebotarm_msgs/rebotarm_msgs/srv/detail/set_mode__rosidl_typesupport_fastrtps_c.h
[2.620s] -- Up-to-date symlink: /home/ylnn/DM_Armx/install/rebotarm_msgs/include/rebotarm_msgs/rebotarm_msgs/srv/detail/set_zero__rosidl_typesupport_fastrtps_c.h
[2.620s] -- Up-to-date symlink: /home/ylnn/DM_Armx/install/rebotarm_msgs/include/rebotarm_msgs/rebotarm_msgs/action/detail/move_to_pose__rosidl_typesupport_introspection_c.h
[2.620s] -- Up-to-date symlink: /home/ylnn/DM_Armx/install/rebotarm_msgs/include/rebotarm_msgs/rebotarm_msgs/msg/detail/arm_status__rosidl_typesupport_introspection_c.h
[2.621s] -- Up-to-date symlink: /home/ylnn/DM_Armx/install/rebotarm_msgs/include/rebotarm_msgs/rebotarm_msgs/msg/detail/joint_mit_cmd__rosidl_typesupport_introspection_c.h
[2.621s] -- Up-to-date symlink: /home/ylnn/DM_Armx/install/rebotarm_msgs/include/rebotarm_msgs/rebotarm_msgs/msg/detail/joint_motor_cmd__rosidl_typesupport_introspection_c.h
[2.621s] -- Up-to-date symlink: /home/ylnn/DM_Armx/install/rebotarm_msgs/include/rebotarm_msgs/rebotarm_msgs/msg/detail/joint_motor_state__rosidl_typesupport_introspection_c.h
[2.621s] -- Up-to-date symlink: /home/ylnn/DM_Armx/install/rebotarm_msgs/include/rebotarm_msgs/rebotarm_msgs/msg/detail/joint_pos_vel_cmd__rosidl_typesupport_introspection_c.h
[2.621s] -- Up-to-date symlink: /home/ylnn/DM_Armx/install/rebotarm_msgs/include/rebotarm_msgs/rebotarm_msgs/msg/rosidl_typesupport_introspection_c__visibility_control.h
[2.621s] -- Up-to-date symlink: /home/ylnn/DM_Armx/install/rebotarm_msgs/include/rebotarm_msgs/rebotarm_msgs/srv/detail/gripper_command__rosidl_typesupport_introspection_c.h
[2.621s] -- Up-to-date symlink: /home/ylnn/DM_Armx/install/rebotarm_msgs/include/rebotarm_msgs/rebotarm_msgs/srv/detail/move_to_pose_ik__rosidl_typesupport_introspection_c.h
[2.621s] -- Up-to-date symlink: /home/ylnn/DM_Armx/install/rebotarm_msgs/include/rebotarm_msgs/rebotarm_msgs/srv/detail/set_gripper__rosidl_typesupport_introspection_c.h
[2.621s] -- Up-to-date symlink: /home/ylnn/DM_Armx/install/rebotarm_msgs/include/rebotarm_msgs/rebotarm_msgs/srv/detail/set_mode__rosidl_typesupport_introspection_c.h
[2.621s] -- Up-to-date symlink: /home/ylnn/DM_Armx/install/rebotarm_msgs/include/rebotarm_msgs/rebotarm_msgs/srv/detail/set_zero__rosidl_typesupport_introspection_c.h
[2.622s] -- Up-to-date symlink: /home/ylnn/DM_Armx/install/rebotarm_msgs/include/rebotarm_msgs/rebotarm_msgs/action/detail/move_to_pose__builder.hpp
[2.622s] -- Up-to-date symlink: /home/ylnn/DM_Armx/install/rebotarm_msgs/include/rebotarm_msgs/rebotarm_msgs/action/detail/move_to_pose__struct.hpp
[2.622s] -- Up-to-date symlink: /home/ylnn/DM_Armx/install/rebotarm_msgs/include/rebotarm_msgs/rebotarm_msgs/action/detail/move_to_pose__traits.hpp
[2.622s] -- Up-to-date symlink: /home/ylnn/DM_Armx/install/rebotarm_msgs/include/rebotarm_msgs/rebotarm_msgs/action/detail/move_to_pose__type_support.hpp
[2.622s] -- Up-to-date symlink: /home/ylnn/DM_Armx/install/rebotarm_msgs/include/rebotarm_msgs/rebotarm_msgs/action/move_to_pose.hpp
[2.623s] -- Up-to-date symlink: /home/ylnn/DM_Armx/install/rebotarm_msgs/include/rebotarm_msgs/rebotarm_msgs/msg/arm_status.hpp
[2.623s] -- Up-to-date symlink: /home/ylnn/DM_Armx/install/rebotarm_msgs/include/rebotarm_msgs/rebotarm_msgs/msg/detail/arm_status__builder.hpp
[2.623s] -- Up-to-date symlink: /home/ylnn/DM_Armx/install/rebotarm_msgs/include/rebotarm_msgs/rebotarm_msgs/msg/detail/arm_status__struct.hpp
[2.623s] -- Up-to-date symlink: /home/ylnn/DM_Armx/install/rebotarm_msgs/include/rebotarm_msgs/rebotarm_msgs/msg/detail/arm_status__traits.hpp
[2.623s] -- Up-to-date symlink: /home/ylnn/DM_Armx/install/rebotarm_msgs/include/rebotarm_msgs/rebotarm_msgs/msg/detail/arm_status__type_support.hpp
[2.623s] -- Up-to-date symlink: /home/ylnn/DM_Armx/install/rebotarm_msgs/include/rebotarm_msgs/rebotarm_msgs/msg/detail/joint_mit_cmd__builder.hpp
[2.624s] -- Up-to-date symlink: /home/ylnn/DM_Armx/install/rebotarm_msgs/include/rebotarm_msgs/rebotarm_msgs/msg/detail/joint_mit_cmd__struct.hpp
[2.624s] -- Up-to-date symlink: /home/ylnn/DM_Armx/install/rebotarm_msgs/include/rebotarm_msgs/rebotarm_msgs/msg/detail/joint_mit_cmd__traits.hpp
[2.624s] -- Up-to-date symlink: /home/ylnn/DM_Armx/install/rebotarm_msgs/include/rebotarm_msgs/rebotarm_msgs/msg/detail/joint_mit_cmd__type_support.hpp
[2.624s] -- Up-to-date symlink: /home/ylnn/DM_Armx/install/rebotarm_msgs/include/rebotarm_msgs/rebotarm_msgs/msg/detail/joint_motor_cmd__builder.hpp
[2.624s] -- Up-to-date symlink: /home/ylnn/DM_Armx/install/rebotarm_msgs/include/rebotarm_msgs/rebotarm_msgs/msg/detail/joint_motor_cmd__struct.hpp
[2.624s] -- Up-to-date symlink: /home/ylnn/DM_Armx/install/rebotarm_msgs/include/rebotarm_msgs/rebotarm_msgs/msg/detail/joint_motor_cmd__traits.hpp
[2.624s] -- Up-to-date symlink: /home/ylnn/DM_Armx/install/rebotarm_msgs/include/rebotarm_msgs/rebotarm_msgs/msg/detail/joint_motor_cmd__type_support.hpp
[2.624s] -- Up-to-date symlink: /home/ylnn/DM_Armx/install/rebotarm_msgs/include/rebotarm_msgs/rebotarm_msgs/msg/detail/joint_motor_state__builder.hpp
[2.624s] -- Up-to-date symlink: /home/ylnn/DM_Armx/install/rebotarm_msgs/include/rebotarm_msgs/rebotarm_msgs/msg/detail/joint_motor_state__struct.hpp
[2.624s] -- Up-to-date symlink: /home/ylnn/DM_Armx/install/rebotarm_msgs/include/rebotarm_msgs/rebotarm_msgs/msg/detail/joint_motor_state__traits.hpp
[2.624s] -- Up-to-date symlink: /home/ylnn/DM_Armx/install/rebotarm_msgs/include/rebotarm_msgs/rebotarm_msgs/msg/detail/joint_motor_state__type_support.hpp
[2.624s] -- Up-to-date symlink: /home/ylnn/DM_Armx/install/rebotarm_msgs/include/rebotarm_msgs/rebotarm_msgs/msg/detail/joint_pos_vel_cmd__builder.hpp
[2.624s] -- Up-to-date symlink: /home/ylnn/DM_Armx/install/rebotarm_msgs/include/rebotarm_msgs/rebotarm_msgs/msg/detail/joint_pos_vel_cmd__struct.hpp
[2.624s] -- Up-to-date symlink: /home/ylnn/DM_Armx/install/rebotarm_msgs/include/rebotarm_msgs/rebotarm_msgs/msg/detail/joint_pos_vel_cmd__traits.hpp
[2.624s] -- Up-to-date symlink: /home/ylnn/DM_Armx/install/rebotarm_msgs/include/rebotarm_msgs/rebotarm_msgs/msg/detail/joint_pos_vel_cmd__type_support.hpp
[2.624s] -- Up-to-date symlink: /home/ylnn/DM_Armx/install/rebotarm_msgs/include/rebotarm_msgs/rebotarm_msgs/msg/joint_mit_cmd.hpp
[2.625s] -- Up-to-date symlink: /home/ylnn/DM_Armx/install/rebotarm_msgs/include/rebotarm_msgs/rebotarm_msgs/msg/joint_motor_cmd.hpp
[2.625s] -- Up-to-date symlink: /home/ylnn/DM_Armx/install/rebotarm_msgs/include/rebotarm_msgs/rebotarm_msgs/msg/joint_motor_state.hpp
[2.625s] -- Up-to-date symlink: /home/ylnn/DM_Armx/install/rebotarm_msgs/include/rebotarm_msgs/rebotarm_msgs/msg/joint_pos_vel_cmd.hpp
[2.625s] -- Up-to-date symlink: /home/ylnn/DM_Armx/install/rebotarm_msgs/include/rebotarm_msgs/rebotarm_msgs/msg/rosidl_generator_cpp__visibility_control.hpp
[2.625s] -- Up-to-date symlink: /home/ylnn/DM_Armx/install/rebotarm_msgs/include/rebotarm_msgs/rebotarm_msgs/srv/detail/gripper_command__builder.hpp
[2.625s] -- Up-to-date symlink: /home/ylnn/DM_Armx/install/rebotarm_msgs/include/rebotarm_msgs/rebotarm_msgs/srv/detail/gripper_command__struct.hpp
[2.625s] -- Up-to-date symlink: /home/ylnn/DM_Armx/install/rebotarm_msgs/include/rebotarm_msgs/rebotarm_msgs/srv/detail/gripper_command__traits.hpp
[2.625s] -- Up-to-date symlink: /home/ylnn/DM_Armx/install/rebotarm_msgs/include/rebotarm_msgs/rebotarm_msgs/srv/detail/gripper_command__type_support.hpp
[2.625s] -- Up-to-date symlink: /home/ylnn/DM_Armx/install/rebotarm_msgs/include/rebotarm_msgs/rebotarm_msgs/srv/detail/move_to_pose_ik__builder.hpp
[2.625s] -- Up-to-date symlink: /home/ylnn/DM_Armx/install/rebotarm_msgs/include/rebotarm_msgs/rebotarm_msgs/srv/detail/move_to_pose_ik__struct.hpp
[2.625s] -- Up-to-date symlink: /home/ylnn/DM_Armx/install/rebotarm_msgs/include/rebotarm_msgs/rebotarm_msgs/srv/detail/move_to_pose_ik__traits.hpp
[2.625s] -- Up-to-date symlink: /home/ylnn/DM_Armx/install/rebotarm_msgs/include/rebotarm_msgs/rebotarm_msgs/srv/detail/move_to_pose_ik__type_support.hpp
[2.625s] -- Up-to-date symlink: /home/ylnn/DM_Armx/install/rebotarm_msgs/include/rebotarm_msgs/rebotarm_msgs/srv/detail/set_gripper__builder.hpp
[2.625s] -- Up-to-date symlink: /home/ylnn/DM_Armx/install/rebotarm_msgs/include/rebotarm_msgs/rebotarm_msgs/srv/detail/set_gripper__struct.hpp
[2.625s] -- Up-to-date symlink: /home/ylnn/DM_Armx/install/rebotarm_msgs/include/rebotarm_msgs/rebotarm_msgs/srv/detail/set_gripper__traits.hpp
[2.625s] -- Up-to-date symlink: /home/ylnn/DM_Armx/install/rebotarm_msgs/include/rebotarm_msgs/rebotarm_msgs/srv/detail/set_gripper__type_support.hpp
[2.625s] -- Up-to-date symlink: /home/ylnn/DM_Armx/install/rebotarm_msgs/include/rebotarm_msgs/rebotarm_msgs/srv/detail/set_mode__builder.hpp
[2.625s] -- Up-to-date symlink: /home/ylnn/DM_Armx/install/rebotarm_msgs/include/rebotarm_msgs/rebotarm_msgs/srv/detail/set_mode__struct.hpp
[2.626s] -- Up-to-date symlink: /home/ylnn/DM_Armx/install/rebotarm_msgs/include/rebotarm_msgs/rebotarm_msgs/srv/detail/set_mode__traits.hpp
[2.626s] -- Up-to-date symlink: /home/ylnn/DM_Armx/install/rebotarm_msgs/include/rebotarm_msgs/rebotarm_msgs/srv/detail/set_mode__type_support.hpp
[2.626s] -- Up-to-date symlink: /home/ylnn/DM_Armx/install/rebotarm_msgs/include/rebotarm_msgs/rebotarm_msgs/srv/detail/set_zero__builder.hpp
[2.626s] -- Up-to-date symlink: /home/ylnn/DM_Armx/install/rebotarm_msgs/include/rebotarm_msgs/rebotarm_msgs/srv/detail/set_zero__struct.hpp
[2.626s] -- Up-to-date symlink: /home/ylnn/DM_Armx/install/rebotarm_msgs/include/rebotarm_msgs/rebotarm_msgs/srv/detail/set_zero__traits.hpp
[2.626s] -- Up-to-date symlink: /home/ylnn/DM_Armx/install/rebotarm_msgs/include/rebotarm_msgs/rebotarm_msgs/srv/detail/set_zero__type_support.hpp
[2.626s] -- Up-to-date symlink: /home/ylnn/DM_Armx/install/rebotarm_msgs/include/rebotarm_msgs/rebotarm_msgs/srv/gripper_command.hpp
[2.626s] -- Up-to-date symlink: /home/ylnn/DM_Armx/install/rebotarm_msgs/include/rebotarm_msgs/rebotarm_msgs/srv/move_to_pose_ik.hpp
[2.626s] -- Up-to-date symlink: /home/ylnn/DM_Armx/install/rebotarm_msgs/include/rebotarm_msgs/rebotarm_msgs/srv/set_gripper.hpp
[2.626s] -- Up-to-date symlink: /home/ylnn/DM_Armx/install/rebotarm_msgs/include/rebotarm_msgs/rebotarm_msgs/srv/set_mode.hpp
[2.626s] -- Up-to-date symlink: /home/ylnn/DM_Armx/install/rebotarm_msgs/include/rebotarm_msgs/rebotarm_msgs/srv/set_zero.hpp
[2.626s] -- Up-to-date symlink: /home/ylnn/DM_Armx/install/rebotarm_msgs/include/rebotarm_msgs/rebotarm_msgs/action/detail/move_to_pose__rosidl_typesupport_fastrtps_cpp.hpp
[2.626s] -- Up-to-date symlink: /home/ylnn/DM_Armx/install/rebotarm_msgs/include/rebotarm_msgs/rebotarm_msgs/msg/detail/arm_status__rosidl_typesupport_fastrtps_cpp.hpp
[2.626s] -- Up-to-date symlink: /home/ylnn/DM_Armx/install/rebotarm_msgs/include/rebotarm_msgs/rebotarm_msgs/msg/detail/joint_mit_cmd__rosidl_typesupport_fastrtps_cpp.hpp
[2.626s] -- Up-to-date symlink: /home/ylnn/DM_Armx/install/rebotarm_msgs/include/rebotarm_msgs/rebotarm_msgs/msg/detail/joint_motor_cmd__rosidl_typesupport_fastrtps_cpp.hpp
[2.626s] -- Up-to-date symlink: /home/ylnn/DM_Armx/install/rebotarm_msgs/include/rebotarm_msgs/rebotarm_msgs/msg/detail/joint_motor_state__rosidl_typesupport_fastrtps_cpp.hpp
[2.626s] -- Up-to-date symlink: /home/ylnn/DM_Armx/install/rebotarm_msgs/include/rebotarm_msgs/rebotarm_msgs/msg/detail/joint_pos_vel_cmd__rosidl_typesupport_fastrtps_cpp.hpp
[2.626s] -- Up-to-date symlink: /home/ylnn/DM_Armx/install/rebotarm_msgs/include/rebotarm_msgs/rebotarm_msgs/msg/rosidl_typesupport_fastrtps_cpp__visibility_control.h
[2.626s] -- Up-to-date symlink: /home/ylnn/DM_Armx/install/rebotarm_msgs/include/rebotarm_msgs/rebotarm_msgs/srv/detail/gripper_command__rosidl_typesupport_fastrtps_cpp.hpp
[2.626s] -- Up-to-date symlink: /home/ylnn/DM_Armx/install/rebotarm_msgs/include/rebotarm_msgs/rebotarm_msgs/srv/detail/move_to_pose_ik__rosidl_typesupport_fastrtps_cpp.hpp
[2.627s] -- Up-to-date symlink: /home/ylnn/DM_Armx/install/rebotarm_msgs/include/rebotarm_msgs/rebotarm_msgs/srv/detail/set_gripper__rosidl_typesupport_fastrtps_cpp.hpp
[2.627s] -- Up-to-date symlink: /home/ylnn/DM_Armx/install/rebotarm_msgs/include/rebotarm_msgs/rebotarm_msgs/srv/detail/set_mode__rosidl_typesupport_fastrtps_cpp.hpp
[2.627s] -- Up-to-date symlink: /home/ylnn/DM_Armx/install/rebotarm_msgs/include/rebotarm_msgs/rebotarm_msgs/srv/detail/set_zero__rosidl_typesupport_fastrtps_cpp.hpp
[2.627s] -- Up-to-date symlink: /home/ylnn/DM_Armx/install/rebotarm_msgs/include/rebotarm_msgs/rebotarm_msgs/action/detail/move_to_pose__rosidl_typesupport_introspection_cpp.hpp
[2.627s] -- Up-to-date symlink: /home/ylnn/DM_Armx/install/rebotarm_msgs/include/rebotarm_msgs/rebotarm_msgs/msg/detail/arm_status__rosidl_typesupport_introspection_cpp.hpp
[2.627s] -- Up-to-date symlink: /home/ylnn/DM_Armx/install/rebotarm_msgs/include/rebotarm_msgs/rebotarm_msgs/msg/detail/joint_mit_cmd__rosidl_typesupport_introspection_cpp.hpp
[2.627s] -- Up-to-date symlink: /home/ylnn/DM_Armx/install/rebotarm_msgs/include/rebotarm_msgs/rebotarm_msgs/msg/detail/joint_motor_cmd__rosidl_typesupport_introspection_cpp.hpp
[2.627s] -- Up-to-date symlink: /home/ylnn/DM_Armx/install/rebotarm_msgs/include/rebotarm_msgs/rebotarm_msgs/msg/detail/joint_motor_state__rosidl_typesupport_introspection_cpp.hpp
[2.627s] -- Up-to-date symlink: /home/ylnn/DM_Armx/install/rebotarm_msgs/include/rebotarm_msgs/rebotarm_msgs/msg/detail/joint_pos_vel_cmd__rosidl_typesupport_introspection_cpp.hpp
[2.627s] -- Up-to-date symlink: /home/ylnn/DM_Armx/install/rebotarm_msgs/include/rebotarm_msgs/rebotarm_msgs/srv/detail/gripper_command__rosidl_typesupport_introspection_cpp.hpp
[2.627s] -- Up-to-date symlink: /home/ylnn/DM_Armx/install/rebotarm_msgs/include/rebotarm_msgs/rebotarm_msgs/srv/detail/move_to_pose_ik__rosidl_typesupport_introspection_cpp.hpp
[2.627s] -- Up-to-date symlink: /home/ylnn/DM_Armx/install/rebotarm_msgs/include/rebotarm_msgs/rebotarm_msgs/srv/detail/set_gripper__rosidl_typesupport_introspection_cpp.hpp
[2.627s] -- Up-to-date symlink: /home/ylnn/DM_Armx/install/rebotarm_msgs/include/rebotarm_msgs/rebotarm_msgs/srv/detail/set_mode__rosidl_typesupport_introspection_cpp.hpp
[2.627s] -- Up-to-date symlink: /home/ylnn/DM_Armx/install/rebotarm_msgs/include/rebotarm_msgs/rebotarm_msgs/srv/detail/set_zero__rosidl_typesupport_introspection_cpp.hpp
[2.627s] -- Up-to-date symlink: /home/ylnn/DM_Armx/install/rebotarm_msgs/share/rebotarm_msgs/environment/pythonpath.sh
[2.627s] -- Up-to-date symlink: /home/ylnn/DM_Armx/install/rebotarm_msgs/share/rebotarm_msgs/environment/pythonpath.dsv
[2.627s] -- Up-to-date symlink: /home/ylnn/DM_Armx/install/rebotarm_msgs/lib/python3.12/site-packages/rebotarm_msgs-0.1.0-py3.12.egg-info/PKG-INFO
[2.627s] -- Up-to-date symlink: /home/ylnn/DM_Armx/install/rebotarm_msgs/lib/python3.12/site-packages/rebotarm_msgs-0.1.0-py3.12.egg-info/SOURCES.txt
[2.627s] -- Up-to-date symlink: /home/ylnn/DM_Armx/install/rebotarm_msgs/lib/python3.12/site-packages/rebotarm_msgs-0.1.0-py3.12.egg-info/dependency_links.txt
[2.628s] -- Up-to-date symlink: /home/ylnn/DM_Armx/install/rebotarm_msgs/lib/python3.12/site-packages/rebotarm_msgs-0.1.0-py3.12.egg-info/top_level.txt
[2.628s] -- Up-to-date symlink: /home/ylnn/DM_Armx/install/rebotarm_msgs/lib/python3.12/site-packages/rebotarm_msgs/__init__.py
[2.628s] -- Up-to-date symlink: /home/ylnn/DM_Armx/install/rebotarm_msgs/lib/python3.12/site-packages/rebotarm_msgs/_rebotarm_msgs_s.ep.rosidl_typesupport_c.c
[2.628s] -- Up-to-date symlink: /home/ylnn/DM_Armx/install/rebotarm_msgs/lib/python3.12/site-packages/rebotarm_msgs/_rebotarm_msgs_s.ep.rosidl_typesupport_fastrtps_c.c
[2.628s] -- Up-to-date symlink: /home/ylnn/DM_Armx/install/rebotarm_msgs/lib/python3.12/site-packages/rebotarm_msgs/_rebotarm_msgs_s.ep.rosidl_typesupport_introspection_c.c
[2.628s] -- Up-to-date symlink: /home/ylnn/DM_Armx/install/rebotarm_msgs/lib/python3.12/site-packages/rebotarm_msgs/action/__init__.py
[2.628s] -- Up-to-date symlink: /home/ylnn/DM_Armx/install/rebotarm_msgs/lib/python3.12/site-packages/rebotarm_msgs/action/_move_to_pose.py
[2.628s] -- Up-to-date symlink: /home/ylnn/DM_Armx/install/rebotarm_msgs/lib/python3.12/site-packages/rebotarm_msgs/action/_move_to_pose_s.c
[2.628s] -- Up-to-date symlink: /home/ylnn/DM_Armx/install/rebotarm_msgs/lib/python3.12/site-packages/rebotarm_msgs/msg/__init__.py
[2.628s] -- Up-to-date symlink: /home/ylnn/DM_Armx/install/rebotarm_msgs/lib/python3.12/site-packages/rebotarm_msgs/msg/_arm_status.py
[2.628s] -- Up-to-date symlink: /home/ylnn/DM_Armx/install/rebotarm_msgs/lib/python3.12/site-packages/rebotarm_msgs/msg/_arm_status_s.c
[2.628s] -- Up-to-date symlink: /home/ylnn/DM_Armx/install/rebotarm_msgs/lib/python3.12/site-packages/rebotarm_msgs/msg/_joint_mit_cmd.py
[2.628s] -- Up-to-date symlink: /home/ylnn/DM_Armx/install/rebotarm_msgs/lib/python3.12/site-packages/rebotarm_msgs/msg/_joint_mit_cmd_s.c
[2.628s] -- Up-to-date symlink: /home/ylnn/DM_Armx/install/rebotarm_msgs/lib/python3.12/site-packages/rebotarm_msgs/msg/_joint_motor_cmd.py
[2.628s] -- Up-to-date symlink: /home/ylnn/DM_Armx/install/rebotarm_msgs/lib/python3.12/site-packages/rebotarm_msgs/msg/_joint_motor_cmd_s.c
[2.628s] -- Up-to-date symlink: /home/ylnn/DM_Armx/install/rebotarm_msgs/lib/python3.12/site-packages/rebotarm_msgs/msg/_joint_motor_state.py
[2.628s] -- Up-to-date symlink: /home/ylnn/DM_Armx/install/rebotarm_msgs/lib/python3.12/site-packages/rebotarm_msgs/msg/_joint_motor_state_s.c
[2.628s] -- Up-to-date symlink: /home/ylnn/DM_Armx/install/rebotarm_msgs/lib/python3.12/site-packages/rebotarm_msgs/msg/_joint_pos_vel_cmd.py
[2.628s] -- Up-to-date symlink: /home/ylnn/DM_Armx/install/rebotarm_msgs/lib/python3.12/site-packages/rebotarm_msgs/msg/_joint_pos_vel_cmd_s.c
[2.629s] -- Up-to-date symlink: /home/ylnn/DM_Armx/install/rebotarm_msgs/lib/python3.12/site-packages/rebotarm_msgs/rebotarm_msgs_s__rosidl_typesupport_c.so
[2.629s] -- Up-to-date symlink: /home/ylnn/DM_Armx/install/rebotarm_msgs/lib/python3.12/site-packages/rebotarm_msgs/rebotarm_msgs_s__rosidl_typesupport_fastrtps_c.so
[2.629s] -- Up-to-date symlink: /home/ylnn/DM_Armx/install/rebotarm_msgs/lib/python3.12/site-packages/rebotarm_msgs/rebotarm_msgs_s__rosidl_typesupport_introspection_c.so
[2.629s] -- Up-to-date symlink: /home/ylnn/DM_Armx/install/rebotarm_msgs/lib/python3.12/site-packages/rebotarm_msgs/srv/__init__.py
[2.629s] -- Up-to-date symlink: /home/ylnn/DM_Armx/install/rebotarm_msgs/lib/python3.12/site-packages/rebotarm_msgs/srv/_gripper_command.py
[2.629s] -- Up-to-date symlink: /home/ylnn/DM_Armx/install/rebotarm_msgs/lib/python3.12/site-packages/rebotarm_msgs/srv/_gripper_command_s.c
[2.629s] -- Up-to-date symlink: /home/ylnn/DM_Armx/install/rebotarm_msgs/lib/python3.12/site-packages/rebotarm_msgs/srv/_move_to_pose_ik.py
[2.629s] -- Up-to-date symlink: /home/ylnn/DM_Armx/install/rebotarm_msgs/lib/python3.12/site-packages/rebotarm_msgs/srv/_move_to_pose_ik_s.c
[2.629s] -- Up-to-date symlink: /home/ylnn/DM_Armx/install/rebotarm_msgs/lib/python3.12/site-packages/rebotarm_msgs/srv/_set_gripper.py
[2.629s] -- Up-to-date symlink: /home/ylnn/DM_Armx/install/rebotarm_msgs/lib/python3.12/site-packages/rebotarm_msgs/srv/_set_gripper_s.c
[2.629s] -- Up-to-date symlink: /home/ylnn/DM_Armx/install/rebotarm_msgs/lib/python3.12/site-packages/rebotarm_msgs/srv/_set_mode.py
[2.629s] -- Up-to-date symlink: /home/ylnn/DM_Armx/install/rebotarm_msgs/lib/python3.12/site-packages/rebotarm_msgs/srv/_set_mode_s.c
[2.629s] -- Up-to-date symlink: /home/ylnn/DM_Armx/install/rebotarm_msgs/lib/python3.12/site-packages/rebotarm_msgs/srv/_set_zero.py
[2.629s] -- Up-to-date symlink: /home/ylnn/DM_Armx/install/rebotarm_msgs/lib/python3.12/site-packages/rebotarm_msgs/srv/_set_zero_s.c
[2.629s] -- Up-to-date symlink: /home/ylnn/DM_Armx/install/rebotarm_msgs/lib/python3.12/site-packages/rebotarm_msgs/rebotarm_msgs_s__rosidl_typesupport_fastrtps_c.so
[2.629s] -- Up-to-date symlink: /home/ylnn/DM_Armx/install/rebotarm_msgs/lib/python3.12/site-packages/rebotarm_msgs/rebotarm_msgs_s__rosidl_typesupport_introspection_c.so
[2.629s] -- Up-to-date symlink: /home/ylnn/DM_Armx/install/rebotarm_msgs/lib/python3.12/site-packages/rebotarm_msgs/rebotarm_msgs_s__rosidl_typesupport_c.so
[2.629s] -- Up-to-date symlink: /home/ylnn/DM_Armx/install/rebotarm_msgs/share/rebotarm_msgs/rust/Cargo.toml
[2.630s] -- Up-to-date symlink: /home/ylnn/DM_Armx/install/rebotarm_msgs/share/rebotarm_msgs/rust/build.rs
[2.630s] -- Up-to-date symlink: /home/ylnn/DM_Armx/install/rebotarm_msgs/share/rebotarm_msgs/rust/src/action.rs
[2.630s] -- Up-to-date symlink: /home/ylnn/DM_Armx/install/rebotarm_msgs/share/rebotarm_msgs/rust/src/action/rmw.rs
[2.630s] -- Up-to-date symlink: /home/ylnn/DM_Armx/install/rebotarm_msgs/share/rebotarm_msgs/rust/src/lib.rs
[2.630s] -- Up-to-date symlink: /home/ylnn/DM_Armx/install/rebotarm_msgs/share/rebotarm_msgs/rust/src/msg.rs
[2.630s] -- Up-to-date symlink: /home/ylnn/DM_Armx/install/rebotarm_msgs/share/rebotarm_msgs/rust/src/msg/rmw.rs
[2.630s] -- Up-to-date symlink: /home/ylnn/DM_Armx/install/rebotarm_msgs/share/rebotarm_msgs/rust/src/srv.rs
[2.630s] -- Up-to-date symlink: /home/ylnn/DM_Armx/install/rebotarm_msgs/share/rebotarm_msgs/rust/src/srv/rmw.rs
[2.630s] -- Up-to-date symlink: /home/ylnn/DM_Armx/install/rebotarm_msgs/share/rebotarm_msgs/msg/JointMotorCmd.idl
[2.630s] -- Up-to-date symlink: /home/ylnn/DM_Armx/install/rebotarm_msgs/share/rebotarm_msgs/msg/JointMitCmd.idl
[2.630s] -- Up-to-date symlink: /home/ylnn/DM_Armx/install/rebotarm_msgs/share/rebotarm_msgs/msg/JointPosVelCmd.idl
[2.630s] -- Up-to-date symlink: /home/ylnn/DM_Armx/install/rebotarm_msgs/share/rebotarm_msgs/msg/JointMotorState.idl
[2.630s] -- Up-to-date symlink: /home/ylnn/DM_Armx/install/rebotarm_msgs/share/rebotarm_msgs/msg/ArmStatus.idl
[2.630s] -- Up-to-date symlink: /home/ylnn/DM_Armx/install/rebotarm_msgs/share/rebotarm_msgs/srv/SetMode.idl
[2.630s] -- Up-to-date symlink: /home/ylnn/DM_Armx/install/rebotarm_msgs/share/rebotarm_msgs/srv/SetZero.idl
[2.630s] -- Up-to-date symlink: /home/ylnn/DM_Armx/install/rebotarm_msgs/share/rebotarm_msgs/srv/MoveToPoseIK.idl
[2.630s] -- Up-to-date symlink: /home/ylnn/DM_Armx/install/rebotarm_msgs/share/rebotarm_msgs/srv/SetGripper.idl
[2.631s] -- Up-to-date symlink: /home/ylnn/DM_Armx/install/rebotarm_msgs/share/rebotarm_msgs/srv/GripperCommand.idl
[2.631s] -- Up-to-date symlink: /home/ylnn/DM_Armx/install/rebotarm_msgs/share/rebotarm_msgs/action/MoveToPose.idl
[2.631s] -- Up-to-date symlink: /home/ylnn/DM_Armx/install/rebotarm_msgs/share/rebotarm_msgs/msg/JointMotorCmd.msg
[2.631s] -- Up-to-date symlink: /home/ylnn/DM_Armx/install/rebotarm_msgs/share/rebotarm_msgs/msg/JointMitCmd.msg
[2.631s] -- Up-to-date symlink: /home/ylnn/DM_Armx/install/rebotarm_msgs/share/rebotarm_msgs/msg/JointPosVelCmd.msg
[2.631s] -- Up-to-date symlink: /home/ylnn/DM_Armx/install/rebotarm_msgs/share/rebotarm_msgs/msg/JointMotorState.msg
[2.631s] -- Up-to-date symlink: /home/ylnn/DM_Armx/install/rebotarm_msgs/share/rebotarm_msgs/msg/ArmStatus.msg
[2.631s] -- Up-to-date symlink: /home/ylnn/DM_Armx/install/rebotarm_msgs/share/rebotarm_msgs/srv/SetMode.srv
[2.631s] -- Up-to-date symlink: /home/ylnn/DM_Armx/install/rebotarm_msgs/share/rebotarm_msgs/srv/SetZero.srv
[2.631s] -- Up-to-date symlink: /home/ylnn/DM_Armx/install/rebotarm_msgs/share/rebotarm_msgs/srv/MoveToPoseIK.srv
[2.631s] -- Up-to-date symlink: /home/ylnn/DM_Armx/install/rebotarm_msgs/share/rebotarm_msgs/srv/SetGripper.srv
[2.631s] -- Up-to-date symlink: /home/ylnn/DM_Armx/install/rebotarm_msgs/share/rebotarm_msgs/srv/GripperCommand.srv
[2.631s] -- Up-to-date symlink: /home/ylnn/DM_Armx/install/rebotarm_msgs/share/rebotarm_msgs/action/MoveToPose.action
[2.631s] -- Up-to-date symlink: /home/ylnn/DM_Armx/install/rebotarm_msgs/share/ament_index/resource_index/package_run_dependencies/rebotarm_msgs
[2.632s] -- Up-to-date symlink: /home/ylnn/DM_Armx/install/rebotarm_msgs/share/ament_index/resource_index/parent_prefix_path/rebotarm_msgs
[2.632s] -- Up-to-date symlink: /home/ylnn/DM_Armx/install/rebotarm_msgs/share/rebotarm_msgs/environment/ament_prefix_path.sh
[2.632s] -- Up-to-date symlink: /home/ylnn/DM_Armx/install/rebotarm_msgs/share/rebotarm_msgs/environment/ament_prefix_path.dsv
[2.632s] -- Up-to-date symlink: /home/ylnn/DM_Armx/install/rebotarm_msgs/share/rebotarm_msgs/environment/path.sh
[2.632s] -- Up-to-date symlink: /home/ylnn/DM_Armx/install/rebotarm_msgs/share/rebotarm_msgs/environment/path.dsv
[2.632s] -- Up-to-date symlink: /home/ylnn/DM_Armx/install/rebotarm_msgs/share/rebotarm_msgs/local_setup.bash
[2.632s] -- Up-to-date symlink: /home/ylnn/DM_Armx/install/rebotarm_msgs/share/rebotarm_msgs/local_setup.sh
[2.632s] -- Up-to-date symlink: /home/ylnn/DM_Armx/install/rebotarm_msgs/share/rebotarm_msgs/local_setup.zsh
[2.632s] -- Up-to-date symlink: /home/ylnn/DM_Armx/install/rebotarm_msgs/share/rebotarm_msgs/local_setup.dsv
[2.632s] -- Symlinking: /home/ylnn/DM_Armx/install/rebotarm_msgs/share/rebotarm_msgs/package.dsv
[2.638s] -- Up-to-date symlink: /home/ylnn/DM_Armx/install/rebotarm_msgs/share/ament_index/resource_index/packages/rebotarm_msgs
[2.638s] -- Up-to-date symlink: /home/ylnn/DM_Armx/install/rebotarm_msgs/share/rebotarm_msgs/cmake/rosidl_cmake-extras.cmake
[2.638s] -- Up-to-date symlink: /home/ylnn/DM_Armx/install/rebotarm_msgs/share/rebotarm_msgs/cmake/ament_cmake_export_dependencies-extras.cmake
[2.638s] -- Up-to-date symlink: /home/ylnn/DM_Armx/install/rebotarm_msgs/share/rebotarm_msgs/cmake/ament_cmake_export_include_directories-extras.cmake
[2.638s] -- Up-to-date symlink: /home/ylnn/DM_Armx/install/rebotarm_msgs/share/rebotarm_msgs/cmake/ament_cmake_export_libraries-extras.cmake
[2.638s] -- Up-to-date symlink: /home/ylnn/DM_Armx/install/rebotarm_msgs/share/rebotarm_msgs/cmake/ament_cmake_export_targets-extras.cmake
[2.638s] -- Up-to-date symlink: /home/ylnn/DM_Armx/install/rebotarm_msgs/share/rebotarm_msgs/cmake/rosidl_cmake_export_typesupport_targets-extras.cmake
[2.638s] -- Up-to-date symlink: /home/ylnn/DM_Armx/install/rebotarm_msgs/share/rebotarm_msgs/cmake/rosidl_cmake_export_typesupport_libraries-extras.cmake
[2.638s] -- Up-to-date symlink: /home/ylnn/DM_Armx/install/rebotarm_msgs/share/rebotarm_msgs/cmake/rosidl_cmake_aggregate_target-extras.cmake
[2.638s] -- Up-to-date symlink: /home/ylnn/DM_Armx/install/rebotarm_msgs/share/rebotarm_msgs/cmake/rebotarm_msgsConfig.cmake
[2.638s] -- Up-to-date symlink: /home/ylnn/DM_Armx/install/rebotarm_msgs/share/rebotarm_msgs/cmake/rebotarm_msgsConfig-version.cmake
[2.638s] -- Up-to-date symlink: /home/ylnn/DM_Armx/install/rebotarm_msgs/share/rebotarm_msgs/package.xml
[2.639s] -- Up-to-date: /home/ylnn/DM_Armx/install/rebotarm_msgs/lib/librebotarm_msgs__rosidl_generator_c.so
[2.639s] -- Up-to-date: /home/ylnn/DM_Armx/install/rebotarm_msgs/lib/librebotarm_msgs__rosidl_typesupport_fastrtps_c.so
[2.639s] -- Up-to-date: /home/ylnn/DM_Armx/install/rebotarm_msgs/lib/librebotarm_msgs__rosidl_typesupport_introspection_c.so
[2.639s] -- Up-to-date: /home/ylnn/DM_Armx/install/rebotarm_msgs/lib/librebotarm_msgs__rosidl_typesupport_c.so
[2.639s] -- Up-to-date: /home/ylnn/DM_Armx/install/rebotarm_msgs/lib/librebotarm_msgs__rosidl_typesupport_fastrtps_cpp.so
[2.639s] -- Up-to-date: /home/ylnn/DM_Armx/install/rebotarm_msgs/lib/librebotarm_msgs__rosidl_typesupport_introspection_cpp.so
[2.639s] -- Up-to-date: /home/ylnn/DM_Armx/install/rebotarm_msgs/lib/librebotarm_msgs__rosidl_typesupport_cpp.so
[2.669s] Listing '/home/ylnn/DM_Armx/install/rebotarm_msgs/lib/python3.12/site-packages/rebotarm_msgs'...
[2.669s] Compiling '/home/ylnn/DM_Armx/install/rebotarm_msgs/lib/python3.12/site-packages/rebotarm_msgs/__init__.py'...
[2.669s] Listing '/home/ylnn/DM_Armx/install/rebotarm_msgs/lib/python3.12/site-packages/rebotarm_msgs/action'...
[2.669s] Listing '/home/ylnn/DM_Armx/install/rebotarm_msgs/lib/python3.12/site-packages/rebotarm_msgs/msg'...
[2.669s] Listing '/home/ylnn/DM_Armx/install/rebotarm_msgs/lib/python3.12/site-packages/rebotarm_msgs/srv'...
[2.673s] -- Up-to-date: /home/ylnn/DM_Armx/install/rebotarm_msgs/lib/librebotarm_msgs__rosidl_generator_py.so
[2.673s] -- Up-to-date: /home/ylnn/DM_Armx/install/rebotarm_msgs/share/rebotarm_msgs/cmake/export_rebotarm_msgs__rosidl_generator_cExport.cmake
[2.673s] -- Up-to-date: /home/ylnn/DM_Armx/install/rebotarm_msgs/share/rebotarm_msgs/cmake/export_rebotarm_msgs__rosidl_generator_cExport-noconfig.cmake
[2.673s] -- Up-to-date: /home/ylnn/DM_Armx/install/rebotarm_msgs/share/rebotarm_msgs/cmake/export_rebotarm_msgs__rosidl_typesupport_fastrtps_cExport.cmake
[2.673s] -- Up-to-date: /home/ylnn/DM_Armx/install/rebotarm_msgs/share/rebotarm_msgs/cmake/export_rebotarm_msgs__rosidl_typesupport_fastrtps_cExport-noconfig.cmake
[2.673s] -- Up-to-date: /home/ylnn/DM_Armx/install/rebotarm_msgs/share/rebotarm_msgs/cmake/rebotarm_msgs__rosidl_typesupport_introspection_cExport.cmake
[2.673s] -- Up-to-date: /home/ylnn/DM_Armx/install/rebotarm_msgs/share/rebotarm_msgs/cmake/rebotarm_msgs__rosidl_typesupport_introspection_cExport-noconfig.cmake
[2.673s] -- Up-to-date: /home/ylnn/DM_Armx/install/rebotarm_msgs/share/rebotarm_msgs/cmake/rebotarm_msgs__rosidl_typesupport_cExport.cmake
[2.673s] -- Up-to-date: /home/ylnn/DM_Armx/install/rebotarm_msgs/share/rebotarm_msgs/cmake/rebotarm_msgs__rosidl_typesupport_cExport-noconfig.cmake
[2.673s] -- Up-to-date: /home/ylnn/DM_Armx/install/rebotarm_msgs/share/rebotarm_msgs/cmake/export_rebotarm_msgs__rosidl_generator_cppExport.cmake
[2.673s] -- Up-to-date: /home/ylnn/DM_Armx/install/rebotarm_msgs/share/rebotarm_msgs/cmake/export_rebotarm_msgs__rosidl_typesupport_fastrtps_cppExport.cmake
[2.673s] -- Up-to-date: /home/ylnn/DM_Armx/install/rebotarm_msgs/share/rebotarm_msgs/cmake/export_rebotarm_msgs__rosidl_typesupport_fastrtps_cppExport-noconfig.cmake
[2.673s] -- Up-to-date: /home/ylnn/DM_Armx/install/rebotarm_msgs/share/rebotarm_msgs/cmake/rebotarm_msgs__rosidl_typesupport_introspection_cppExport.cmake
[2.673s] -- Up-to-date: /home/ylnn/DM_Armx/install/rebotarm_msgs/share/rebotarm_msgs/cmake/rebotarm_msgs__rosidl_typesupport_introspection_cppExport-noconfig.cmake
[2.673s] -- Up-to-date: /home/ylnn/DM_Armx/install/rebotarm_msgs/share/rebotarm_msgs/cmake/rebotarm_msgs__rosidl_typesupport_cppExport.cmake
[2.673s] -- Up-to-date: /home/ylnn/DM_Armx/install/rebotarm_msgs/share/rebotarm_msgs/cmake/rebotarm_msgs__rosidl_typesupport_cppExport-noconfig.cmake
[2.673s] -- Up-to-date: /home/ylnn/DM_Armx/install/rebotarm_msgs/share/rebotarm_msgs/cmake/export_rebotarm_msgs__rosidl_generator_pyExport.cmake
[2.673s] -- Up-to-date: /home/ylnn/DM_Armx/install/rebotarm_msgs/share/rebotarm_msgs/cmake/export_rebotarm_msgs__rosidl_generator_pyExport-noconfig.cmake
[2.675s] Invoked command in '/home/ylnn/DM_Armx/build/rebotarm_msgs' returned '0': CMAKE_PREFIX_PATH=${CMAKE_PREFIX_PATH}:/home/ylnn/DM_Armx/.pixi/envs/default DEBUGINFOD_URLS=https://debuginfod.ubuntu.com PIXI_PROMPT=(DM_Armx) PS1=(DM_Armx) \[\e]0;\u@\h: \w\a\]${debian_chroot:+($debian_chroot)}\[\033[01;32m\]\u@\h\[\033[00m\]:\[\033[01;34m\]\w\[\033[00m\]\$ /home/ylnn/DM_Armx/.pixi/envs/default/bin/cmake --install /home/ylnn/DM_Armx/build/rebotarm_msgs
