[0.078s] colcon DEBUG Command line arguments: ['/home/ylnn/DM_Armx/.pixi/envs/default/bin/colcon', 'build', '--symlink-install', '--packages-select', 'mujoco_pkg']
[0.078s] colcon DEBUG Parsed command line arguments: Namespace(log_base=None, log_level=None, verb_name='build', build_base='build', install_base='install', merge_install=False, symlink_install=True, test_result_base=None, continue_on_error=False, executor='parallel', parallel_workers=16, event_handlers=None, ignore_user_meta=False, metas=['./colcon.meta'], base_paths=['.'], packages_ignore=None, packages_ignore_regex=None, paths=None, packages_up_to=None, packages_up_to_regex=None, packages_above=None, packages_above_and_dependencies=None, packages_above_depth=None, packages_select_by_dep=None, packages_skip_by_dep=None, packages_skip_up_to=None, packages_select_build_failed=False, packages_skip_build_finished=False, packages_select_test_failures=False, packages_skip_test_passed=False, packages_select=['mujoco_pkg'], packages_skip=None, packages_select_regex=None, packages_skip_regex=None, packages_start=None, packages_end=None, cmake_args=None, cmake_target=None, cmake_target_skip_unavailable=False, cmake_clean_cache=False, cmake_clean_first=False, cmake_force_configure=False, ament_cmake_args=None, catkin_cmake_args=None, catkin_skip_building_tests=False, verb_parser=<colcon_defaults.argument_parser.defaults.DefaultArgumentsDecorator object at 0x7debc34417f0>, verb_extension=<colcon_core.verb.build.BuildVerb object at 0x7debc355d760>, main=<bound method BuildVerb.main of <colcon_core.verb.build.BuildVerb object at 0x7debc355d760>>)
[0.096s] colcon.colcon_core.package_discovery Level 1 discover_packages(colcon_meta) check parameters
[0.096s] colcon.colcon_core.package_discovery Level 1 discover_packages(recursive) check parameters
[0.096s] colcon.colcon_core.package_discovery Level 1 discover_packages(ignore) check parameters
[0.096s] colcon.colcon_core.package_discovery Level 1 discover_packages(path) check parameters
[0.096s] colcon.colcon_core.package_discovery Level 1 discover_packages(colcon_meta) discover
[0.096s] colcon.colcon_core.package_discovery Level 1 discover_packages(recursive) discover
[0.096s] colcon.colcon_core.package_discovery INFO Crawling recursively for packages in '/home/ylnn/DM_Armx'
[0.096s] colcon.colcon_core.package_identification Level 1 _identify(.) by extensions ['ignore', 'ignore_ament_install']
[0.096s] colcon.colcon_core.package_identification Level 1 _identify(.) by extension 'ignore'
[0.096s] colcon.colcon_core.package_identification Level 1 _identify(.) by extension 'ignore_ament_install'
[0.097s] colcon.colcon_core.package_identification Level 1 _identify(.) by extensions ['colcon_pkg']
[0.097s] colcon.colcon_core.package_identification Level 1 _identify(.) by extension 'colcon_pkg'
[0.097s] colcon.colcon_core.package_identification Level 1 _identify(.) by extensions ['colcon_meta']
[0.097s] colcon.colcon_core.package_identification Level 1 _identify(.) by extension 'colcon_meta'
[0.097s] colcon.colcon_core.package_identification Level 1 _identify(.) by extensions ['ros']
[0.097s] colcon.colcon_core.package_identification Level 1 _identify(.) by extension 'ros'
[0.112s] colcon.colcon_core.package_identification Level 1 _identify(.) by extensions ['cmake', 'python']
[0.112s] colcon.colcon_core.package_identification Level 1 _identify(.) by extension 'cmake'
[0.112s] colcon.colcon_core.package_identification Level 1 _identify(.) by extension 'python'
[0.112s] colcon.colcon_core.package_identification Level 1 _identify(.) by extensions ['python_setup_py']
[0.112s] colcon.colcon_core.package_identification Level 1 _identify(.) by extension 'python_setup_py'
[0.112s] colcon.colcon_core.package_identification Level 1 _identify(build) by extensions ['ignore', 'ignore_ament_install']
[0.112s] colcon.colcon_core.package_identification Level 1 _identify(build) by extension 'ignore'
[0.112s] colcon.colcon_core.package_identification Level 1 _identify(build) ignored
[0.113s] colcon.colcon_core.package_identification Level 1 _identify(docs) by extensions ['ignore', 'ignore_ament_install']
[0.113s] colcon.colcon_core.package_identification Level 1 _identify(docs) by extension 'ignore'
[0.113s] colcon.colcon_core.package_identification Level 1 _identify(docs) by extension 'ignore_ament_install'
[0.113s] colcon.colcon_core.package_identification Level 1 _identify(docs) by extensions ['colcon_pkg']
[0.113s] colcon.colcon_core.package_identification Level 1 _identify(docs) by extension 'colcon_pkg'
[0.113s] colcon.colcon_core.package_identification Level 1 _identify(docs) by extensions ['colcon_meta']
[0.113s] colcon.colcon_core.package_identification Level 1 _identify(docs) by extension 'colcon_meta'
[0.113s] colcon.colcon_core.package_identification Level 1 _identify(docs) by extensions ['ros']
[0.113s] colcon.colcon_core.package_identification Level 1 _identify(docs) by extension 'ros'
[0.113s] colcon.colcon_core.package_identification Level 1 _identify(docs) by extensions ['cmake', 'python']
[0.113s] colcon.colcon_core.package_identification Level 1 _identify(docs) by extension 'cmake'
[0.113s] colcon.colcon_core.package_identification Level 1 _identify(docs) by extension 'python'
[0.113s] colcon.colcon_core.package_identification Level 1 _identify(docs) by extensions ['python_setup_py']
[0.113s] colcon.colcon_core.package_identification Level 1 _identify(docs) by extension 'python_setup_py'
[0.113s] colcon.colcon_core.package_identification Level 1 _identify(install) by extensions ['ignore', 'ignore_ament_install']
[0.113s] colcon.colcon_core.package_identification Level 1 _identify(install) by extension 'ignore'
[0.113s] colcon.colcon_core.package_identification Level 1 _identify(install) ignored
[0.113s] colcon.colcon_core.package_identification Level 1 _identify(log) by extensions ['ignore', 'ignore_ament_install']
[0.113s] colcon.colcon_core.package_identification Level 1 _identify(log) by extension 'ignore'
[0.113s] colcon.colcon_core.package_identification Level 1 _identify(log) ignored
[0.113s] colcon.colcon_core.package_identification Level 1 _identify(src) by extensions ['ignore', 'ignore_ament_install']
[0.113s] colcon.colcon_core.package_identification Level 1 _identify(src) by extension 'ignore'
[0.113s] colcon.colcon_core.package_identification Level 1 _identify(src) by extension 'ignore_ament_install'
[0.113s] colcon.colcon_core.package_identification Level 1 _identify(src) by extensions ['colcon_pkg']
[0.113s] colcon.colcon_core.package_identification Level 1 _identify(src) by extension 'colcon_pkg'
[0.113s] colcon.colcon_core.package_identification Level 1 _identify(src) by extensions ['colcon_meta']
[0.113s] colcon.colcon_core.package_identification Level 1 _identify(src) by extension 'colcon_meta'
[0.113s] colcon.colcon_core.package_identification Level 1 _identify(src) by extensions ['ros']
[0.113s] colcon.colcon_core.package_identification Level 1 _identify(src) by extension 'ros'
[0.113s] colcon.colcon_core.package_identification Level 1 _identify(src) by extensions ['cmake', 'python']
[0.113s] colcon.colcon_core.package_identification Level 1 _identify(src) by extension 'cmake'
[0.113s] colcon.colcon_core.package_identification Level 1 _identify(src) by extension 'python'
[0.113s] colcon.colcon_core.package_identification Level 1 _identify(src) by extensions ['python_setup_py']
[0.113s] colcon.colcon_core.package_identification Level 1 _identify(src) by extension 'python_setup_py'
[0.113s] colcon.colcon_core.package_identification Level 1 _identify(src/fake_driver_pkg) by extensions ['ignore', 'ignore_ament_install']
[0.113s] colcon.colcon_core.package_identification Level 1 _identify(src/fake_driver_pkg) by extension 'ignore'
[0.113s] colcon.colcon_core.package_identification Level 1 _identify(src/fake_driver_pkg) by extension 'ignore_ament_install'
[0.113s] colcon.colcon_core.package_identification Level 1 _identify(src/fake_driver_pkg) by extensions ['colcon_pkg']
[0.113s] colcon.colcon_core.package_identification Level 1 _identify(src/fake_driver_pkg) by extension 'colcon_pkg'
[0.113s] colcon.colcon_core.package_identification Level 1 _identify(src/fake_driver_pkg) by extensions ['colcon_meta']
[0.113s] colcon.colcon_core.package_identification Level 1 _identify(src/fake_driver_pkg) by extension 'colcon_meta'
[0.113s] colcon.colcon_core.package_identification Level 1 _identify(src/fake_driver_pkg) by extensions ['ros']
[0.114s] colcon.colcon_core.package_identification Level 1 _identify(src/fake_driver_pkg) by extension 'ros'
[0.115s] colcon.colcon_core.package_identification DEBUG Package 'src/fake_driver_pkg' with type 'ros.ament_python' and name 'fake_driver_pkg'
[0.115s] colcon.colcon_core.package_identification Level 1 _identify(src/mujoco_pkg) by extensions ['ignore', 'ignore_ament_install']
[0.115s] colcon.colcon_core.package_identification Level 1 _identify(src/mujoco_pkg) by extension 'ignore'
[0.115s] colcon.colcon_core.package_identification Level 1 _identify(src/mujoco_pkg) by extension 'ignore_ament_install'
[0.115s] colcon.colcon_core.package_identification Level 1 _identify(src/mujoco_pkg) by extensions ['colcon_pkg']
[0.115s] colcon.colcon_core.package_identification Level 1 _identify(src/mujoco_pkg) by extension 'colcon_pkg'
[0.115s] colcon.colcon_core.package_identification Level 1 _identify(src/mujoco_pkg) by extensions ['colcon_meta']
[0.115s] colcon.colcon_core.package_identification Level 1 _identify(src/mujoco_pkg) by extension 'colcon_meta'
[0.115s] colcon.colcon_core.package_identification Level 1 _identify(src/mujoco_pkg) by extensions ['ros']
[0.115s] colcon.colcon_core.package_identification Level 1 _identify(src/mujoco_pkg) by extension 'ros'
[0.115s] colcon.colcon_core.package_identification DEBUG Package 'src/mujoco_pkg' with type 'ros.ament_python' and name 'mujoco_pkg'
[0.115s] colcon.colcon_core.package_identification Level 1 _identify(src/rebotarm_msgs) by extensions ['ignore', 'ignore_ament_install']
[0.115s] colcon.colcon_core.package_identification Level 1 _identify(src/rebotarm_msgs) by extension 'ignore'
[0.115s] colcon.colcon_core.package_identification Level 1 _identify(src/rebotarm_msgs) by extension 'ignore_ament_install'
[0.115s] colcon.colcon_core.package_identification Level 1 _identify(src/rebotarm_msgs) by extensions ['colcon_pkg']
[0.115s] colcon.colcon_core.package_identification Level 1 _identify(src/rebotarm_msgs) by extension 'colcon_pkg'
[0.115s] colcon.colcon_core.package_identification Level 1 _identify(src/rebotarm_msgs) by extensions ['colcon_meta']
[0.115s] colcon.colcon_core.package_identification Level 1 _identify(src/rebotarm_msgs) by extension 'colcon_meta'
[0.115s] colcon.colcon_core.package_identification Level 1 _identify(src/rebotarm_msgs) by extensions ['ros']
[0.115s] colcon.colcon_core.package_identification Level 1 _identify(src/rebotarm_msgs) by extension 'ros'
[0.116s] colcon.colcon_core.package_identification DEBUG Package 'src/rebotarm_msgs' with type 'ros.ament_cmake' and name 'rebotarm_msgs'
[0.116s] colcon.colcon_core.package_identification Level 1 _identify(tools) by extensions ['ignore', 'ignore_ament_install']
[0.116s] colcon.colcon_core.package_identification Level 1 _identify(tools) by extension 'ignore'
[0.116s] colcon.colcon_core.package_identification Level 1 _identify(tools) by extension 'ignore_ament_install'
[0.116s] colcon.colcon_core.package_identification Level 1 _identify(tools) by extensions ['colcon_pkg']
[0.116s] colcon.colcon_core.package_identification Level 1 _identify(tools) by extension 'colcon_pkg'
[0.116s] colcon.colcon_core.package_identification Level 1 _identify(tools) by extensions ['colcon_meta']
[0.116s] colcon.colcon_core.package_identification Level 1 _identify(tools) by extension 'colcon_meta'
[0.116s] colcon.colcon_core.package_identification Level 1 _identify(tools) by extensions ['ros']
[0.116s] colcon.colcon_core.package_identification Level 1 _identify(tools) by extension 'ros'
[0.116s] colcon.colcon_core.package_identification Level 1 _identify(tools) by extensions ['cmake', 'python']
[0.116s] colcon.colcon_core.package_identification Level 1 _identify(tools) by extension 'cmake'
[0.116s] colcon.colcon_core.package_identification Level 1 _identify(tools) by extension 'python'
[0.116s] colcon.colcon_core.package_identification Level 1 _identify(tools) by extensions ['python_setup_py']
[0.116s] colcon.colcon_core.package_identification Level 1 _identify(tools) by extension 'python_setup_py'
[0.116s] colcon.colcon_core.package_discovery Level 1 discover_packages(recursive) using defaults
[0.116s] colcon.colcon_core.package_discovery Level 1 discover_packages(ignore) discover
[0.116s] colcon.colcon_core.package_discovery Level 1 discover_packages(ignore) using defaults
[0.116s] colcon.colcon_core.package_discovery Level 1 discover_packages(path) discover
[0.116s] colcon.colcon_core.package_discovery Level 1 discover_packages(path) using defaults
[0.124s] colcon.colcon_core.package_selection INFO Skipping not selected package 'rebotarm_msgs' in 'src/rebotarm_msgs'
[0.124s] colcon.colcon_core.package_selection INFO Skipping not selected package 'fake_driver_pkg' in 'src/fake_driver_pkg'
[0.124s] colcon.colcon_core.verb Level 5 set package 'mujoco_pkg' build argument 'cmake_args' from command line to 'None'
[0.124s] colcon.colcon_core.verb Level 5 set package 'mujoco_pkg' build argument 'cmake_target' from command line to 'None'
[0.124s] colcon.colcon_core.verb Level 5 set package 'mujoco_pkg' build argument 'cmake_target_skip_unavailable' from command line to 'False'
[0.124s] colcon.colcon_core.verb Level 5 set package 'mujoco_pkg' build argument 'cmake_clean_cache' from command line to 'False'
[0.124s] colcon.colcon_core.verb Level 5 set package 'mujoco_pkg' build argument 'cmake_clean_first' from command line to 'False'
[0.124s] colcon.colcon_core.verb Level 5 set package 'mujoco_pkg' build argument 'cmake_force_configure' from command line to 'False'
[0.124s] colcon.colcon_core.verb Level 5 set package 'mujoco_pkg' build argument 'ament_cmake_args' from command line to 'None'
[0.124s] colcon.colcon_core.verb Level 5 set package 'mujoco_pkg' build argument 'catkin_cmake_args' from command line to 'None'
[0.124s] colcon.colcon_core.verb Level 5 set package 'mujoco_pkg' build argument 'catkin_skip_building_tests' from command line to 'False'
[0.124s] colcon.colcon_core.verb DEBUG Building package 'mujoco_pkg' with the following arguments: {'ament_cmake_args': None, 'build_base': '/home/ylnn/DM_Armx/build/mujoco_pkg', 'catkin_cmake_args': None, 'catkin_skip_building_tests': False, 'cmake_args': None, 'cmake_clean_cache': False, 'cmake_clean_first': False, 'cmake_force_configure': False, 'cmake_target': None, 'cmake_target_skip_unavailable': False, 'install_base': '/home/ylnn/DM_Armx/install/mujoco_pkg', 'merge_install': False, 'path': '/home/ylnn/DM_Armx/src/mujoco_pkg', 'symlink_install': True, 'test_result_base': None}
[0.124s] colcon.colcon_core.executor INFO Executing jobs using 'parallel' executor
[0.125s] colcon.colcon_parallel_executor.executor.parallel DEBUG run_until_complete
[0.125s] colcon.colcon_ros.task.ament_python.build INFO Building ROS package in '/home/ylnn/DM_Armx/src/mujoco_pkg' with build type 'ament_python'
[0.125s] colcon.colcon_core.shell Level 1 create_environment_hook('mujoco_pkg', 'ament_prefix_path')
[0.126s] colcon.colcon_core.plugin_system INFO Skipping extension 'colcon_core.shell.bat': Not used on non-Windows systems
[0.126s] colcon.colcon_core.shell INFO Creating environment hook '/home/ylnn/DM_Armx/install/mujoco_pkg/share/mujoco_pkg/hook/ament_prefix_path.ps1'
[0.127s] colcon.colcon_core.shell INFO Creating environment descriptor '/home/ylnn/DM_Armx/install/mujoco_pkg/share/mujoco_pkg/hook/ament_prefix_path.dsv'
[0.127s] colcon.colcon_core.shell INFO Creating environment hook '/home/ylnn/DM_Armx/install/mujoco_pkg/share/mujoco_pkg/hook/ament_prefix_path.sh'
[0.128s] colcon.colcon_core.shell INFO Skip shell extension 'powershell' for command environment: Not usable outside of PowerShell
[0.128s] colcon.colcon_core.shell DEBUG Skip shell extension 'dsv' for command environment
[0.243s] colcon.colcon_core.task.python.build INFO Building Python package in '/home/ylnn/DM_Armx/src/mujoco_pkg'
[0.243s] colcon.colcon_core.shell INFO Skip shell extension 'powershell' for command environment: Not usable outside of PowerShell
[0.243s] colcon.colcon_core.shell DEBUG Skip shell extension 'dsv' for command environment
[0.447s] colcon.colcon_core.task.python.build DEBUG Available setuptools commands: rotate, alias, build_py, develop, saveopts, editable_wheel, build_clib, install_headers, bdist_dumb, bdist_rpm, clean, build_scripts, dist_info, install_lib, bdist_wheel, build, symlink_data, install, sdist, egg_info, install_egg_info, bdist, bdist_egg, check, build_ext, install_scripts, install_data, setopt, easy_install
[0.583s] colcon.colcon_core.task.python.build DEBUG Available setuptools 'develop' options: --exclude-scripts, --index-url, --find-links, --no-user-cfg, --help, --editable, --zip-ok, --always-copy, --script-dir, --verbose, --no-find-links, --install-dir, --multi-version, --always-unzip, --allow-hosts, --version, --build-directory, --local-snapshots-ok, --user, --quiet, --prefix, --dry-run, --site-dirs, --upgrade, --egg-path, --record, --no-deps, --uninstall, --optimize
[0.585s] colcon.colcon_core.event_handler.log_command DEBUG Invoking command in '/home/ylnn/DM_Armx/build/mujoco_pkg': AMENT_PREFIX_PATH=/home/ylnn/DM_Armx/install/rebotarm_msgs:${AMENT_PREFIX_PATH} CMAKE_PREFIX_PATH=/home/ylnn/DM_Armx/install/rebotarm_msgs:${CMAKE_PREFIX_PATH} DEBUGINFOD_URLS=https://debuginfod.ubuntu.com LD_LIBRARY_PATH=/home/ylnn/DM_Armx/install/rebotarm_msgs/lib:${LD_LIBRARY_PATH} PIXI_PROMPT=(DM_Armx) PYTHONPATH=/home/ylnn/DM_Armx/build/mujoco_pkg/prefix_override:/home/ylnn/DM_Armx/.pixi/envs/default/lib/python3.12/site-packages/colcon_core/task/python/colcon_distutils_commands:/home/ylnn/DM_Armx/install/mujoco_pkg/lib/python3.12/site-packages:/home/ylnn/DM_Armx/install/rebotarm_msgs/lib/python3.12/site-packages:${PYTHONPATH} /home/ylnn/DM_Armx/.pixi/envs/default/bin/python3.12 -W ignore:setup.py install is deprecated -W ignore:easy_install command is deprecated setup.py develop --editable --build-directory /home/ylnn/DM_Armx/build/mujoco_pkg/build --no-deps symlink_data
[0.804s] colcon.colcon_core.shell Level 1 create_environment_hook('mujoco_pkg', 'pythonpath_develop')
[0.804s] colcon.colcon_core.shell INFO Creating environment hook '/home/ylnn/DM_Armx/build/mujoco_pkg/share/mujoco_pkg/hook/pythonpath_develop.ps1'
[0.804s] colcon.colcon_core.event_handler.log_command DEBUG Invoked command in '/home/ylnn/DM_Armx/build/mujoco_pkg' returned '0': AMENT_PREFIX_PATH=/home/ylnn/DM_Armx/install/rebotarm_msgs:${AMENT_PREFIX_PATH} CMAKE_PREFIX_PATH=/home/ylnn/DM_Armx/install/rebotarm_msgs:${CMAKE_PREFIX_PATH} DEBUGINFOD_URLS=https://debuginfod.ubuntu.com LD_LIBRARY_PATH=/home/ylnn/DM_Armx/install/rebotarm_msgs/lib:${LD_LIBRARY_PATH} PIXI_PROMPT=(DM_Armx) PYTHONPATH=/home/ylnn/DM_Armx/build/mujoco_pkg/prefix_override:/home/ylnn/DM_Armx/.pixi/envs/default/lib/python3.12/site-packages/colcon_core/task/python/colcon_distutils_commands:/home/ylnn/DM_Armx/install/mujoco_pkg/lib/python3.12/site-packages:/home/ylnn/DM_Armx/install/rebotarm_msgs/lib/python3.12/site-packages:${PYTHONPATH} /home/ylnn/DM_Armx/.pixi/envs/default/bin/python3.12 -W ignore:setup.py install is deprecated -W ignore:easy_install command is deprecated setup.py develop --editable --build-directory /home/ylnn/DM_Armx/build/mujoco_pkg/build --no-deps symlink_data
[0.805s] colcon.colcon_core.shell INFO Creating environment descriptor '/home/ylnn/DM_Armx/build/mujoco_pkg/share/mujoco_pkg/hook/pythonpath_develop.dsv'
[0.805s] colcon.colcon_core.shell INFO Creating environment hook '/home/ylnn/DM_Armx/build/mujoco_pkg/share/mujoco_pkg/hook/pythonpath_develop.sh'
[0.806s] colcon.colcon_core.environment Level 1 checking '/home/ylnn/DM_Armx/install/mujoco_pkg' for CMake module files
[0.806s] colcon.colcon_core.environment Level 1 checking '/home/ylnn/DM_Armx/install/mujoco_pkg' for CMake config files
[0.807s] colcon.colcon_core.environment Level 1 checking '/home/ylnn/DM_Armx/install/mujoco_pkg/lib'
[0.807s] colcon.colcon_core.environment Level 1 checking '/home/ylnn/DM_Armx/install/mujoco_pkg/bin'
[0.807s] colcon.colcon_core.environment Level 1 checking '/home/ylnn/DM_Armx/install/mujoco_pkg/lib/pkgconfig/mujoco_pkg.pc'
[0.807s] colcon.colcon_core.environment Level 1 checking '/home/ylnn/DM_Armx/install/mujoco_pkg/lib/python3.12/site-packages'
[0.807s] colcon.colcon_core.shell Level 1 create_environment_hook('mujoco_pkg', 'pythonpath')
[0.807s] colcon.colcon_core.shell INFO Creating environment hook '/home/ylnn/DM_Armx/install/mujoco_pkg/share/mujoco_pkg/hook/pythonpath.ps1'
[0.808s] colcon.colcon_core.shell INFO Creating environment descriptor '/home/ylnn/DM_Armx/install/mujoco_pkg/share/mujoco_pkg/hook/pythonpath.dsv'
[0.808s] colcon.colcon_core.shell INFO Creating environment hook '/home/ylnn/DM_Armx/install/mujoco_pkg/share/mujoco_pkg/hook/pythonpath.sh'
[0.808s] colcon.colcon_core.environment Level 1 checking '/home/ylnn/DM_Armx/install/mujoco_pkg/bin'
[0.808s] colcon.colcon_core.environment Level 1 create_environment_scripts_only(mujoco_pkg)
[0.809s] colcon.colcon_core.shell INFO Creating package script '/home/ylnn/DM_Armx/install/mujoco_pkg/share/mujoco_pkg/package.ps1'
[0.810s] colcon.colcon_core.shell INFO Creating package descriptor '/home/ylnn/DM_Armx/install/mujoco_pkg/share/mujoco_pkg/package.dsv'
[0.810s] colcon.colcon_core.shell INFO Creating package script '/home/ylnn/DM_Armx/install/mujoco_pkg/share/mujoco_pkg/package.sh'
[0.811s] colcon.colcon_core.shell INFO Creating package script '/home/ylnn/DM_Armx/install/mujoco_pkg/share/mujoco_pkg/package.bash'
[0.811s] colcon.colcon_core.shell INFO Creating package script '/home/ylnn/DM_Armx/install/mujoco_pkg/share/mujoco_pkg/package.zsh'
[0.811s] colcon.colcon_core.environment Level 1 create_file_with_runtime_dependencies(/home/ylnn/DM_Armx/install/mujoco_pkg/share/colcon-core/packages/mujoco_pkg)
[0.812s] colcon.colcon_parallel_executor.executor.parallel DEBUG closing loop
[0.812s] colcon.colcon_parallel_executor.executor.parallel DEBUG loop closed
[0.812s] colcon.colcon_parallel_executor.executor.parallel DEBUG run_until_complete finished with '0'
[0.812s] colcon.colcon_core.event_reactor DEBUG joining thread
[0.812s] colcon.colcon_core.event_reactor DEBUG joined thread
[0.812s] colcon.colcon_core.shell INFO Creating prefix script '/home/ylnn/DM_Armx/install/local_setup.ps1'
[0.813s] colcon.colcon_core.shell INFO Creating prefix util module '/home/ylnn/DM_Armx/install/_local_setup_util_ps1.py'
[0.813s] colcon.colcon_core.shell INFO Creating prefix chain script '/home/ylnn/DM_Armx/install/setup.ps1'
[0.814s] colcon.colcon_core.shell INFO Creating prefix script '/home/ylnn/DM_Armx/install/local_setup.sh'
[0.814s] colcon.colcon_core.shell INFO Creating prefix util module '/home/ylnn/DM_Armx/install/_local_setup_util_sh.py'
[0.814s] colcon.colcon_core.shell INFO Creating prefix chain script '/home/ylnn/DM_Armx/install/setup.sh'
[0.815s] colcon.colcon_core.shell INFO Creating prefix script '/home/ylnn/DM_Armx/install/local_setup.bash'
[0.815s] colcon.colcon_core.shell INFO Creating prefix chain script '/home/ylnn/DM_Armx/install/setup.bash'
[0.816s] colcon.colcon_core.shell INFO Creating prefix script '/home/ylnn/DM_Armx/install/local_setup.zsh'
[0.816s] colcon.colcon_core.shell INFO Creating prefix chain script '/home/ylnn/DM_Armx/install/setup.zsh'
