running egg_info
creating ../../build/mujoco_pkg/mujoco_pkg.egg-info
writing ../../build/mujoco_pkg/mujoco_pkg.egg-info/PKG-INFO
writing dependency_links to ../../build/mujoco_pkg/mujoco_pkg.egg-info/dependency_links.txt
writing requirements to ../../build/mujoco_pkg/mujoco_pkg.egg-info/requires.txt
writing top-level names to ../../build/mujoco_pkg/mujoco_pkg.egg-info/top_level.txt
writing manifest file '../../build/mujoco_pkg/mujoco_pkg.egg-info/SOURCES.txt'
reading manifest file '../../build/mujoco_pkg/mujoco_pkg.egg-info/SOURCES.txt'
adding license file 'LICENSE'
writing manifest file '../../build/mujoco_pkg/mujoco_pkg.egg-info/SOURCES.txt'
running build
running build_py
creating /home/ylnn/DM_Armx/build/mujoco_pkg/build/lib/mujoco_pkg
copying mujoco_pkg/__init__.py -> /home/ylnn/DM_Armx/build/mujoco_pkg/build/lib/mujoco_pkg
running install
running install_lib
creating /home/ylnn/DM_Armx/install/mujoco_pkg/lib/python3.12/site-packages/mujoco_pkg
copying /home/ylnn/DM_Armx/build/mujoco_pkg/build/lib/mujoco_pkg/__init__.py -> /home/ylnn/DM_Armx/install/mujoco_pkg/lib/python3.12/site-packages/mujoco_pkg
byte-compiling /home/ylnn/DM_Armx/install/mujoco_pkg/lib/python3.12/site-packages/mujoco_pkg/__init__.py to __init__.cpython-312.pyc
running install_data
creating /home/ylnn/DM_Armx/install/mujoco_pkg/share/ament_index/resource_index/packages
copying resource/mujoco_pkg -> /home/ylnn/DM_Armx/install/mujoco_pkg/share/ament_index/resource_index/packages
copying package.xml -> /home/ylnn/DM_Armx/install/mujoco_pkg/share/mujoco_pkg
running install_egg_info
Copying ../../build/mujoco_pkg/mujoco_pkg.egg-info to /home/ylnn/DM_Armx/install/mujoco_pkg/lib/python3.12/site-packages/mujoco_pkg-0.0.0-py3.12.egg-info
running install_scripts
writing list of installed files to '/home/ylnn/DM_Armx/build/mujoco_pkg/install.log'
