running develop
Removing /home/ylnn/DM_Armx/install/fake_driver_pkg/lib/python3.12/site-packages/fake-driver-pkg.egg-link (link to .)
running egg_info
writing ../../build/fake_driver_pkg/fake_driver_pkg.egg-info/PKG-INFO
writing dependency_links to ../../build/fake_driver_pkg/fake_driver_pkg.egg-info/dependency_links.txt
writing entry points to ../../build/fake_driver_pkg/fake_driver_pkg.egg-info/entry_points.txt
writing requirements to ../../build/fake_driver_pkg/fake_driver_pkg.egg-info/requires.txt
writing top-level names to ../../build/fake_driver_pkg/fake_driver_pkg.egg-info/top_level.txt
reading manifest file '../../build/fake_driver_pkg/fake_driver_pkg.egg-info/SOURCES.txt'
writing manifest file '../../build/fake_driver_pkg/fake_driver_pkg.egg-info/SOURCES.txt'
running build
running build_py
creating /home/ylnn/DM_Armx/build/fake_driver_pkg/build/lib/fake_driver_pkg
copying fake_driver_pkg/__init__.py -> /home/ylnn/DM_Armx/build/fake_driver_pkg/build/lib/fake_driver_pkg
copying fake_driver_pkg/fake_driver.py -> /home/ylnn/DM_Armx/build/fake_driver_pkg/build/lib/fake_driver_pkg
running install
running install_lib
creating /home/ylnn/DM_Armx/install/fake_driver_pkg/lib/python3.12/site-packages/fake_driver_pkg
copying /home/ylnn/DM_Armx/build/fake_driver_pkg/build/lib/fake_driver_pkg/__init__.py -> /home/ylnn/DM_Armx/install/fake_driver_pkg/lib/python3.12/site-packages/fake_driver_pkg
copying /home/ylnn/DM_Armx/build/fake_driver_pkg/build/lib/fake_driver_pkg/fake_driver.py -> /home/ylnn/DM_Armx/install/fake_driver_pkg/lib/python3.12/site-packages/fake_driver_pkg
byte-compiling /home/ylnn/DM_Armx/install/fake_driver_pkg/lib/python3.12/site-packages/fake_driver_pkg/__init__.py to __init__.cpython-312.pyc
byte-compiling /home/ylnn/DM_Armx/install/fake_driver_pkg/lib/python3.12/site-packages/fake_driver_pkg/fake_driver.py to fake_driver.cpython-312.pyc
running install_data
copying resource/fake_driver_pkg -> /home/ylnn/DM_Armx/install/fake_driver_pkg/share/ament_index/resource_index/packages
copying package.xml -> /home/ylnn/DM_Armx/install/fake_driver_pkg/share/fake_driver_pkg
running install_egg_info
Copying ../../build/fake_driver_pkg/fake_driver_pkg.egg-info to /home/ylnn/DM_Armx/install/fake_driver_pkg/lib/python3.12/site-packages/fake_driver_pkg-0.1.0-py3.12.egg-info
running install_scripts
Installing fake_driver script to /home/ylnn/DM_Armx/install/fake_driver_pkg/lib/fake_driver_pkg
writing list of installed files to '/home/ylnn/DM_Armx/build/fake_driver_pkg/install.log'
