[0.434s] Invoking command in '/home/ylnn/DM_Armx/build/fake_driver_pkg': AMENT_PREFIX_PATH=/home/ylnn/DM_Armx/install/rebotarm_msgs:${AMENT_PREFIX_PATH} CMAKE_PREFIX_PATH=/home/ylnn/DM_Armx/install/rebotarm_msgs:${CMAKE_PREFIX_PATH} DEBUGINFOD_URLS=https://debuginfod.ubuntu.com LD_LIBRARY_PATH=/home/ylnn/DM_Armx/install/rebotarm_msgs/lib:${LD_LIBRARY_PATH} PIXI_PROMPT=(DM_Armx) PS1=(DM_Armx) \[\e]0;\u@\h: \w\a\]${debian_chroot:+($debian_chroot)}\[\033[01;32m\]\u@\h\[\033[00m\]:\[\033[01;34m\]\w\[\033[00m\]\$ PYTHONPATH=/home/ylnn/DM_Armx/build/fake_driver_pkg/prefix_override:/home/ylnn/DM_Armx/.pixi/envs/default/lib/python3.12/site-packages/colcon_core/task/python/colcon_distutils_commands:/home/ylnn/DM_Armx/install/fake_driver_pkg/lib/python3.12/site-packages:/home/ylnn/DM_Armx/install/rebotarm_msgs/lib/python3.12/site-packages:${PYTHONPATH} /home/ylnn/DM_Armx/.pixi/envs/default/bin/python3.12 -W ignore:setup.py install is deprecated -W ignore:easy_install command is deprecated setup.py develop --uninstall --editable --build-directory /home/ylnn/DM_Armx/build/fake_driver_pkg/build
[0.557s] running develop
[0.607s] Removing /home/ylnn/DM_Armx/install/fake_driver_pkg/lib/python3.12/site-packages/fake-driver-pkg.egg-link (link to .)
[0.621s] Invoked command in '/home/ylnn/DM_Armx/build/fake_driver_pkg' returned '0': AMENT_PREFIX_PATH=/home/ylnn/DM_Armx/install/rebotarm_msgs:${AMENT_PREFIX_PATH} CMAKE_PREFIX_PATH=/home/ylnn/DM_Armx/install/rebotarm_msgs:${CMAKE_PREFIX_PATH} DEBUGINFOD_URLS=https://debuginfod.ubuntu.com LD_LIBRARY_PATH=/home/ylnn/DM_Armx/install/rebotarm_msgs/lib:${LD_LIBRARY_PATH} PIXI_PROMPT=(DM_Armx) PS1=(DM_Armx) \[\e]0;\u@\h: \w\a\]${debian_chroot:+($debian_chroot)}\[\033[01;32m\]\u@\h\[\033[00m\]:\[\033[01;34m\]\w\[\033[00m\]\$ PYTHONPATH=/home/ylnn/DM_Armx/build/fake_driver_pkg/prefix_override:/home/ylnn/DM_Armx/.pixi/envs/default/lib/python3.12/site-packages/colcon_core/task/python/colcon_distutils_commands:/home/ylnn/DM_Armx/install/fake_driver_pkg/lib/python3.12/site-packages:/home/ylnn/DM_Armx/install/rebotarm_msgs/lib/python3.12/site-packages:${PYTHONPATH} /home/ylnn/DM_Armx/.pixi/envs/default/bin/python3.12 -W ignore:setup.py install is deprecated -W ignore:easy_install command is deprecated setup.py develop --uninstall --editable --build-directory /home/ylnn/DM_Armx/build/fake_driver_pkg/build
[0.621s] Invoking command in '/home/ylnn/DM_Armx/src/fake_driver_pkg': AMENT_PREFIX_PATH=/home/ylnn/DM_Armx/install/rebotarm_msgs:${AMENT_PREFIX_PATH} CMAKE_PREFIX_PATH=/home/ylnn/DM_Armx/install/rebotarm_msgs:${CMAKE_PREFIX_PATH} DEBUGINFOD_URLS=https://debuginfod.ubuntu.com LD_LIBRARY_PATH=/home/ylnn/DM_Armx/install/rebotarm_msgs/lib:${LD_LIBRARY_PATH} PIXI_PROMPT=(DM_Armx) PS1=(DM_Armx) \[\e]0;\u@\h: \w\a\]${debian_chroot:+($debian_chroot)}\[\033[01;32m\]\u@\h\[\033[00m\]:\[\033[01;34m\]\w\[\033[00m\]\$ PYTHONPATH=/home/ylnn/DM_Armx/build/fake_driver_pkg/prefix_override:/home/ylnn/DM_Armx/.pixi/envs/default/lib/python3.12/site-packages/colcon_core/task/python/colcon_distutils_commands:/home/ylnn/DM_Armx/install/fake_driver_pkg/lib/python3.12/site-packages:/home/ylnn/DM_Armx/install/rebotarm_msgs/lib/python3.12/site-packages:${PYTHONPATH} /home/ylnn/DM_Armx/.pixi/envs/default/bin/python3.12 -W ignore:setup.py install is deprecated -W ignore:easy_install command is deprecated setup.py egg_info --egg-base ../../build/fake_driver_pkg build --build-base /home/ylnn/DM_Armx/build/fake_driver_pkg/build install --record /home/ylnn/DM_Armx/build/fake_driver_pkg/install.log --install-scripts $base/lib/fake_driver_pkg --single-version-externally-managed install_data --force
[0.739s] running egg_info
[0.744s] writing ../../build/fake_driver_pkg/fake_driver_pkg.egg-info/PKG-INFO
[0.744s] writing dependency_links to ../../build/fake_driver_pkg/fake_driver_pkg.egg-info/dependency_links.txt
[0.744s] writing entry points to ../../build/fake_driver_pkg/fake_driver_pkg.egg-info/entry_points.txt
[0.745s] writing requirements to ../../build/fake_driver_pkg/fake_driver_pkg.egg-info/requires.txt
[0.745s] writing top-level names to ../../build/fake_driver_pkg/fake_driver_pkg.egg-info/top_level.txt
[0.756s] reading manifest file '../../build/fake_driver_pkg/fake_driver_pkg.egg-info/SOURCES.txt'
[0.757s] writing manifest file '../../build/fake_driver_pkg/fake_driver_pkg.egg-info/SOURCES.txt'
[0.757s] running build
[0.757s] running build_py
[0.757s] creating /home/ylnn/DM_Armx/build/fake_driver_pkg/build/lib/fake_driver_pkg
[0.757s] copying fake_driver_pkg/__init__.py -> /home/ylnn/DM_Armx/build/fake_driver_pkg/build/lib/fake_driver_pkg
[0.757s] copying fake_driver_pkg/fake_driver.py -> /home/ylnn/DM_Armx/build/fake_driver_pkg/build/lib/fake_driver_pkg
[0.757s] running install
[0.759s] running install_lib
[0.765s] creating /home/ylnn/DM_Armx/install/fake_driver_pkg/lib/python3.12/site-packages/fake_driver_pkg
[0.765s] copying /home/ylnn/DM_Armx/build/fake_driver_pkg/build/lib/fake_driver_pkg/__init__.py -> /home/ylnn/DM_Armx/install/fake_driver_pkg/lib/python3.12/site-packages/fake_driver_pkg
[0.765s] copying /home/ylnn/DM_Armx/build/fake_driver_pkg/build/lib/fake_driver_pkg/fake_driver.py -> /home/ylnn/DM_Armx/install/fake_driver_pkg/lib/python3.12/site-packages/fake_driver_pkg
[0.765s] byte-compiling /home/ylnn/DM_Armx/install/fake_driver_pkg/lib/python3.12/site-packages/fake_driver_pkg/__init__.py to __init__.cpython-312.pyc
[0.765s] byte-compiling /home/ylnn/DM_Armx/install/fake_driver_pkg/lib/python3.12/site-packages/fake_driver_pkg/fake_driver.py to fake_driver.cpython-312.pyc
[0.767s] running install_data
[0.767s] copying resource/fake_driver_pkg -> /home/ylnn/DM_Armx/install/fake_driver_pkg/share/ament_index/resource_index/packages
[0.767s] copying package.xml -> /home/ylnn/DM_Armx/install/fake_driver_pkg/share/fake_driver_pkg
[0.767s] running install_egg_info
[0.773s] Copying ../../build/fake_driver_pkg/fake_driver_pkg.egg-info to /home/ylnn/DM_Armx/install/fake_driver_pkg/lib/python3.12/site-packages/fake_driver_pkg-0.1.0-py3.12.egg-info
[0.773s] running install_scripts
[0.802s] Installing fake_driver script to /home/ylnn/DM_Armx/install/fake_driver_pkg/lib/fake_driver_pkg
[0.802s] writing list of installed files to '/home/ylnn/DM_Armx/build/fake_driver_pkg/install.log'
[0.815s] Invoked command in '/home/ylnn/DM_Armx/src/fake_driver_pkg' returned '0': AMENT_PREFIX_PATH=/home/ylnn/DM_Armx/install/rebotarm_msgs:${AMENT_PREFIX_PATH} CMAKE_PREFIX_PATH=/home/ylnn/DM_Armx/install/rebotarm_msgs:${CMAKE_PREFIX_PATH} DEBUGINFOD_URLS=https://debuginfod.ubuntu.com LD_LIBRARY_PATH=/home/ylnn/DM_Armx/install/rebotarm_msgs/lib:${LD_LIBRARY_PATH} PIXI_PROMPT=(DM_Armx) PS1=(DM_Armx) \[\e]0;\u@\h: \w\a\]${debian_chroot:+($debian_chroot)}\[\033[01;32m\]\u@\h\[\033[00m\]:\[\033[01;34m\]\w\[\033[00m\]\$ PYTHONPATH=/home/ylnn/DM_Armx/build/fake_driver_pkg/prefix_override:/home/ylnn/DM_Armx/.pixi/envs/default/lib/python3.12/site-packages/colcon_core/task/python/colcon_distutils_commands:/home/ylnn/DM_Armx/install/fake_driver_pkg/lib/python3.12/site-packages:/home/ylnn/DM_Armx/install/rebotarm_msgs/lib/python3.12/site-packages:${PYTHONPATH} /home/ylnn/DM_Armx/.pixi/envs/default/bin/python3.12 -W ignore:setup.py install is deprecated -W ignore:easy_install command is deprecated setup.py egg_info --egg-base ../../build/fake_driver_pkg build --build-base /home/ylnn/DM_Armx/build/fake_driver_pkg/build install --record /home/ylnn/DM_Armx/build/fake_driver_pkg/install.log --install-scripts $base/lib/fake_driver_pkg --single-version-externally-managed install_data --force
