[0.192s] colcon DEBUG Command line arguments: ['/home/ylnn/DM_Armx/.pixi/envs/default/bin/colcon', 'build', '--symlink-install']
[0.192s] colcon DEBUG Parsed command line arguments: Namespace(log_base=None, log_level=None, verb_name='build', build_base='build', install_base='install', merge_install=False, symlink_install=True, test_result_base=None, continue_on_error=False, executor='parallel', parallel_workers=16, event_handlers=None, ignore_user_meta=False, metas=['./colcon.meta'], base_paths=['.'], packages_ignore=None, packages_ignore_regex=None, paths=None, packages_up_to=None, packages_up_to_regex=None, packages_above=None, packages_above_and_dependencies=None, packages_above_depth=None, packages_select_by_dep=None, packages_skip_by_dep=None, packages_skip_up_to=None, packages_select_build_failed=False, packages_skip_build_finished=False, packages_select_test_failures=False, packages_skip_test_passed=False, packages_select=None, packages_skip=None, packages_select_regex=None, packages_skip_regex=None, packages_start=None, packages_end=None, cmake_args=None, cmake_target=None, cmake_target_skip_unavailable=False, cmake_clean_cache=False, cmake_clean_first=False, cmake_force_configure=False, ament_cmake_args=None, catkin_cmake_args=None, catkin_skip_building_tests=False, verb_parser=<colcon_defaults.argument_parser.defaults.DefaultArgumentsDecorator object at 0x79a375105790>, verb_extension=<colcon_core.verb.build.BuildVerb object at 0x79a375259670>, main=<bound method BuildVerb.main of <colcon_core.verb.build.BuildVerb object at 0x79a375259670>>)
[0.210s] colcon.colcon_core.package_discovery Level 1 discover_packages(colcon_meta) check parameters
[0.210s] colcon.colcon_core.package_discovery Level 1 discover_packages(recursive) check parameters
[0.210s] colcon.colcon_core.package_discovery Level 1 discover_packages(ignore) check parameters
[0.210s] colcon.colcon_core.package_discovery Level 1 discover_packages(path) check parameters
[0.210s] colcon.colcon_core.package_discovery Level 1 discover_packages(colcon_meta) discover
[0.210s] colcon.colcon_core.package_discovery Level 1 discover_packages(recursive) discover
[0.210s] colcon.colcon_core.package_discovery INFO Crawling recursively for packages in '/home/ylnn/DM_Armx'
[0.210s] colcon.colcon_core.package_identification Level 1 _identify(.) by extensions ['ignore', 'ignore_ament_install']
[0.210s] colcon.colcon_core.package_identification Level 1 _identify(.) by extension 'ignore'
[0.210s] colcon.colcon_core.package_identification Level 1 _identify(.) by extension 'ignore_ament_install'
[0.210s] colcon.colcon_core.package_identification Level 1 _identify(.) by extensions ['colcon_pkg']
[0.210s] colcon.colcon_core.package_identification Level 1 _identify(.) by extension 'colcon_pkg'
[0.210s] colcon.colcon_core.package_identification Level 1 _identify(.) by extensions ['colcon_meta']
[0.210s] colcon.colcon_core.package_identification Level 1 _identify(.) by extension 'colcon_meta'
[0.210s] colcon.colcon_core.package_identification Level 1 _identify(.) by extensions ['ros']
[0.210s] colcon.colcon_core.package_identification Level 1 _identify(.) by extension 'ros'
[0.225s] colcon.colcon_core.package_identification Level 1 _identify(.) by extensions ['cmake', 'python']
[0.225s] colcon.colcon_core.package_identification Level 1 _identify(.) by extension 'cmake'
[0.225s] colcon.colcon_core.package_identification Level 1 _identify(.) by extension 'python'
[0.225s] colcon.colcon_core.package_identification Level 1 _identify(.) by extensions ['python_setup_py']
[0.225s] colcon.colcon_core.package_identification Level 1 _identify(.) by extension 'python_setup_py'
[0.225s] colcon.colcon_core.package_identification Level 1 _identify(build) by extensions ['ignore', 'ignore_ament_install']
[0.225s] colcon.colcon_core.package_identification Level 1 _identify(build) by extension 'ignore'
[0.225s] colcon.colcon_core.package_identification Level 1 _identify(build) ignored
[0.225s] colcon.colcon_core.package_identification Level 1 _identify(docs) by extensions ['ignore', 'ignore_ament_install']
[0.226s] colcon.colcon_core.package_identification Level 1 _identify(docs) by extension 'ignore'
[0.226s] colcon.colcon_core.package_identification Level 1 _identify(docs) by extension 'ignore_ament_install'
[0.226s] colcon.colcon_core.package_identification Level 1 _identify(docs) by extensions ['colcon_pkg']
[0.226s] colcon.colcon_core.package_identification Level 1 _identify(docs) by extension 'colcon_pkg'
[0.226s] colcon.colcon_core.package_identification Level 1 _identify(docs) by extensions ['colcon_meta']
[0.226s] colcon.colcon_core.package_identification Level 1 _identify(docs) by extension 'colcon_meta'
[0.226s] colcon.colcon_core.package_identification Level 1 _identify(docs) by extensions ['ros']
[0.226s] colcon.colcon_core.package_identification Level 1 _identify(docs) by extension 'ros'
[0.226s] colcon.colcon_core.package_identification Level 1 _identify(docs) by extensions ['cmake', 'python']
[0.226s] colcon.colcon_core.package_identification Level 1 _identify(docs) by extension 'cmake'
[0.226s] colcon.colcon_core.package_identification Level 1 _identify(docs) by extension 'python'
[0.226s] colcon.colcon_core.package_identification Level 1 _identify(docs) by extensions ['python_setup_py']
[0.226s] colcon.colcon_core.package_identification Level 1 _identify(docs) by extension 'python_setup_py'
[0.226s] colcon.colcon_core.package_identification Level 1 _identify(install) by extensions ['ignore', 'ignore_ament_install']
[0.226s] colcon.colcon_core.package_identification Level 1 _identify(install) by extension 'ignore'
[0.226s] colcon.colcon_core.package_identification Level 1 _identify(install) ignored
[0.226s] colcon.colcon_core.package_identification Level 1 _identify(log) by extensions ['ignore', 'ignore_ament_install']
[0.226s] colcon.colcon_core.package_identification Level 1 _identify(log) by extension 'ignore'
[0.226s] colcon.colcon_core.package_identification Level 1 _identify(log) ignored
[0.226s] colcon.colcon_core.package_identification Level 1 _identify(src) by extensions ['ignore', 'ignore_ament_install']
[0.226s] colcon.colcon_core.package_identification Level 1 _identify(src) by extension 'ignore'
[0.226s] colcon.colcon_core.package_identification Level 1 _identify(src) by extension 'ignore_ament_install'
[0.226s] colcon.colcon_core.package_identification Level 1 _identify(src) by extensions ['colcon_pkg']
[0.226s] colcon.colcon_core.package_identification Level 1 _identify(src) by extension 'colcon_pkg'
[0.226s] colcon.colcon_core.package_identification Level 1 _identify(src) by extensions ['colcon_meta']
[0.226s] colcon.colcon_core.package_identification Level 1 _identify(src) by extension 'colcon_meta'
[0.226s] colcon.colcon_core.package_identification Level 1 _identify(src) by extensions ['ros']
[0.226s] colcon.colcon_core.package_identification Level 1 _identify(src) by extension 'ros'
[0.226s] colcon.colcon_core.package_identification Level 1 _identify(src) by extensions ['cmake', 'python']
[0.226s] colcon.colcon_core.package_identification Level 1 _identify(src) by extension 'cmake'
[0.226s] colcon.colcon_core.package_identification Level 1 _identify(src) by extension 'python'
[0.226s] colcon.colcon_core.package_identification Level 1 _identify(src) by extensions ['python_setup_py']
[0.226s] colcon.colcon_core.package_identification Level 1 _identify(src) by extension 'python_setup_py'
[0.226s] colcon.colcon_core.package_identification Level 1 _identify(src/fake_driver_pkg) by extensions ['ignore', 'ignore_ament_install']
[0.226s] colcon.colcon_core.package_identification Level 1 _identify(src/fake_driver_pkg) by extension 'ignore'
[0.226s] colcon.colcon_core.package_identification Level 1 _identify(src/fake_driver_pkg) by extension 'ignore_ament_install'
[0.226s] colcon.colcon_core.package_identification Level 1 _identify(src/fake_driver_pkg) by extensions ['colcon_pkg']
[0.226s] colcon.colcon_core.package_identification Level 1 _identify(src/fake_driver_pkg) by extension 'colcon_pkg'
[0.226s] colcon.colcon_core.package_identification Level 1 _identify(src/fake_driver_pkg) by extensions ['colcon_meta']
[0.226s] colcon.colcon_core.package_identification Level 1 _identify(src/fake_driver_pkg) by extension 'colcon_meta'
[0.226s] colcon.colcon_core.package_identification Level 1 _identify(src/fake_driver_pkg) by extensions ['ros']
[0.226s] colcon.colcon_core.package_identification Level 1 _identify(src/fake_driver_pkg) by extension 'ros'
[0.228s] colcon.colcon_core.package_identification DEBUG Package 'src/fake_driver_pkg' with type 'ros.ament_python' and name 'fake_driver_pkg'
[0.228s] colcon.colcon_core.package_identification Level 1 _identify(src/mujoco_pkg) by extensions ['ignore', 'ignore_ament_install']
[0.228s] colcon.colcon_core.package_identification Level 1 _identify(src/mujoco_pkg) by extension 'ignore'
[0.228s] colcon.colcon_core.package_identification Level 1 _identify(src/mujoco_pkg) by extension 'ignore_ament_install'
[0.228s] colcon.colcon_core.package_identification Level 1 _identify(src/mujoco_pkg) by extensions ['colcon_pkg']
[0.228s] colcon.colcon_core.package_identification Level 1 _identify(src/mujoco_pkg) by extension 'colcon_pkg'
[0.228s] colcon.colcon_core.package_identification Level 1 _identify(src/mujoco_pkg) by extensions ['colcon_meta']
[0.228s] colcon.colcon_core.package_identification Level 1 _identify(src/mujoco_pkg) by extension 'colcon_meta'
[0.228s] colcon.colcon_core.package_identification Level 1 _identify(src/mujoco_pkg) by extensions ['ros']
[0.228s] colcon.colcon_core.package_identification Level 1 _identify(src/mujoco_pkg) by extension 'ros'
[0.228s] colcon.colcon_core.package_identification DEBUG Package 'src/mujoco_pkg' with type 'ros.ament_python' and name 'mujoco_pkg'
[0.228s] colcon.colcon_core.package_identification Level 1 _identify(src/rebotarm_msgs) by extensions ['ignore', 'ignore_ament_install']
[0.228s] colcon.colcon_core.package_identification Level 1 _identify(src/rebotarm_msgs) by extension 'ignore'
[0.228s] colcon.colcon_core.package_identification Level 1 _identify(src/rebotarm_msgs) by extension 'ignore_ament_install'
[0.228s] colcon.colcon_core.package_identification Level 1 _identify(src/rebotarm_msgs) by extensions ['colcon_pkg']
[0.228s] colcon.colcon_core.package_identification Level 1 _identify(src/rebotarm_msgs) by extension 'colcon_pkg'
[0.228s] colcon.colcon_core.package_identification Level 1 _identify(src/rebotarm_msgs) by extensions ['colcon_meta']
[0.228s] colcon.colcon_core.package_identification Level 1 _identify(src/rebotarm_msgs) by extension 'colcon_meta'
[0.228s] colcon.colcon_core.package_identification Level 1 _identify(src/rebotarm_msgs) by extensions ['ros']
[0.228s] colcon.colcon_core.package_identification Level 1 _identify(src/rebotarm_msgs) by extension 'ros'
[0.229s] colcon.colcon_core.package_identification DEBUG Package 'src/rebotarm_msgs' with type 'ros.ament_cmake' and name 'rebotarm_msgs'
[0.229s] colcon.colcon_core.package_identification Level 1 _identify(tools) by extensions ['ignore', 'ignore_ament_install']
[0.229s] colcon.colcon_core.package_identification Level 1 _identify(tools) by extension 'ignore'
[0.229s] colcon.colcon_core.package_identification Level 1 _identify(tools) by extension 'ignore_ament_install'
[0.229s] colcon.colcon_core.package_identification Level 1 _identify(tools) by extensions ['colcon_pkg']
[0.229s] colcon.colcon_core.package_identification Level 1 _identify(tools) by extension 'colcon_pkg'
[0.229s] colcon.colcon_core.package_identification Level 1 _identify(tools) by extensions ['colcon_meta']
[0.229s] colcon.colcon_core.package_identification Level 1 _identify(tools) by extension 'colcon_meta'
[0.229s] colcon.colcon_core.package_identification Level 1 _identify(tools) by extensions ['ros']
[0.229s] colcon.colcon_core.package_identification Level 1 _identify(tools) by extension 'ros'
[0.229s] colcon.colcon_core.package_identification Level 1 _identify(tools) by extensions ['cmake', 'python']
[0.229s] colcon.colcon_core.package_identification Level 1 _identify(tools) by extension 'cmake'
[0.229s] colcon.colcon_core.package_identification Level 1 _identify(tools) by extension 'python'
[0.229s] colcon.colcon_core.package_identification Level 1 _identify(tools) by extensions ['python_setup_py']
[0.229s] colcon.colcon_core.package_identification Level 1 _identify(tools) by extension 'python_setup_py'
[0.229s] colcon.colcon_core.package_discovery Level 1 discover_packages(recursive) using defaults
[0.229s] colcon.colcon_core.package_discovery Level 1 discover_packages(ignore) discover
[0.229s] colcon.colcon_core.package_discovery Level 1 discover_packages(ignore) using defaults
[0.229s] colcon.colcon_core.package_discovery Level 1 discover_packages(path) discover
[0.229s] colcon.colcon_core.package_discovery Level 1 discover_packages(path) using defaults
[0.237s] colcon.colcon_core.verb Level 5 set package 'rebotarm_msgs' build argument 'cmake_args' from command line to 'None'
[0.237s] colcon.colcon_core.verb Level 5 set package 'rebotarm_msgs' build argument 'cmake_target' from command line to 'None'
[0.237s] colcon.colcon_core.verb Level 5 set package 'rebotarm_msgs' build argument 'cmake_target_skip_unavailable' from command line to 'False'
[0.237s] colcon.colcon_core.verb Level 5 set package 'rebotarm_msgs' build argument 'cmake_clean_cache' from command line to 'False'
[0.237s] colcon.colcon_core.verb Level 5 set package 'rebotarm_msgs' build argument 'cmake_clean_first' from command line to 'False'
[0.237s] colcon.colcon_core.verb Level 5 set package 'rebotarm_msgs' build argument 'cmake_force_configure' from command line to 'False'
[0.237s] colcon.colcon_core.verb Level 5 set package 'rebotarm_msgs' build argument 'ament_cmake_args' from command line to 'None'
[0.237s] colcon.colcon_core.verb Level 5 set package 'rebotarm_msgs' build argument 'catkin_cmake_args' from command line to 'None'
[0.237s] colcon.colcon_core.verb Level 5 set package 'rebotarm_msgs' build argument 'catkin_skip_building_tests' from command line to 'False'
[0.237s] colcon.colcon_core.verb DEBUG Building package 'rebotarm_msgs' with the following arguments: {'ament_cmake_args': None, 'build_base': '/home/ylnn/DM_Armx/build/rebotarm_msgs', 'catkin_cmake_args': None, 'catkin_skip_building_tests': False, 'cmake_args': None, 'cmake_clean_cache': False, 'cmake_clean_first': False, 'cmake_force_configure': False, 'cmake_target': None, 'cmake_target_skip_unavailable': False, 'install_base': '/home/ylnn/DM_Armx/install/rebotarm_msgs', 'merge_install': False, 'path': '/home/ylnn/DM_Armx/src/rebotarm_msgs', 'symlink_install': True, 'test_result_base': None}
[0.237s] colcon.colcon_core.verb Level 5 set package 'fake_driver_pkg' build argument 'cmake_args' from command line to 'None'
[0.237s] colcon.colcon_core.verb Level 5 set package 'fake_driver_pkg' build argument 'cmake_target' from command line to 'None'
[0.237s] colcon.colcon_core.verb Level 5 set package 'fake_driver_pkg' build argument 'cmake_target_skip_unavailable' from command line to 'False'
[0.237s] colcon.colcon_core.verb Level 5 set package 'fake_driver_pkg' build argument 'cmake_clean_cache' from command line to 'False'
[0.237s] colcon.colcon_core.verb Level 5 set package 'fake_driver_pkg' build argument 'cmake_clean_first' from command line to 'False'
[0.237s] colcon.colcon_core.verb Level 5 set package 'fake_driver_pkg' build argument 'cmake_force_configure' from command line to 'False'
[0.237s] colcon.colcon_core.verb Level 5 set package 'fake_driver_pkg' build argument 'ament_cmake_args' from command line to 'None'
[0.237s] colcon.colcon_core.verb Level 5 set package 'fake_driver_pkg' build argument 'catkin_cmake_args' from command line to 'None'
[0.237s] colcon.colcon_core.verb Level 5 set package 'fake_driver_pkg' build argument 'catkin_skip_building_tests' from command line to 'False'
[0.237s] colcon.colcon_core.verb DEBUG Building package 'fake_driver_pkg' with the following arguments: {'ament_cmake_args': None, 'build_base': '/home/ylnn/DM_Armx/build/fake_driver_pkg', 'catkin_cmake_args': None, 'catkin_skip_building_tests': False, 'cmake_args': None, 'cmake_clean_cache': False, 'cmake_clean_first': False, 'cmake_force_configure': False, 'cmake_target': None, 'cmake_target_skip_unavailable': False, 'install_base': '/home/ylnn/DM_Armx/install/fake_driver_pkg', 'merge_install': False, 'path': '/home/ylnn/DM_Armx/src/fake_driver_pkg', 'symlink_install': True, 'test_result_base': None}
[0.237s] colcon.colcon_core.verb Level 5 set package 'mujoco_pkg' build argument 'cmake_args' from command line to 'None'
[0.237s] colcon.colcon_core.verb Level 5 set package 'mujoco_pkg' build argument 'cmake_target' from command line to 'None'
[0.237s] colcon.colcon_core.verb Level 5 set package 'mujoco_pkg' build argument 'cmake_target_skip_unavailable' from command line to 'False'
[0.237s] colcon.colcon_core.verb Level 5 set package 'mujoco_pkg' build argument 'cmake_clean_cache' from command line to 'False'
[0.237s] colcon.colcon_core.verb Level 5 set package 'mujoco_pkg' build argument 'cmake_clean_first' from command line to 'False'
[0.237s] colcon.colcon_core.verb Level 5 set package 'mujoco_pkg' build argument 'cmake_force_configure' from command line to 'False'
[0.237s] colcon.colcon_core.verb Level 5 set package 'mujoco_pkg' build argument 'ament_cmake_args' from command line to 'None'
[0.237s] colcon.colcon_core.verb Level 5 set package 'mujoco_pkg' build argument 'catkin_cmake_args' from command line to 'None'
[0.237s] colcon.colcon_core.verb Level 5 set package 'mujoco_pkg' build argument 'catkin_skip_building_tests' from command line to 'False'
[0.237s] colcon.colcon_core.verb DEBUG Building package 'mujoco_pkg' with the following arguments: {'ament_cmake_args': None, 'build_base': '/home/ylnn/DM_Armx/build/mujoco_pkg', 'catkin_cmake_args': None, 'catkin_skip_building_tests': False, 'cmake_args': None, 'cmake_clean_cache': False, 'cmake_clean_first': False, 'cmake_force_configure': False, 'cmake_target': None, 'cmake_target_skip_unavailable': False, 'install_base': '/home/ylnn/DM_Armx/install/mujoco_pkg', 'merge_install': False, 'path': '/home/ylnn/DM_Armx/src/mujoco_pkg', 'symlink_install': True, 'test_result_base': None}
[0.237s] colcon.colcon_core.executor INFO Executing jobs using 'parallel' executor
[0.238s] colcon.colcon_parallel_executor.executor.parallel DEBUG run_until_complete
[0.238s] colcon.colcon_ros.task.ament_cmake.build INFO Building ROS package in '/home/ylnn/DM_Armx/src/rebotarm_msgs' with build type 'ament_cmake'
[0.238s] colcon.colcon_cmake.task.cmake.build INFO Building CMake package in '/home/ylnn/DM_Armx/src/rebotarm_msgs'
[0.239s] colcon.colcon_core.plugin_system INFO Skipping extension 'colcon_core.shell.bat': Not used on non-Windows systems
[0.239s] colcon.colcon_core.shell INFO Skip shell extension 'powershell' for command environment: Not usable outside of PowerShell
[0.239s] colcon.colcon_core.shell DEBUG Skip shell extension 'dsv' for command environment
[0.245s] colcon.colcon_core.event_handler.log_command DEBUG Invoking command in '/home/ylnn/DM_Armx/build/rebotarm_msgs': CMAKE_PREFIX_PATH=${CMAKE_PREFIX_PATH}:/home/ylnn/DM_Armx/.pixi/envs/default DEBUGINFOD_URLS=https://debuginfod.ubuntu.com PIXI_PROMPT=(DM_Armx) /home/ylnn/DM_Armx/.pixi/envs/default/bin/cmake /home/ylnn/DM_Armx/src/rebotarm_msgs -DAMENT_CMAKE_SYMLINK_INSTALL=1 -DCMAKE_INSTALL_PREFIX=/home/ylnn/DM_Armx/install/rebotarm_msgs
[3.478s] colcon.colcon_core.event_handler.log_command DEBUG Invoked command in '/home/ylnn/DM_Armx/build/rebotarm_msgs' returned '0': CMAKE_PREFIX_PATH=${CMAKE_PREFIX_PATH}:/home/ylnn/DM_Armx/.pixi/envs/default DEBUGINFOD_URLS=https://debuginfod.ubuntu.com PIXI_PROMPT=(DM_Armx) /home/ylnn/DM_Armx/.pixi/envs/default/bin/cmake /home/ylnn/DM_Armx/src/rebotarm_msgs -DAMENT_CMAKE_SYMLINK_INSTALL=1 -DCMAKE_INSTALL_PREFIX=/home/ylnn/DM_Armx/install/rebotarm_msgs
[3.479s] colcon.colcon_core.event_handler.log_command DEBUG Invoking command in '/home/ylnn/DM_Armx/build/rebotarm_msgs': CMAKE_PREFIX_PATH=${CMAKE_PREFIX_PATH}:/home/ylnn/DM_Armx/.pixi/envs/default DEBUGINFOD_URLS=https://debuginfod.ubuntu.com PIXI_PROMPT=(DM_Armx) /home/ylnn/DM_Armx/.pixi/envs/default/bin/cmake --build /home/ylnn/DM_Armx/build/rebotarm_msgs -- -j16 -l16
[8.025s] colcon.colcon_core.event_handler.log_command DEBUG Invoked command in '/home/ylnn/DM_Armx/build/rebotarm_msgs' returned '0': CMAKE_PREFIX_PATH=${CMAKE_PREFIX_PATH}:/home/ylnn/DM_Armx/.pixi/envs/default DEBUGINFOD_URLS=https://debuginfod.ubuntu.com PIXI_PROMPT=(DM_Armx) /home/ylnn/DM_Armx/.pixi/envs/default/bin/cmake --build /home/ylnn/DM_Armx/build/rebotarm_msgs -- -j16 -l16
[8.034s] colcon.colcon_core.event_handler.log_command DEBUG Invoking command in '/home/ylnn/DM_Armx/build/rebotarm_msgs': CMAKE_PREFIX_PATH=${CMAKE_PREFIX_PATH}:/home/ylnn/DM_Armx/.pixi/envs/default DEBUGINFOD_URLS=https://debuginfod.ubuntu.com PIXI_PROMPT=(DM_Armx) /home/ylnn/DM_Armx/.pixi/envs/default/bin/cmake --install /home/ylnn/DM_Armx/build/rebotarm_msgs
[9.254s] colcon.colcon_core.environment Level 1 create_environment_scripts_only(rebotarm_msgs)
[9.254s] colcon.colcon_core.event_handler.log_command DEBUG Invoked command in '/home/ylnn/DM_Armx/build/rebotarm_msgs' returned '0': CMAKE_PREFIX_PATH=${CMAKE_PREFIX_PATH}:/home/ylnn/DM_Armx/.pixi/envs/default DEBUGINFOD_URLS=https://debuginfod.ubuntu.com PIXI_PROMPT=(DM_Armx) /home/ylnn/DM_Armx/.pixi/envs/default/bin/cmake --install /home/ylnn/DM_Armx/build/rebotarm_msgs
[9.256s] colcon.colcon_core.environment Level 1 checking '/home/ylnn/DM_Armx/install/rebotarm_msgs' for CMake module files
[9.256s] colcon.colcon_core.environment Level 1 checking '/home/ylnn/DM_Armx/install/rebotarm_msgs' for CMake config files
[9.257s] colcon.colcon_core.shell Level 1 create_environment_hook('rebotarm_msgs', 'cmake_prefix_path')
[9.257s] colcon.colcon_core.shell INFO Creating environment hook '/home/ylnn/DM_Armx/install/rebotarm_msgs/share/rebotarm_msgs/hook/cmake_prefix_path.ps1'
[9.258s] colcon.colcon_core.shell INFO Creating environment descriptor '/home/ylnn/DM_Armx/install/rebotarm_msgs/share/rebotarm_msgs/hook/cmake_prefix_path.dsv'
[9.258s] colcon.colcon_core.shell INFO Creating environment hook '/home/ylnn/DM_Armx/install/rebotarm_msgs/share/rebotarm_msgs/hook/cmake_prefix_path.sh'
[9.259s] colcon.colcon_core.environment Level 1 checking '/home/ylnn/DM_Armx/install/rebotarm_msgs/lib'
[9.259s] colcon.colcon_core.shell Level 1 create_environment_hook('rebotarm_msgs', 'ld_library_path_lib')
[9.259s] colcon.colcon_core.shell INFO Creating environment hook '/home/ylnn/DM_Armx/install/rebotarm_msgs/share/rebotarm_msgs/hook/ld_library_path_lib.ps1'
[9.260s] colcon.colcon_core.shell INFO Creating environment descriptor '/home/ylnn/DM_Armx/install/rebotarm_msgs/share/rebotarm_msgs/hook/ld_library_path_lib.dsv'
[9.260s] colcon.colcon_core.shell INFO Creating environment hook '/home/ylnn/DM_Armx/install/rebotarm_msgs/share/rebotarm_msgs/hook/ld_library_path_lib.sh'
[9.260s] colcon.colcon_core.environment Level 1 checking '/home/ylnn/DM_Armx/install/rebotarm_msgs/bin'
[9.260s] colcon.colcon_core.environment Level 1 checking '/home/ylnn/DM_Armx/install/rebotarm_msgs/lib/pkgconfig/rebotarm_msgs.pc'
[9.261s] colcon.colcon_core.environment Level 1 checking '/home/ylnn/DM_Armx/install/rebotarm_msgs/lib/python3.12/site-packages'
[9.261s] colcon.colcon_core.shell Level 1 create_environment_hook('rebotarm_msgs', 'pythonpath')
[9.262s] colcon.colcon_core.shell INFO Creating environment hook '/home/ylnn/DM_Armx/install/rebotarm_msgs/share/rebotarm_msgs/hook/pythonpath.ps1'
[9.262s] colcon.colcon_core.shell INFO Creating environment descriptor '/home/ylnn/DM_Armx/install/rebotarm_msgs/share/rebotarm_msgs/hook/pythonpath.dsv'
[9.263s] colcon.colcon_core.shell INFO Creating environment hook '/home/ylnn/DM_Armx/install/rebotarm_msgs/share/rebotarm_msgs/hook/pythonpath.sh'
[9.263s] colcon.colcon_core.environment Level 1 checking '/home/ylnn/DM_Armx/install/rebotarm_msgs/bin'
[9.263s] colcon.colcon_core.shell INFO Creating package script '/home/ylnn/DM_Armx/install/rebotarm_msgs/share/rebotarm_msgs/package.ps1'
[9.264s] colcon.colcon_core.shell INFO Creating package descriptor '/home/ylnn/DM_Armx/install/rebotarm_msgs/share/rebotarm_msgs/package.dsv'
[9.265s] colcon.colcon_core.shell INFO Creating package script '/home/ylnn/DM_Armx/install/rebotarm_msgs/share/rebotarm_msgs/package.sh'
[9.265s] colcon.colcon_core.shell INFO Creating package script '/home/ylnn/DM_Armx/install/rebotarm_msgs/share/rebotarm_msgs/package.bash'
[9.266s] colcon.colcon_core.shell INFO Creating package script '/home/ylnn/DM_Armx/install/rebotarm_msgs/share/rebotarm_msgs/package.zsh'
[9.267s] colcon.colcon_core.environment Level 1 create_file_with_runtime_dependencies(/home/ylnn/DM_Armx/install/rebotarm_msgs/share/colcon-core/packages/rebotarm_msgs)
[9.267s] colcon.colcon_core.environment Level 1 create_environment_scripts_only(rebotarm_msgs)
[9.267s] colcon.colcon_core.environment Level 1 checking '/home/ylnn/DM_Armx/install/rebotarm_msgs' for CMake module files
[9.268s] colcon.colcon_core.environment Level 1 checking '/home/ylnn/DM_Armx/install/rebotarm_msgs' for CMake config files
[9.268s] colcon.colcon_core.shell Level 1 create_environment_hook('rebotarm_msgs', 'cmake_prefix_path')
[9.268s] colcon.colcon_core.shell INFO Creating environment hook '/home/ylnn/DM_Armx/install/rebotarm_msgs/share/rebotarm_msgs/hook/cmake_prefix_path.ps1'
[9.269s] colcon.colcon_core.shell INFO Creating environment descriptor '/home/ylnn/DM_Armx/install/rebotarm_msgs/share/rebotarm_msgs/hook/cmake_prefix_path.dsv'
[9.269s] colcon.colcon_core.shell INFO Creating environment hook '/home/ylnn/DM_Armx/install/rebotarm_msgs/share/rebotarm_msgs/hook/cmake_prefix_path.sh'
[9.270s] colcon.colcon_core.environment Level 1 checking '/home/ylnn/DM_Armx/install/rebotarm_msgs/lib'
[9.270s] colcon.colcon_core.shell Level 1 create_environment_hook('rebotarm_msgs', 'ld_library_path_lib')
[9.270s] colcon.colcon_core.shell INFO Creating environment hook '/home/ylnn/DM_Armx/install/rebotarm_msgs/share/rebotarm_msgs/hook/ld_library_path_lib.ps1'
[9.271s] colcon.colcon_core.shell INFO Creating environment descriptor '/home/ylnn/DM_Armx/install/rebotarm_msgs/share/rebotarm_msgs/hook/ld_library_path_lib.dsv'
[9.271s] colcon.colcon_core.shell INFO Creating environment hook '/home/ylnn/DM_Armx/install/rebotarm_msgs/share/rebotarm_msgs/hook/ld_library_path_lib.sh'
[9.272s] colcon.colcon_core.environment Level 1 checking '/home/ylnn/DM_Armx/install/rebotarm_msgs/bin'
[9.272s] colcon.colcon_core.environment Level 1 checking '/home/ylnn/DM_Armx/install/rebotarm_msgs/lib/pkgconfig/rebotarm_msgs.pc'
[9.272s] colcon.colcon_core.environment Level 1 checking '/home/ylnn/DM_Armx/install/rebotarm_msgs/lib/python3.12/site-packages'
[9.272s] colcon.colcon_core.shell Level 1 create_environment_hook('rebotarm_msgs', 'pythonpath')
[9.272s] colcon.colcon_core.shell INFO Creating environment hook '/home/ylnn/DM_Armx/install/rebotarm_msgs/share/rebotarm_msgs/hook/pythonpath.ps1'
[9.273s] colcon.colcon_core.shell INFO Creating environment descriptor '/home/ylnn/DM_Armx/install/rebotarm_msgs/share/rebotarm_msgs/hook/pythonpath.dsv'
[9.273s] colcon.colcon_core.shell INFO Creating environment hook '/home/ylnn/DM_Armx/install/rebotarm_msgs/share/rebotarm_msgs/hook/pythonpath.sh'
[9.273s] colcon.colcon_core.environment Level 1 checking '/home/ylnn/DM_Armx/install/rebotarm_msgs/bin'
[9.274s] colcon.colcon_core.shell INFO Creating package script '/home/ylnn/DM_Armx/install/rebotarm_msgs/share/rebotarm_msgs/package.ps1'
[9.274s] colcon.colcon_core.shell INFO Creating package descriptor '/home/ylnn/DM_Armx/install/rebotarm_msgs/share/rebotarm_msgs/package.dsv'
[9.275s] colcon.colcon_core.shell INFO Creating package script '/home/ylnn/DM_Armx/install/rebotarm_msgs/share/rebotarm_msgs/package.sh'
[9.275s] colcon.colcon_core.shell INFO Creating package script '/home/ylnn/DM_Armx/install/rebotarm_msgs/share/rebotarm_msgs/package.bash'
[9.275s] colcon.colcon_core.shell INFO Creating package script '/home/ylnn/DM_Armx/install/rebotarm_msgs/share/rebotarm_msgs/package.zsh'
[9.276s] colcon.colcon_core.environment Level 1 create_file_with_runtime_dependencies(/home/ylnn/DM_Armx/install/rebotarm_msgs/share/colcon-core/packages/rebotarm_msgs)
[9.276s] colcon.colcon_ros.task.ament_python.build INFO Building ROS package in '/home/ylnn/DM_Armx/src/fake_driver_pkg' with build type 'ament_python'
[9.276s] colcon.colcon_core.shell Level 1 create_environment_hook('fake_driver_pkg', 'ament_prefix_path')
[9.276s] colcon.colcon_core.shell INFO Creating environment hook '/home/ylnn/DM_Armx/install/fake_driver_pkg/share/fake_driver_pkg/hook/ament_prefix_path.ps1'
[9.277s] colcon.colcon_core.shell INFO Creating environment descriptor '/home/ylnn/DM_Armx/install/fake_driver_pkg/share/fake_driver_pkg/hook/ament_prefix_path.dsv'
[9.277s] colcon.colcon_core.shell INFO Creating environment hook '/home/ylnn/DM_Armx/install/fake_driver_pkg/share/fake_driver_pkg/hook/ament_prefix_path.sh'
[9.278s] colcon.colcon_core.shell INFO Skip shell extension 'powershell' for command environment: Not usable outside of PowerShell
[9.278s] colcon.colcon_core.shell DEBUG Skip shell extension 'dsv' for command environment
[9.280s] colcon.colcon_ros.task.ament_python.build INFO Building ROS package in '/home/ylnn/DM_Armx/src/mujoco_pkg' with build type 'ament_python'
[9.280s] colcon.colcon_core.shell Level 1 create_environment_hook('mujoco_pkg', 'ament_prefix_path')
[9.280s] colcon.colcon_core.shell INFO Creating environment hook '/home/ylnn/DM_Armx/install/mujoco_pkg/share/mujoco_pkg/hook/ament_prefix_path.ps1'
[9.280s] colcon.colcon_core.shell INFO Creating environment descriptor '/home/ylnn/DM_Armx/install/mujoco_pkg/share/mujoco_pkg/hook/ament_prefix_path.dsv'
[9.281s] colcon.colcon_core.shell INFO Creating environment hook '/home/ylnn/DM_Armx/install/mujoco_pkg/share/mujoco_pkg/hook/ament_prefix_path.sh'
[9.281s] colcon.colcon_core.shell INFO Skip shell extension 'powershell' for command environment: Not usable outside of PowerShell
[9.281s] colcon.colcon_core.shell DEBUG Skip shell extension 'dsv' for command environment
[9.393s] colcon.colcon_core.task.python.build INFO Building Python package in '/home/ylnn/DM_Armx/src/fake_driver_pkg'
[9.393s] colcon.colcon_core.shell INFO Skip shell extension 'powershell' for command environment: Not usable outside of PowerShell
[9.393s] colcon.colcon_core.shell DEBUG Skip shell extension 'dsv' for command environment
[9.504s] colcon.colcon_core.task.python.build INFO Building Python package in '/home/ylnn/DM_Armx/src/mujoco_pkg'
[9.504s] colcon.colcon_core.shell INFO Skip shell extension 'powershell' for command environment: Not usable outside of PowerShell
[9.504s] colcon.colcon_core.shell DEBUG Skip shell extension 'dsv' for command environment
[9.701s] colcon.colcon_core.task.python.build DEBUG Available setuptools commands: install_egg_info, install, install_lib, bdist_dumb, saveopts, sdist, bdist_egg, editable_wheel, develop, alias, clean, setopt, build_clib, check, symlink_data, bdist_rpm, build, install_headers, build_scripts, install_scripts, dist_info, egg_info, build_ext, install_data, bdist, rotate, easy_install, build_py, bdist_wheel
[9.702s] colcon.colcon_core.task.python.build DEBUG Available setuptools commands: install_egg_info, install, install_lib, bdist_dumb, saveopts, sdist, bdist_egg, editable_wheel, develop, alias, clean, setopt, build_clib, check, symlink_data, bdist_rpm, build, install_headers, build_scripts, install_scripts, dist_info, egg_info, build_ext, install_data, bdist, rotate, easy_install, build_py, bdist_wheel
[9.834s] colcon.colcon_core.task.python.build DEBUG Available setuptools 'develop' options: --user, --verbose, --no-find-links, --quiet, --version, --install-dir, --exclude-scripts, --no-user-cfg, --always-unzip, --dry-run, --record, --allow-hosts, --multi-version, --site-dirs, --zip-ok, --always-copy, --find-links, --script-dir, --uninstall, --local-snapshots-ok, --egg-path, --upgrade, --help, --prefix, --optimize, --index-url, --build-directory, --no-deps, --editable
[9.835s] colcon.colcon_core.event_handler.log_command DEBUG Invoking command in '/home/ylnn/DM_Armx/build/fake_driver_pkg': AMENT_PREFIX_PATH=/home/ylnn/DM_Armx/install/rebotarm_msgs:${AMENT_PREFIX_PATH} CMAKE_PREFIX_PATH=/home/ylnn/DM_Armx/install/rebotarm_msgs:${CMAKE_PREFIX_PATH} DEBUGINFOD_URLS=https://debuginfod.ubuntu.com LD_LIBRARY_PATH=/home/ylnn/DM_Armx/install/rebotarm_msgs/lib:${LD_LIBRARY_PATH} PIXI_PROMPT=(DM_Armx) PYTHONPATH=/home/ylnn/DM_Armx/build/fake_driver_pkg/prefix_override:/home/ylnn/DM_Armx/.pixi/envs/default/lib/python3.12/site-packages/colcon_core/task/python/colcon_distutils_commands:/home/ylnn/DM_Armx/install/fake_driver_pkg/lib/python3.12/site-packages:/home/ylnn/DM_Armx/install/rebotarm_msgs/lib/python3.12/site-packages:${PYTHONPATH} /home/ylnn/DM_Armx/.pixi/envs/default/bin/python3.12 -W ignore:setup.py install is deprecated -W ignore:easy_install command is deprecated setup.py develop --editable --build-directory /home/ylnn/DM_Armx/build/fake_driver_pkg/build --no-deps symlink_data
[9.841s] colcon.colcon_core.task.python.build DEBUG Available setuptools 'develop' options: --user, --verbose, --no-find-links, --quiet, --version, --install-dir, --exclude-scripts, --no-user-cfg, --always-unzip, --dry-run, --record, --allow-hosts, --multi-version, --site-dirs, --zip-ok, --always-copy, --find-links, --script-dir, --uninstall, --local-snapshots-ok, --egg-path, --upgrade, --help, --prefix, --optimize, --index-url, --build-directory, --no-deps, --editable
[9.841s] colcon.colcon_core.task.python.build DEBUG While undoing a previous installation files outside the Python library path are being ignored: /home/ylnn/DM_Armx/install/mujoco_pkg/share/ament_index/resource_index/packages/mujoco_pkg
[9.841s] colcon.colcon_core.task.python.build DEBUG While undoing a previous installation files outside the Python library path are being ignored: /home/ylnn/DM_Armx/install/mujoco_pkg/share/mujoco_pkg/package.xml
[9.843s] colcon.colcon_core.event_handler.log_command DEBUG Invoking command in '/home/ylnn/DM_Armx/build/mujoco_pkg': AMENT_PREFIX_PATH=/home/ylnn/DM_Armx/install/rebotarm_msgs:${AMENT_PREFIX_PATH} CMAKE_PREFIX_PATH=/home/ylnn/DM_Armx/install/rebotarm_msgs:${CMAKE_PREFIX_PATH} DEBUGINFOD_URLS=https://debuginfod.ubuntu.com LD_LIBRARY_PATH=/home/ylnn/DM_Armx/install/rebotarm_msgs/lib:${LD_LIBRARY_PATH} PIXI_PROMPT=(DM_Armx) PYTHONPATH=/home/ylnn/DM_Armx/build/mujoco_pkg/prefix_override:/home/ylnn/DM_Armx/.pixi/envs/default/lib/python3.12/site-packages/colcon_core/task/python/colcon_distutils_commands:/home/ylnn/DM_Armx/install/mujoco_pkg/lib/python3.12/site-packages:/home/ylnn/DM_Armx/install/rebotarm_msgs/lib/python3.12/site-packages:${PYTHONPATH} /home/ylnn/DM_Armx/.pixi/envs/default/bin/python3.12 -W ignore:setup.py install is deprecated -W ignore:easy_install command is deprecated setup.py develop --editable --build-directory /home/ylnn/DM_Armx/build/mujoco_pkg/build --no-deps symlink_data --force
[10.055s] colcon.colcon_core.shell Level 1 create_environment_hook('fake_driver_pkg', 'pythonpath_develop')
[10.055s] colcon.colcon_core.shell INFO Creating environment hook '/home/ylnn/DM_Armx/build/fake_driver_pkg/share/fake_driver_pkg/hook/pythonpath_develop.ps1'
[10.056s] colcon.colcon_core.event_handler.log_command DEBUG Invoked command in '/home/ylnn/DM_Armx/build/fake_driver_pkg' returned '0': AMENT_PREFIX_PATH=/home/ylnn/DM_Armx/install/rebotarm_msgs:${AMENT_PREFIX_PATH} CMAKE_PREFIX_PATH=/home/ylnn/DM_Armx/install/rebotarm_msgs:${CMAKE_PREFIX_PATH} DEBUGINFOD_URLS=https://debuginfod.ubuntu.com LD_LIBRARY_PATH=/home/ylnn/DM_Armx/install/rebotarm_msgs/lib:${LD_LIBRARY_PATH} PIXI_PROMPT=(DM_Armx) PYTHONPATH=/home/ylnn/DM_Armx/build/fake_driver_pkg/prefix_override:/home/ylnn/DM_Armx/.pixi/envs/default/lib/python3.12/site-packages/colcon_core/task/python/colcon_distutils_commands:/home/ylnn/DM_Armx/install/fake_driver_pkg/lib/python3.12/site-packages:/home/ylnn/DM_Armx/install/rebotarm_msgs/lib/python3.12/site-packages:${PYTHONPATH} /home/ylnn/DM_Armx/.pixi/envs/default/bin/python3.12 -W ignore:setup.py install is deprecated -W ignore:easy_install command is deprecated setup.py develop --editable --build-directory /home/ylnn/DM_Armx/build/fake_driver_pkg/build --no-deps symlink_data
[10.056s] colcon.colcon_core.shell INFO Creating environment descriptor '/home/ylnn/DM_Armx/build/fake_driver_pkg/share/fake_driver_pkg/hook/pythonpath_develop.dsv'
[10.056s] colcon.colcon_core.shell INFO Creating environment hook '/home/ylnn/DM_Armx/build/fake_driver_pkg/share/fake_driver_pkg/hook/pythonpath_develop.sh'
[10.056s] colcon.colcon_core.environment Level 1 checking '/home/ylnn/DM_Armx/install/fake_driver_pkg' for CMake module files
[10.056s] colcon.colcon_core.environment Level 1 checking '/home/ylnn/DM_Armx/install/fake_driver_pkg' for CMake config files
[10.057s] colcon.colcon_core.environment Level 1 checking '/home/ylnn/DM_Armx/install/fake_driver_pkg/lib'
[10.057s] colcon.colcon_core.environment Level 1 checking '/home/ylnn/DM_Armx/install/fake_driver_pkg/bin'
[10.057s] colcon.colcon_core.environment Level 1 checking '/home/ylnn/DM_Armx/install/fake_driver_pkg/lib/pkgconfig/fake_driver_pkg.pc'
[10.057s] colcon.colcon_core.environment Level 1 checking '/home/ylnn/DM_Armx/install/fake_driver_pkg/lib/python3.12/site-packages'
[10.057s] colcon.colcon_core.shell Level 1 create_environment_hook('fake_driver_pkg', 'pythonpath')
[10.057s] colcon.colcon_core.shell INFO Creating environment hook '/home/ylnn/DM_Armx/install/fake_driver_pkg/share/fake_driver_pkg/hook/pythonpath.ps1'
[10.057s] colcon.colcon_core.shell INFO Creating environment descriptor '/home/ylnn/DM_Armx/install/fake_driver_pkg/share/fake_driver_pkg/hook/pythonpath.dsv'
[10.058s] colcon.colcon_core.shell INFO Creating environment hook '/home/ylnn/DM_Armx/install/fake_driver_pkg/share/fake_driver_pkg/hook/pythonpath.sh'
[10.058s] colcon.colcon_core.environment Level 1 checking '/home/ylnn/DM_Armx/install/fake_driver_pkg/bin'
[10.058s] colcon.colcon_core.environment Level 1 create_environment_scripts_only(fake_driver_pkg)
[10.058s] colcon.colcon_core.shell INFO Creating package script '/home/ylnn/DM_Armx/install/fake_driver_pkg/share/fake_driver_pkg/package.ps1'
[10.059s] colcon.colcon_core.shell INFO Creating package descriptor '/home/ylnn/DM_Armx/install/fake_driver_pkg/share/fake_driver_pkg/package.dsv'
[10.059s] colcon.colcon_core.shell INFO Creating package script '/home/ylnn/DM_Armx/install/fake_driver_pkg/share/fake_driver_pkg/package.sh'
[10.059s] colcon.colcon_core.shell INFO Creating package script '/home/ylnn/DM_Armx/install/fake_driver_pkg/share/fake_driver_pkg/package.bash'
[10.059s] colcon.colcon_core.shell INFO Creating package script '/home/ylnn/DM_Armx/install/fake_driver_pkg/share/fake_driver_pkg/package.zsh'
[10.060s] colcon.colcon_core.environment Level 1 create_file_with_runtime_dependencies(/home/ylnn/DM_Armx/install/fake_driver_pkg/share/colcon-core/packages/fake_driver_pkg)
[10.060s] colcon.colcon_core.event_handler.log_command DEBUG Invoked command in '/home/ylnn/DM_Armx/build/mujoco_pkg' returned '1': AMENT_PREFIX_PATH=/home/ylnn/DM_Armx/install/rebotarm_msgs:${AMENT_PREFIX_PATH} CMAKE_PREFIX_PATH=/home/ylnn/DM_Armx/install/rebotarm_msgs:${CMAKE_PREFIX_PATH} DEBUGINFOD_URLS=https://debuginfod.ubuntu.com LD_LIBRARY_PATH=/home/ylnn/DM_Armx/install/rebotarm_msgs/lib:${LD_LIBRARY_PATH} PIXI_PROMPT=(DM_Armx) PYTHONPATH=/home/ylnn/DM_Armx/build/mujoco_pkg/prefix_override:/home/ylnn/DM_Armx/.pixi/envs/default/lib/python3.12/site-packages/colcon_core/task/python/colcon_distutils_commands:/home/ylnn/DM_Armx/install/mujoco_pkg/lib/python3.12/site-packages:/home/ylnn/DM_Armx/install/rebotarm_msgs/lib/python3.12/site-packages:${PYTHONPATH} /home/ylnn/DM_Armx/.pixi/envs/default/bin/python3.12 -W ignore:setup.py install is deprecated -W ignore:easy_install command is deprecated setup.py develop --editable --build-directory /home/ylnn/DM_Armx/build/mujoco_pkg/build --no-deps symlink_data --force
[10.071s] colcon.colcon_parallel_executor.executor.parallel DEBUG closing loop
[10.071s] colcon.colcon_parallel_executor.executor.parallel DEBUG loop closed
[10.071s] colcon.colcon_parallel_executor.executor.parallel DEBUG run_until_complete finished with '1'
[10.071s] colcon.colcon_core.event_reactor DEBUG joining thread
[10.071s] colcon.colcon_core.event_reactor DEBUG joined thread
[10.071s] colcon.colcon_core.shell INFO Creating prefix script '/home/ylnn/DM_Armx/install/local_setup.ps1'
[10.072s] colcon.colcon_core.shell INFO Creating prefix util module '/home/ylnn/DM_Armx/install/_local_setup_util_ps1.py'
[10.072s] colcon.colcon_core.shell INFO Creating prefix chain script '/home/ylnn/DM_Armx/install/setup.ps1'
[10.073s] colcon.colcon_core.shell INFO Creating prefix script '/home/ylnn/DM_Armx/install/local_setup.sh'
[10.073s] colcon.colcon_core.shell INFO Creating prefix util module '/home/ylnn/DM_Armx/install/_local_setup_util_sh.py'
[10.074s] colcon.colcon_core.shell INFO Creating prefix chain script '/home/ylnn/DM_Armx/install/setup.sh'
[10.074s] colcon.colcon_core.shell INFO Creating prefix script '/home/ylnn/DM_Armx/install/local_setup.bash'
[10.074s] colcon.colcon_core.shell INFO Creating prefix chain script '/home/ylnn/DM_Armx/install/setup.bash'
[10.075s] colcon.colcon_core.shell INFO Creating prefix script '/home/ylnn/DM_Armx/install/local_setup.zsh'
[10.075s] colcon.colcon_core.shell INFO Creating prefix chain script '/home/ylnn/DM_Armx/install/setup.zsh'
