[0.232s] [34mcolcon[0m [1;30mDEBUG[0m [32mCommand line arguments: ['/home/ylnn/DM_Armx/.pixi/envs/default/bin/colcon', 'build'][0m
[0.232s] [34mcolcon[0m [1;30mDEBUG[0m [32mParsed command line arguments: Namespace(log_base=None, log_level=None, verb_name='build', build_base='build', install_base='install', merge_install=False, symlink_install=False, test_result_base=None, continue_on_error=False, executor='parallel', parallel_workers=16, event_handlers=None, ignore_user_meta=False, metas=['./colcon.meta'], base_paths=['.'], packages_ignore=None, packages_ignore_regex=None, paths=None, packages_up_to=None, packages_up_to_regex=None, packages_above=None, packages_above_and_dependencies=None, packages_above_depth=None, packages_select_by_dep=None, packages_skip_by_dep=None, packages_skip_up_to=None, packages_select_build_failed=False, packages_skip_build_finished=False, packages_select_test_failures=False, packages_skip_test_passed=False, packages_select=None, packages_skip=None, packages_select_regex=None, packages_skip_regex=None, packages_start=None, packages_end=None, cmake_args=None, cmake_target=None, cmake_target_skip_unavailable=False, cmake_clean_cache=False, cmake_clean_first=False, cmake_force_configure=False, ament_cmake_args=None, catkin_cmake_args=None, catkin_skip_building_tests=False, verb_parser=<colcon_defaults.argument_parser.defaults.DefaultArgumentsDecorator object at 0x72c834e2d6a0>, verb_extension=<colcon_core.verb.build.BuildVerb object at 0x72c834fdb020>, main=<bound method BuildVerb.main of <colcon_core.verb.build.BuildVerb object at 0x72c834fdb020>>)[0m
[0.250s] [34mcolcon.colcon_core.package_discovery[0m [1;30mLevel 1[0m discover_packages(colcon_meta) check parameters
[0.250s] [34mcolcon.colcon_core.package_discovery[0m [1;30mLevel 1[0m discover_packages(recursive) check parameters
[0.250s] [34mcolcon.colcon_core.package_discovery[0m [1;30mLevel 1[0m discover_packages(ignore) check parameters
[0.250s] [34mcolcon.colcon_core.package_discovery[0m [1;30mLevel 1[0m discover_packages(path) check parameters
[0.250s] [34mcolcon.colcon_core.package_discovery[0m [1;30mLevel 1[0m discover_packages(colcon_meta) discover
[0.250s] [34mcolcon.colcon_core.package_discovery[0m [1;30mLevel 1[0m discover_packages(recursive) discover
[0.250s] [34mcolcon.colcon_core.package_discovery[0m [1;30mINFO[0m Crawling recursively for packages in '/home/ylnn/DM_Armx'
[0.250s] [34mcolcon.colcon_core.package_identification[0m [1;30mLevel 1[0m _identify(.) by extensions ['ignore', 'ignore_ament_install']
[0.250s] [34mcolcon.colcon_core.package_identification[0m [1;30mLevel 1[0m _identify(.) by extension 'ignore'
[0.250s] [34mcolcon.colcon_core.package_identification[0m [1;30mLevel 1[0m _identify(.) by extension 'ignore_ament_install'
[0.250s] [34mcolcon.colcon_core.package_identification[0m [1;30mLevel 1[0m _identify(.) by extensions ['colcon_pkg']
[0.250s] [34mcolcon.colcon_core.package_identification[0m [1;30mLevel 1[0m _identify(.) by extension 'colcon_pkg'
[0.250s] [34mcolcon.colcon_core.package_identification[0m [1;30mLevel 1[0m _identify(.) by extensions ['colcon_meta']
[0.250s] [34mcolcon.colcon_core.package_identification[0m [1;30mLevel 1[0m _identify(.) by extension 'colcon_meta'
[0.251s] [34mcolcon.colcon_core.package_identification[0m [1;30mLevel 1[0m _identify(.) by extensions ['ros']
[0.251s] [34mcolcon.colcon_core.package_identification[0m [1;30mLevel 1[0m _identify(.) by extension 'ros'
[0.266s] [34mcolcon.colcon_core.package_identification[0m [1;30mLevel 1[0m _identify(.) by extensions ['cmake', 'python']
[0.266s] [34mcolcon.colcon_core.package_identification[0m [1;30mLevel 1[0m _identify(.) by extension 'cmake'
[0.266s] [34mcolcon.colcon_core.package_identification[0m [1;30mLevel 1[0m _identify(.) by extension 'python'
[0.266s] [34mcolcon.colcon_core.package_identification[0m [1;30mLevel 1[0m _identify(.) by extensions ['python_setup_py']
[0.266s] [34mcolcon.colcon_core.package_identification[0m [1;30mLevel 1[0m _identify(.) by extension 'python_setup_py'
[0.266s] [34mcolcon.colcon_core.package_identification[0m [1;30mLevel 1[0m _identify(build) by extensions ['ignore', 'ignore_ament_install']
[0.266s] [34mcolcon.colcon_core.package_identification[0m [1;30mLevel 1[0m _identify(build) by extension 'ignore'
[0.266s] [34mcolcon.colcon_core.package_identification[0m [1;30mLevel 1[0m _identify(build) ignored
[0.266s] [34mcolcon.colcon_core.package_identification[0m [1;30mLevel 1[0m _identify(docs) by extensions ['ignore', 'ignore_ament_install']
[0.266s] [34mcolcon.colcon_core.package_identification[0m [1;30mLevel 1[0m _identify(docs) by extension 'ignore'
[0.266s] [34mcolcon.colcon_core.package_identification[0m [1;30mLevel 1[0m _identify(docs) by extension 'ignore_ament_install'
[0.266s] [34mcolcon.colcon_core.package_identification[0m [1;30mLevel 1[0m _identify(docs) by extensions ['colcon_pkg']
[0.266s] [34mcolcon.colcon_core.package_identification[0m [1;30mLevel 1[0m _identify(docs) by extension 'colcon_pkg'
[0.266s] [34mcolcon.colcon_core.package_identification[0m [1;30mLevel 1[0m _identify(docs) by extensions ['colcon_meta']
[0.266s] [34mcolcon.colcon_core.package_identification[0m [1;30mLevel 1[0m _identify(docs) by extension 'colcon_meta'
[0.266s] [34mcolcon.colcon_core.package_identification[0m [1;30mLevel 1[0m _identify(docs) by extensions ['ros']
[0.266s] [34mcolcon.colcon_core.package_identification[0m [1;30mLevel 1[0m _identify(docs) by extension 'ros'
[0.266s] [34mcolcon.colcon_core.package_identification[0m [1;30mLevel 1[0m _identify(docs) by extensions ['cmake', 'python']
[0.266s] [34mcolcon.colcon_core.package_identification[0m [1;30mLevel 1[0m _identify(docs) by extension 'cmake'
[0.266s] [34mcolcon.colcon_core.package_identification[0m [1;30mLevel 1[0m _identify(docs) by extension 'python'
[0.266s] [34mcolcon.colcon_core.package_identification[0m [1;30mLevel 1[0m _identify(docs) by extensions ['python_setup_py']
[0.266s] [34mcolcon.colcon_core.package_identification[0m [1;30mLevel 1[0m _identify(docs) by extension 'python_setup_py'
[0.266s] [34mcolcon.colcon_core.package_identification[0m [1;30mLevel 1[0m _identify(install) by extensions ['ignore', 'ignore_ament_install']
[0.267s] [34mcolcon.colcon_core.package_identification[0m [1;30mLevel 1[0m _identify(install) by extension 'ignore'
[0.267s] [34mcolcon.colcon_core.package_identification[0m [1;30mLevel 1[0m _identify(install) ignored
[0.267s] [34mcolcon.colcon_core.package_identification[0m [1;30mLevel 1[0m _identify(log) by extensions ['ignore', 'ignore_ament_install']
[0.267s] [34mcolcon.colcon_core.package_identification[0m [1;30mLevel 1[0m _identify(log) by extension 'ignore'
[0.267s] [34mcolcon.colcon_core.package_identification[0m [1;30mLevel 1[0m _identify(log) ignored
[0.267s] [34mcolcon.colcon_core.package_identification[0m [1;30mLevel 1[0m _identify(src) by extensions ['ignore', 'ignore_ament_install']
[0.267s] [34mcolcon.colcon_core.package_identification[0m [1;30mLevel 1[0m _identify(src) by extension 'ignore'
[0.267s] [34mcolcon.colcon_core.package_identification[0m [1;30mLevel 1[0m _identify(src) by extension 'ignore_ament_install'
[0.267s] [34mcolcon.colcon_core.package_identification[0m [1;30mLevel 1[0m _identify(src) by extensions ['colcon_pkg']
[0.267s] [34mcolcon.colcon_core.package_identification[0m [1;30mLevel 1[0m _identify(src) by extension 'colcon_pkg'
[0.267s] [34mcolcon.colcon_core.package_identification[0m [1;30mLevel 1[0m _identify(src) by extensions ['colcon_meta']
[0.267s] [34mcolcon.colcon_core.package_identification[0m [1;30mLevel 1[0m _identify(src) by extension 'colcon_meta'
[0.267s] [34mcolcon.colcon_core.package_identification[0m [1;30mLevel 1[0m _identify(src) by extensions ['ros']
[0.267s] [34mcolcon.colcon_core.package_identification[0m [1;30mLevel 1[0m _identify(src) by extension 'ros'
[0.267s] [34mcolcon.colcon_core.package_identification[0m [1;30mLevel 1[0m _identify(src) by extensions ['cmake', 'python']
[0.267s] [34mcolcon.colcon_core.package_identification[0m [1;30mLevel 1[0m _identify(src) by extension 'cmake'
[0.267s] [34mcolcon.colcon_core.package_identification[0m [1;30mLevel 1[0m _identify(src) by extension 'python'
[0.267s] [34mcolcon.colcon_core.package_identification[0m [1;30mLevel 1[0m _identify(src) by extensions ['python_setup_py']
[0.267s] [34mcolcon.colcon_core.package_identification[0m [1;30mLevel 1[0m _identify(src) by extension 'python_setup_py'
[0.267s] [34mcolcon.colcon_core.package_identification[0m [1;30mLevel 1[0m _identify(src/fake_driver_pkg) by extensions ['ignore', 'ignore_ament_install']
[0.267s] [34mcolcon.colcon_core.package_identification[0m [1;30mLevel 1[0m _identify(src/fake_driver_pkg) by extension 'ignore'
[0.267s] [34mcolcon.colcon_core.package_identification[0m [1;30mLevel 1[0m _identify(src/fake_driver_pkg) by extension 'ignore_ament_install'
[0.267s] [34mcolcon.colcon_core.package_identification[0m [1;30mLevel 1[0m _identify(src/fake_driver_pkg) by extensions ['colcon_pkg']
[0.267s] [34mcolcon.colcon_core.package_identification[0m [1;30mLevel 1[0m _identify(src/fake_driver_pkg) by extension 'colcon_pkg'
[0.267s] [34mcolcon.colcon_core.package_identification[0m [1;30mLevel 1[0m _identify(src/fake_driver_pkg) by extensions ['colcon_meta']
[0.267s] [34mcolcon.colcon_core.package_identification[0m [1;30mLevel 1[0m _identify(src/fake_driver_pkg) by extension 'colcon_meta'
[0.267s] [34mcolcon.colcon_core.package_identification[0m [1;30mLevel 1[0m _identify(src/fake_driver_pkg) by extensions ['ros']
[0.267s] [34mcolcon.colcon_core.package_identification[0m [1;30mLevel 1[0m _identify(src/fake_driver_pkg) by extension 'ros'
[0.268s] [34mcolcon.colcon_core.package_identification[0m [1;30mDEBUG[0m [32mPackage 'src/fake_driver_pkg' with type 'ros.ament_python' and name 'fake_driver_pkg'[0m
[0.269s] [34mcolcon.colcon_core.package_identification[0m [1;30mLevel 1[0m _identify(src/mujoco_pkg) by extensions ['ignore', 'ignore_ament_install']
[0.269s] [34mcolcon.colcon_core.package_identification[0m [1;30mLevel 1[0m _identify(src/mujoco_pkg) by extension 'ignore'
[0.269s] [34mcolcon.colcon_core.package_identification[0m [1;30mLevel 1[0m _identify(src/mujoco_pkg) by extension 'ignore_ament_install'
[0.269s] [34mcolcon.colcon_core.package_identification[0m [1;30mLevel 1[0m _identify(src/mujoco_pkg) by extensions ['colcon_pkg']
[0.269s] [34mcolcon.colcon_core.package_identification[0m [1;30mLevel 1[0m _identify(src/mujoco_pkg) by extension 'colcon_pkg'
[0.269s] [34mcolcon.colcon_core.package_identification[0m [1;30mLevel 1[0m _identify(src/mujoco_pkg) by extensions ['colcon_meta']
[0.269s] [34mcolcon.colcon_core.package_identification[0m [1;30mLevel 1[0m _identify(src/mujoco_pkg) by extension 'colcon_meta'
[0.269s] [34mcolcon.colcon_core.package_identification[0m [1;30mLevel 1[0m _identify(src/mujoco_pkg) by extensions ['ros']
[0.269s] [34mcolcon.colcon_core.package_identification[0m [1;30mLevel 1[0m _identify(src/mujoco_pkg) by extension 'ros'
[0.269s] [34mcolcon.colcon_core.package_identification[0m [1;30mDEBUG[0m [32mPackage 'src/mujoco_pkg' with type 'ros.ament_python' and name 'mujoco_pkg'[0m
[0.269s] [34mcolcon.colcon_core.package_identification[0m [1;30mLevel 1[0m _identify(src/rebotarm_msgs) by extensions ['ignore', 'ignore_ament_install']
[0.269s] [34mcolcon.colcon_core.package_identification[0m [1;30mLevel 1[0m _identify(src/rebotarm_msgs) by extension 'ignore'
[0.269s] [34mcolcon.colcon_core.package_identification[0m [1;30mLevel 1[0m _identify(src/rebotarm_msgs) by extension 'ignore_ament_install'
[0.269s] [34mcolcon.colcon_core.package_identification[0m [1;30mLevel 1[0m _identify(src/rebotarm_msgs) by extensions ['colcon_pkg']
[0.269s] [34mcolcon.colcon_core.package_identification[0m [1;30mLevel 1[0m _identify(src/rebotarm_msgs) by extension 'colcon_pkg'
[0.269s] [34mcolcon.colcon_core.package_identification[0m [1;30mLevel 1[0m _identify(src/rebotarm_msgs) by extensions ['colcon_meta']
[0.269s] [34mcolcon.colcon_core.package_identification[0m [1;30mLevel 1[0m _identify(src/rebotarm_msgs) by extension 'colcon_meta'
[0.269s] [34mcolcon.colcon_core.package_identification[0m [1;30mLevel 1[0m _identify(src/rebotarm_msgs) by extensions ['ros']
[0.269s] [34mcolcon.colcon_core.package_identification[0m [1;30mLevel 1[0m _identify(src/rebotarm_msgs) by extension 'ros'
[0.270s] [34mcolcon.colcon_core.package_identification[0m [1;30mDEBUG[0m [32mPackage 'src/rebotarm_msgs' with type 'ros.ament_cmake' and name 'rebotarm_msgs'[0m
[0.270s] [34mcolcon.colcon_core.package_identification[0m [1;30mLevel 1[0m _identify(tools) by extensions ['ignore', 'ignore_ament_install']
[0.270s] [34mcolcon.colcon_core.package_identification[0m [1;30mLevel 1[0m _identify(tools) by extension 'ignore'
[0.270s] [34mcolcon.colcon_core.package_identification[0m [1;30mLevel 1[0m _identify(tools) by extension 'ignore_ament_install'
[0.270s] [34mcolcon.colcon_core.package_identification[0m [1;30mLevel 1[0m _identify(tools) by extensions ['colcon_pkg']
[0.270s] [34mcolcon.colcon_core.package_identification[0m [1;30mLevel 1[0m _identify(tools) by extension 'colcon_pkg'
[0.270s] [34mcolcon.colcon_core.package_identification[0m [1;30mLevel 1[0m _identify(tools) by extensions ['colcon_meta']
[0.270s] [34mcolcon.colcon_core.package_identification[0m [1;30mLevel 1[0m _identify(tools) by extension 'colcon_meta'
[0.270s] [34mcolcon.colcon_core.package_identification[0m [1;30mLevel 1[0m _identify(tools) by extensions ['ros']
[0.270s] [34mcolcon.colcon_core.package_identification[0m [1;30mLevel 1[0m _identify(tools) by extension 'ros'
[0.270s] [34mcolcon.colcon_core.package_identification[0m [1;30mLevel 1[0m _identify(tools) by extensions ['cmake', 'python']
[0.270s] [34mcolcon.colcon_core.package_identification[0m [1;30mLevel 1[0m _identify(tools) by extension 'cmake'
[0.270s] [34mcolcon.colcon_core.package_identification[0m [1;30mLevel 1[0m _identify(tools) by extension 'python'
[0.270s] [34mcolcon.colcon_core.package_identification[0m [1;30mLevel 1[0m _identify(tools) by extensions ['python_setup_py']
[0.270s] [34mcolcon.colcon_core.package_identification[0m [1;30mLevel 1[0m _identify(tools) by extension 'python_setup_py'
[0.270s] [34mcolcon.colcon_core.package_discovery[0m [1;30mLevel 1[0m discover_packages(recursive) using defaults
[0.270s] [34mcolcon.colcon_core.package_discovery[0m [1;30mLevel 1[0m discover_packages(ignore) discover
[0.270s] [34mcolcon.colcon_core.package_discovery[0m [1;30mLevel 1[0m discover_packages(ignore) using defaults
[0.270s] [34mcolcon.colcon_core.package_discovery[0m [1;30mLevel 1[0m discover_packages(path) discover
[0.270s] [34mcolcon.colcon_core.package_discovery[0m [1;30mLevel 1[0m discover_packages(path) using defaults
[0.278s] [34mcolcon.colcon_core.verb[0m [1;30mLevel 5[0m set package 'rebotarm_msgs' build argument 'cmake_args' from command line to 'None'
[0.278s] [34mcolcon.colcon_core.verb[0m [1;30mLevel 5[0m set package 'rebotarm_msgs' build argument 'cmake_target' from command line to 'None'
[0.278s] [34mcolcon.colcon_core.verb[0m [1;30mLevel 5[0m set package 'rebotarm_msgs' build argument 'cmake_target_skip_unavailable' from command line to 'False'
[0.278s] [34mcolcon.colcon_core.verb[0m [1;30mLevel 5[0m set package 'rebotarm_msgs' build argument 'cmake_clean_cache' from command line to 'False'
[0.278s] [34mcolcon.colcon_core.verb[0m [1;30mLevel 5[0m set package 'rebotarm_msgs' build argument 'cmake_clean_first' from command line to 'False'
[0.278s] [34mcolcon.colcon_core.verb[0m [1;30mLevel 5[0m set package 'rebotarm_msgs' build argument 'cmake_force_configure' from command line to 'False'
[0.278s] [34mcolcon.colcon_core.verb[0m [1;30mLevel 5[0m set package 'rebotarm_msgs' build argument 'ament_cmake_args' from command line to 'None'
[0.278s] [34mcolcon.colcon_core.verb[0m [1;30mLevel 5[0m set package 'rebotarm_msgs' build argument 'catkin_cmake_args' from command line to 'None'
[0.278s] [34mcolcon.colcon_core.verb[0m [1;30mLevel 5[0m set package 'rebotarm_msgs' build argument 'catkin_skip_building_tests' from command line to 'False'
[0.278s] [34mcolcon.colcon_core.verb[0m [1;30mDEBUG[0m [32mBuilding package 'rebotarm_msgs' with the following arguments: {'ament_cmake_args': None, 'build_base': '/home/ylnn/DM_Armx/build/rebotarm_msgs', 'catkin_cmake_args': None, 'catkin_skip_building_tests': False, 'cmake_args': None, 'cmake_clean_cache': False, 'cmake_clean_first': False, 'cmake_force_configure': False, 'cmake_target': None, 'cmake_target_skip_unavailable': False, 'install_base': '/home/ylnn/DM_Armx/install/rebotarm_msgs', 'merge_install': False, 'path': '/home/ylnn/DM_Armx/src/rebotarm_msgs', 'symlink_install': False, 'test_result_base': None}[0m
[0.278s] [34mcolcon.colcon_core.verb[0m [1;30mLevel 5[0m set package 'fake_driver_pkg' build argument 'cmake_args' from command line to 'None'
[0.278s] [34mcolcon.colcon_core.verb[0m [1;30mLevel 5[0m set package 'fake_driver_pkg' build argument 'cmake_target' from command line to 'None'
[0.278s] [34mcolcon.colcon_core.verb[0m [1;30mLevel 5[0m set package 'fake_driver_pkg' build argument 'cmake_target_skip_unavailable' from command line to 'False'
[0.278s] [34mcolcon.colcon_core.verb[0m [1;30mLevel 5[0m set package 'fake_driver_pkg' build argument 'cmake_clean_cache' from command line to 'False'
[0.278s] [34mcolcon.colcon_core.verb[0m [1;30mLevel 5[0m set package 'fake_driver_pkg' build argument 'cmake_clean_first' from command line to 'False'
[0.278s] [34mcolcon.colcon_core.verb[0m [1;30mLevel 5[0m set package 'fake_driver_pkg' build argument 'cmake_force_configure' from command line to 'False'
[0.278s] [34mcolcon.colcon_core.verb[0m [1;30mLevel 5[0m set package 'fake_driver_pkg' build argument 'ament_cmake_args' from command line to 'None'
[0.278s] [34mcolcon.colcon_core.verb[0m [1;30mLevel 5[0m set package 'fake_driver_pkg' build argument 'catkin_cmake_args' from command line to 'None'
[0.278s] [34mcolcon.colcon_core.verb[0m [1;30mLevel 5[0m set package 'fake_driver_pkg' build argument 'catkin_skip_building_tests' from command line to 'False'
[0.278s] [34mcolcon.colcon_core.verb[0m [1;30mDEBUG[0m [32mBuilding package 'fake_driver_pkg' with the following arguments: {'ament_cmake_args': None, 'build_base': '/home/ylnn/DM_Armx/build/fake_driver_pkg', 'catkin_cmake_args': None, 'catkin_skip_building_tests': False, 'cmake_args': None, 'cmake_clean_cache': False, 'cmake_clean_first': False, 'cmake_force_configure': False, 'cmake_target': None, 'cmake_target_skip_unavailable': False, 'install_base': '/home/ylnn/DM_Armx/install/fake_driver_pkg', 'merge_install': False, 'path': '/home/ylnn/DM_Armx/src/fake_driver_pkg', 'symlink_install': False, 'test_result_base': None}[0m
[0.278s] [34mcolcon.colcon_core.verb[0m [1;30mLevel 5[0m set package 'mujoco_pkg' build argument 'cmake_args' from command line to 'None'
[0.278s] [34mcolcon.colcon_core.verb[0m [1;30mLevel 5[0m set package 'mujoco_pkg' build argument 'cmake_target' from command line to 'None'
[0.278s] [34mcolcon.colcon_core.verb[0m [1;30mLevel 5[0m set package 'mujoco_pkg' build argument 'cmake_target_skip_unavailable' from command line to 'False'
[0.278s] [34mcolcon.colcon_core.verb[0m [1;30mLevel 5[0m set package 'mujoco_pkg' build argument 'cmake_clean_cache' from command line to 'False'
[0.278s] [34mcolcon.colcon_core.verb[0m [1;30mLevel 5[0m set package 'mujoco_pkg' build argument 'cmake_clean_first' from command line to 'False'
[0.278s] [34mcolcon.colcon_core.verb[0m [1;30mLevel 5[0m set package 'mujoco_pkg' build argument 'cmake_force_configure' from command line to 'False'
[0.278s] [34mcolcon.colcon_core.verb[0m [1;30mLevel 5[0m set package 'mujoco_pkg' build argument 'ament_cmake_args' from command line to 'None'
[0.278s] [34mcolcon.colcon_core.verb[0m [1;30mLevel 5[0m set package 'mujoco_pkg' build argument 'catkin_cmake_args' from command line to 'None'
[0.278s] [34mcolcon.colcon_core.verb[0m [1;30mLevel 5[0m set package 'mujoco_pkg' build argument 'catkin_skip_building_tests' from command line to 'False'
[0.278s] [34mcolcon.colcon_core.verb[0m [1;30mDEBUG[0m [32mBuilding package 'mujoco_pkg' with the following arguments: {'ament_cmake_args': None, 'build_base': '/home/ylnn/DM_Armx/build/mujoco_pkg', 'catkin_cmake_args': None, 'catkin_skip_building_tests': False, 'cmake_args': None, 'cmake_clean_cache': False, 'cmake_clean_first': False, 'cmake_force_configure': False, 'cmake_target': None, 'cmake_target_skip_unavailable': False, 'install_base': '/home/ylnn/DM_Armx/install/mujoco_pkg', 'merge_install': False, 'path': '/home/ylnn/DM_Armx/src/mujoco_pkg', 'symlink_install': False, 'test_result_base': None}[0m
[0.278s] [34mcolcon.colcon_core.executor[0m [1;30mINFO[0m Executing jobs using 'parallel' executor
[0.279s] [34mcolcon.colcon_parallel_executor.executor.parallel[0m [1;30mDEBUG[0m [32mrun_until_complete[0m
[0.279s] [34mcolcon.colcon_ros.task.ament_cmake.build[0m [1;30mINFO[0m Building ROS package in '/home/ylnn/DM_Armx/src/rebotarm_msgs' with build type 'ament_cmake'
[0.279s] [34mcolcon.colcon_cmake.task.cmake.build[0m [1;30mINFO[0m Building CMake package in '/home/ylnn/DM_Armx/src/rebotarm_msgs'
[0.280s] [34mcolcon.colcon_core.plugin_system[0m [1;30mINFO[0m Skipping extension 'colcon_core.shell.bat': Not used on non-Windows systems
[0.280s] [34mcolcon.colcon_core.shell[0m [1;30mINFO[0m Skip shell extension 'powershell' for command environment: Not usable outside of PowerShell
[0.280s] [34mcolcon.colcon_core.shell[0m [1;30mDEBUG[0m [32mSkip shell extension 'dsv' for command environment[0m
[0.287s] [34mcolcon.colcon_core.event_handler.log_command[0m [1;30mDEBUG[0m [32mInvoking command in '/home/ylnn/DM_Armx/build/rebotarm_msgs': CMAKE_PREFIX_PATH=${CMAKE_PREFIX_PATH}:/home/ylnn/DM_Armx/.pixi/envs/default DEBUGINFOD_URLS=https://debuginfod.ubuntu.com PIXI_PROMPT=(DM_Armx) PS1=(DM_Armx) \[\e]0;\u@\h: \w\a\]${debian_chroot:+($debian_chroot)}\[\033[01;32m\]\u@\h\[\033[00m\]:\[\033[01;34m\]\w\[\033[00m\]\$ /home/ylnn/DM_Armx/.pixi/envs/default/bin/cmake /home/ylnn/DM_Armx/src/rebotarm_msgs -DCMAKE_INSTALL_PREFIX=/home/ylnn/DM_Armx/install/rebotarm_msgs[0m
[2.676s] [34mcolcon.colcon_core.event_handler.log_command[0m [1;30mDEBUG[0m [32mInvoked command in '/home/ylnn/DM_Armx/build/rebotarm_msgs' returned '0': CMAKE_PREFIX_PATH=${CMAKE_PREFIX_PATH}:/home/ylnn/DM_Armx/.pixi/envs/default DEBUGINFOD_URLS=https://debuginfod.ubuntu.com PIXI_PROMPT=(DM_Armx) PS1=(DM_Armx) \[\e]0;\u@\h: \w\a\]${debian_chroot:+($debian_chroot)}\[\033[01;32m\]\u@\h\[\033[00m\]:\[\033[01;34m\]\w\[\033[00m\]\$ /home/ylnn/DM_Armx/.pixi/envs/default/bin/cmake /home/ylnn/DM_Armx/src/rebotarm_msgs -DCMAKE_INSTALL_PREFIX=/home/ylnn/DM_Armx/install/rebotarm_msgs[0m
[2.677s] [34mcolcon.colcon_core.event_handler.log_command[0m [1;30mDEBUG[0m [32mInvoking command in '/home/ylnn/DM_Armx/build/rebotarm_msgs': CMAKE_PREFIX_PATH=${CMAKE_PREFIX_PATH}:/home/ylnn/DM_Armx/.pixi/envs/default DEBUGINFOD_URLS=https://debuginfod.ubuntu.com PIXI_PROMPT=(DM_Armx) PS1=(DM_Armx) \[\e]0;\u@\h: \w\a\]${debian_chroot:+($debian_chroot)}\[\033[01;32m\]\u@\h\[\033[00m\]:\[\033[01;34m\]\w\[\033[00m\]\$ /home/ylnn/DM_Armx/.pixi/envs/default/bin/cmake --build /home/ylnn/DM_Armx/build/rebotarm_msgs -- -j16 -l16[0m
[2.882s] [34mcolcon.colcon_core.event_handler.log_command[0m [1;30mDEBUG[0m [32mInvoked command in '/home/ylnn/DM_Armx/build/rebotarm_msgs' returned '0': CMAKE_PREFIX_PATH=${CMAKE_PREFIX_PATH}:/home/ylnn/DM_Armx/.pixi/envs/default DEBUGINFOD_URLS=https://debuginfod.ubuntu.com PIXI_PROMPT=(DM_Armx) PS1=(DM_Armx) \[\e]0;\u@\h: \w\a\]${debian_chroot:+($debian_chroot)}\[\033[01;32m\]\u@\h\[\033[00m\]:\[\033[01;34m\]\w\[\033[00m\]\$ /home/ylnn/DM_Armx/.pixi/envs/default/bin/cmake --build /home/ylnn/DM_Armx/build/rebotarm_msgs -- -j16 -l16[0m
[2.888s] [34mcolcon.colcon_core.event_handler.log_command[0m [1;30mDEBUG[0m [32mInvoking command in '/home/ylnn/DM_Armx/build/rebotarm_msgs': CMAKE_PREFIX_PATH=${CMAKE_PREFIX_PATH}:/home/ylnn/DM_Armx/.pixi/envs/default DEBUGINFOD_URLS=https://debuginfod.ubuntu.com PIXI_PROMPT=(DM_Armx) PS1=(DM_Armx) \[\e]0;\u@\h: \w\a\]${debian_chroot:+($debian_chroot)}\[\033[01;32m\]\u@\h\[\033[00m\]:\[\033[01;34m\]\w\[\033[00m\]\$ /home/ylnn/DM_Armx/.pixi/envs/default/bin/cmake --install /home/ylnn/DM_Armx/build/rebotarm_msgs[0m
[2.954s] [34mcolcon.colcon_core.environment[0m [1;30mLevel 1[0m create_environment_scripts_only(rebotarm_msgs)
[2.954s] [34mcolcon.colcon_core.event_handler.log_command[0m [1;30mDEBUG[0m [32mInvoked command in '/home/ylnn/DM_Armx/build/rebotarm_msgs' returned '0': CMAKE_PREFIX_PATH=${CMAKE_PREFIX_PATH}:/home/ylnn/DM_Armx/.pixi/envs/default DEBUGINFOD_URLS=https://debuginfod.ubuntu.com PIXI_PROMPT=(DM_Armx) PS1=(DM_Armx) \[\e]0;\u@\h: \w\a\]${debian_chroot:+($debian_chroot)}\[\033[01;32m\]\u@\h\[\033[00m\]:\[\033[01;34m\]\w\[\033[00m\]\$ /home/ylnn/DM_Armx/.pixi/envs/default/bin/cmake --install /home/ylnn/DM_Armx/build/rebotarm_msgs[0m
[2.955s] [34mcolcon.colcon_core.environment[0m [1;30mLevel 1[0m checking '/home/ylnn/DM_Armx/install/rebotarm_msgs' for CMake module files
[2.955s] [34mcolcon.colcon_core.environment[0m [1;30mLevel 1[0m checking '/home/ylnn/DM_Armx/install/rebotarm_msgs' for CMake config files
[2.956s] [34mcolcon.colcon_core.shell[0m [1;30mLevel 1[0m create_environment_hook('rebotarm_msgs', 'cmake_prefix_path')
[2.956s] [34mcolcon.colcon_core.shell[0m [1;30mINFO[0m Creating environment hook '/home/ylnn/DM_Armx/install/rebotarm_msgs/share/rebotarm_msgs/hook/cmake_prefix_path.ps1'
[2.956s] [34mcolcon.colcon_core.shell[0m [1;30mINFO[0m Creating environment descriptor '/home/ylnn/DM_Armx/install/rebotarm_msgs/share/rebotarm_msgs/hook/cmake_prefix_path.dsv'
[2.957s] [34mcolcon.colcon_core.shell[0m [1;30mINFO[0m Creating environment hook '/home/ylnn/DM_Armx/install/rebotarm_msgs/share/rebotarm_msgs/hook/cmake_prefix_path.sh'
[2.957s] [34mcolcon.colcon_core.environment[0m [1;30mLevel 1[0m checking '/home/ylnn/DM_Armx/install/rebotarm_msgs/lib'
[2.957s] [34mcolcon.colcon_core.shell[0m [1;30mLevel 1[0m create_environment_hook('rebotarm_msgs', 'ld_library_path_lib')
[2.957s] [34mcolcon.colcon_core.shell[0m [1;30mINFO[0m Creating environment hook '/home/ylnn/DM_Armx/install/rebotarm_msgs/share/rebotarm_msgs/hook/ld_library_path_lib.ps1'
[2.958s] [34mcolcon.colcon_core.shell[0m [1;30mINFO[0m Creating environment descriptor '/home/ylnn/DM_Armx/install/rebotarm_msgs/share/rebotarm_msgs/hook/ld_library_path_lib.dsv'
[2.958s] [34mcolcon.colcon_core.shell[0m [1;30mINFO[0m Creating environment hook '/home/ylnn/DM_Armx/install/rebotarm_msgs/share/rebotarm_msgs/hook/ld_library_path_lib.sh'
[2.958s] [34mcolcon.colcon_core.environment[0m [1;30mLevel 1[0m checking '/home/ylnn/DM_Armx/install/rebotarm_msgs/bin'
[2.958s] [34mcolcon.colcon_core.environment[0m [1;30mLevel 1[0m checking '/home/ylnn/DM_Armx/install/rebotarm_msgs/lib/pkgconfig/rebotarm_msgs.pc'
[2.959s] [34mcolcon.colcon_core.environment[0m [1;30mLevel 1[0m checking '/home/ylnn/DM_Armx/install/rebotarm_msgs/lib/python3.12/site-packages'
[2.959s] [34mcolcon.colcon_core.shell[0m [1;30mLevel 1[0m create_environment_hook('rebotarm_msgs', 'pythonpath')
[2.959s] [34mcolcon.colcon_core.shell[0m [1;30mINFO[0m Creating environment hook '/home/ylnn/DM_Armx/install/rebotarm_msgs/share/rebotarm_msgs/hook/pythonpath.ps1'
[2.959s] [34mcolcon.colcon_core.shell[0m [1;30mINFO[0m Creating environment descriptor '/home/ylnn/DM_Armx/install/rebotarm_msgs/share/rebotarm_msgs/hook/pythonpath.dsv'
[2.960s] [34mcolcon.colcon_core.shell[0m [1;30mINFO[0m Creating environment hook '/home/ylnn/DM_Armx/install/rebotarm_msgs/share/rebotarm_msgs/hook/pythonpath.sh'
[2.960s] [34mcolcon.colcon_core.environment[0m [1;30mLevel 1[0m checking '/home/ylnn/DM_Armx/install/rebotarm_msgs/bin'
[2.960s] [34mcolcon.colcon_core.shell[0m [1;30mINFO[0m Creating package script '/home/ylnn/DM_Armx/install/rebotarm_msgs/share/rebotarm_msgs/package.ps1'
[2.961s] [34mcolcon.colcon_core.shell[0m [1;30mINFO[0m Creating package descriptor '/home/ylnn/DM_Armx/install/rebotarm_msgs/share/rebotarm_msgs/package.dsv'
[2.961s] [34mcolcon.colcon_core.shell[0m [1;30mINFO[0m Creating package script '/home/ylnn/DM_Armx/install/rebotarm_msgs/share/rebotarm_msgs/package.sh'
[2.962s] [34mcolcon.colcon_core.shell[0m [1;30mINFO[0m Creating package script '/home/ylnn/DM_Armx/install/rebotarm_msgs/share/rebotarm_msgs/package.bash'
[2.963s] [34mcolcon.colcon_core.shell[0m [1;30mINFO[0m Creating package script '/home/ylnn/DM_Armx/install/rebotarm_msgs/share/rebotarm_msgs/package.zsh'
[2.963s] [34mcolcon.colcon_core.environment[0m [1;30mLevel 1[0m create_file_with_runtime_dependencies(/home/ylnn/DM_Armx/install/rebotarm_msgs/share/colcon-core/packages/rebotarm_msgs)
[2.964s] [34mcolcon.colcon_core.environment[0m [1;30mLevel 1[0m create_environment_scripts_only(rebotarm_msgs)
[2.964s] [34mcolcon.colcon_core.environment[0m [1;30mLevel 1[0m checking '/home/ylnn/DM_Armx/install/rebotarm_msgs' for CMake module files
[2.964s] [34mcolcon.colcon_core.environment[0m [1;30mLevel 1[0m checking '/home/ylnn/DM_Armx/install/rebotarm_msgs' for CMake config files
[2.964s] [34mcolcon.colcon_core.shell[0m [1;30mLevel 1[0m create_environment_hook('rebotarm_msgs', 'cmake_prefix_path')
[2.965s] [34mcolcon.colcon_core.shell[0m [1;30mINFO[0m Creating environment hook '/home/ylnn/DM_Armx/install/rebotarm_msgs/share/rebotarm_msgs/hook/cmake_prefix_path.ps1'
[2.965s] [34mcolcon.colcon_core.shell[0m [1;30mINFO[0m Creating environment descriptor '/home/ylnn/DM_Armx/install/rebotarm_msgs/share/rebotarm_msgs/hook/cmake_prefix_path.dsv'
[2.965s] [34mcolcon.colcon_core.shell[0m [1;30mINFO[0m Creating environment hook '/home/ylnn/DM_Armx/install/rebotarm_msgs/share/rebotarm_msgs/hook/cmake_prefix_path.sh'
[2.966s] [34mcolcon.colcon_core.environment[0m [1;30mLevel 1[0m checking '/home/ylnn/DM_Armx/install/rebotarm_msgs/lib'
[2.966s] [34mcolcon.colcon_core.shell[0m [1;30mLevel 1[0m create_environment_hook('rebotarm_msgs', 'ld_library_path_lib')
[2.966s] [34mcolcon.colcon_core.shell[0m [1;30mINFO[0m Creating environment hook '/home/ylnn/DM_Armx/install/rebotarm_msgs/share/rebotarm_msgs/hook/ld_library_path_lib.ps1'
[2.966s] [34mcolcon.colcon_core.shell[0m [1;30mINFO[0m Creating environment descriptor '/home/ylnn/DM_Armx/install/rebotarm_msgs/share/rebotarm_msgs/hook/ld_library_path_lib.dsv'
[2.966s] [34mcolcon.colcon_core.shell[0m [1;30mINFO[0m Creating environment hook '/home/ylnn/DM_Armx/install/rebotarm_msgs/share/rebotarm_msgs/hook/ld_library_path_lib.sh'
[2.967s] [34mcolcon.colcon_core.environment[0m [1;30mLevel 1[0m checking '/home/ylnn/DM_Armx/install/rebotarm_msgs/bin'
[2.967s] [34mcolcon.colcon_core.environment[0m [1;30mLevel 1[0m checking '/home/ylnn/DM_Armx/install/rebotarm_msgs/lib/pkgconfig/rebotarm_msgs.pc'
[2.967s] [34mcolcon.colcon_core.environment[0m [1;30mLevel 1[0m checking '/home/ylnn/DM_Armx/install/rebotarm_msgs/lib/python3.12/site-packages'
[2.967s] [34mcolcon.colcon_core.shell[0m [1;30mLevel 1[0m create_environment_hook('rebotarm_msgs', 'pythonpath')
[2.967s] [34mcolcon.colcon_core.shell[0m [1;30mINFO[0m Creating environment hook '/home/ylnn/DM_Armx/install/rebotarm_msgs/share/rebotarm_msgs/hook/pythonpath.ps1'
[2.967s] [34mcolcon.colcon_core.shell[0m [1;30mINFO[0m Creating environment descriptor '/home/ylnn/DM_Armx/install/rebotarm_msgs/share/rebotarm_msgs/hook/pythonpath.dsv'
[2.967s] [34mcolcon.colcon_core.shell[0m [1;30mINFO[0m Creating environment hook '/home/ylnn/DM_Armx/install/rebotarm_msgs/share/rebotarm_msgs/hook/pythonpath.sh'
[2.968s] [34mcolcon.colcon_core.environment[0m [1;30mLevel 1[0m checking '/home/ylnn/DM_Armx/install/rebotarm_msgs/bin'
[2.968s] [34mcolcon.colcon_core.shell[0m [1;30mINFO[0m Creating package script '/home/ylnn/DM_Armx/install/rebotarm_msgs/share/rebotarm_msgs/package.ps1'
[2.969s] [34mcolcon.colcon_core.shell[0m [1;30mINFO[0m Creating package descriptor '/home/ylnn/DM_Armx/install/rebotarm_msgs/share/rebotarm_msgs/package.dsv'
[2.969s] [34mcolcon.colcon_core.shell[0m [1;30mINFO[0m Creating package script '/home/ylnn/DM_Armx/install/rebotarm_msgs/share/rebotarm_msgs/package.sh'
[2.969s] [34mcolcon.colcon_core.shell[0m [1;30mINFO[0m Creating package script '/home/ylnn/DM_Armx/install/rebotarm_msgs/share/rebotarm_msgs/package.bash'
[2.969s] [34mcolcon.colcon_core.shell[0m [1;30mINFO[0m Creating package script '/home/ylnn/DM_Armx/install/rebotarm_msgs/share/rebotarm_msgs/package.zsh'
[2.970s] [34mcolcon.colcon_core.environment[0m [1;30mLevel 1[0m create_file_with_runtime_dependencies(/home/ylnn/DM_Armx/install/rebotarm_msgs/share/colcon-core/packages/rebotarm_msgs)
[2.970s] [34mcolcon.colcon_ros.task.ament_python.build[0m [1;30mINFO[0m Building ROS package in '/home/ylnn/DM_Armx/src/fake_driver_pkg' with build type 'ament_python'
[2.970s] [34mcolcon.colcon_core.shell[0m [1;30mLevel 1[0m create_environment_hook('fake_driver_pkg', 'ament_prefix_path')
[2.970s] [34mcolcon.colcon_core.shell[0m [1;30mINFO[0m Creating environment hook '/home/ylnn/DM_Armx/install/fake_driver_pkg/share/fake_driver_pkg/hook/ament_prefix_path.ps1'
[2.971s] [34mcolcon.colcon_core.shell[0m [1;30mINFO[0m Creating environment descriptor '/home/ylnn/DM_Armx/install/fake_driver_pkg/share/fake_driver_pkg/hook/ament_prefix_path.dsv'
[2.971s] [34mcolcon.colcon_core.shell[0m [1;30mINFO[0m Creating environment hook '/home/ylnn/DM_Armx/install/fake_driver_pkg/share/fake_driver_pkg/hook/ament_prefix_path.sh'
[2.971s] [34mcolcon.colcon_core.shell[0m [1;30mINFO[0m Skip shell extension 'powershell' for command environment: Not usable outside of PowerShell
[2.971s] [34mcolcon.colcon_core.shell[0m [1;30mDEBUG[0m [32mSkip shell extension 'dsv' for command environment[0m
[2.973s] [34mcolcon.colcon_ros.task.ament_python.build[0m [1;30mINFO[0m Building ROS package in '/home/ylnn/DM_Armx/src/mujoco_pkg' with build type 'ament_python'
[2.973s] [34mcolcon.colcon_core.shell[0m [1;30mLevel 1[0m create_environment_hook('mujoco_pkg', 'ament_prefix_path')
[2.973s] [34mcolcon.colcon_core.shell[0m [1;30mINFO[0m Creating environment hook '/home/ylnn/DM_Armx/install/mujoco_pkg/share/mujoco_pkg/hook/ament_prefix_path.ps1'
[2.974s] [34mcolcon.colcon_core.shell[0m [1;30mINFO[0m Creating environment descriptor '/home/ylnn/DM_Armx/install/mujoco_pkg/share/mujoco_pkg/hook/ament_prefix_path.dsv'
[2.974s] [34mcolcon.colcon_core.shell[0m [1;30mINFO[0m Creating environment hook '/home/ylnn/DM_Armx/install/mujoco_pkg/share/mujoco_pkg/hook/ament_prefix_path.sh'
[2.974s] [34mcolcon.colcon_core.shell[0m [1;30mINFO[0m Skip shell extension 'powershell' for command environment: Not usable outside of PowerShell
[2.974s] [34mcolcon.colcon_core.shell[0m [1;30mDEBUG[0m [32mSkip shell extension 'dsv' for command environment[0m
[3.089s] [34mcolcon.colcon_core.task.python.build[0m [1;30mINFO[0m Building Python package in '/home/ylnn/DM_Armx/src/fake_driver_pkg'
[3.089s] [34mcolcon.colcon_core.shell[0m [1;30mINFO[0m Skip shell extension 'powershell' for command environment: Not usable outside of PowerShell
[3.089s] [34mcolcon.colcon_core.shell[0m [1;30mDEBUG[0m [32mSkip shell extension 'dsv' for command environment[0m
[3.207s] [34mcolcon.colcon_core.task.python.build[0m [1;30mINFO[0m Building Python package in '/home/ylnn/DM_Armx/src/mujoco_pkg'
[3.207s] [34mcolcon.colcon_core.shell[0m [1;30mINFO[0m Skip shell extension 'powershell' for command environment: Not usable outside of PowerShell
[3.207s] [34mcolcon.colcon_core.shell[0m [1;30mDEBUG[0m [32mSkip shell extension 'dsv' for command environment[0m
[3.404s] [34mcolcon.colcon_core.task.python.build[0m [1;30mDEBUG[0m [32mAvailable setuptools commands: rotate, bdist_dumb, build_ext, alias, check, editable_wheel, bdist_rpm, sdist, symlink_data, easy_install, build_scripts, install, saveopts, dist_info, build_py, bdist_wheel, install_egg_info, build_clib, install_data, build, bdist, setopt, egg_info, install_lib, develop, bdist_egg, clean, install_headers, install_scripts[0m
[3.405s] [34mcolcon.colcon_core.event_handler.log_command[0m [1;30mDEBUG[0m [32mInvoking command in '/home/ylnn/DM_Armx/build/fake_driver_pkg': AMENT_PREFIX_PATH=/home/ylnn/DM_Armx/install/rebotarm_msgs:${AMENT_PREFIX_PATH} CMAKE_PREFIX_PATH=/home/ylnn/DM_Armx/install/rebotarm_msgs:${CMAKE_PREFIX_PATH} DEBUGINFOD_URLS=https://debuginfod.ubuntu.com LD_LIBRARY_PATH=/home/ylnn/DM_Armx/install/rebotarm_msgs/lib:${LD_LIBRARY_PATH} PIXI_PROMPT=(DM_Armx) PS1=(DM_Armx) \[\e]0;\u@\h: \w\a\]${debian_chroot:+($debian_chroot)}\[\033[01;32m\]\u@\h\[\033[00m\]:\[\033[01;34m\]\w\[\033[00m\]\$ PYTHONPATH=/home/ylnn/DM_Armx/build/fake_driver_pkg/prefix_override:/home/ylnn/DM_Armx/.pixi/envs/default/lib/python3.12/site-packages/colcon_core/task/python/colcon_distutils_commands:/home/ylnn/DM_Armx/install/fake_driver_pkg/lib/python3.12/site-packages:/home/ylnn/DM_Armx/install/rebotarm_msgs/lib/python3.12/site-packages:${PYTHONPATH} /home/ylnn/DM_Armx/.pixi/envs/default/bin/python3.12 -W ignore:setup.py install is deprecated -W ignore:easy_install command is deprecated setup.py develop --uninstall --editable --build-directory /home/ylnn/DM_Armx/build/fake_driver_pkg/build[0m
[3.405s] [34mcolcon.colcon_core.task.python.build[0m [1;30mDEBUG[0m [32mAvailable setuptools commands: rotate, bdist_dumb, build_ext, alias, check, editable_wheel, bdist_rpm, sdist, symlink_data, easy_install, build_scripts, install, saveopts, dist_info, build_py, bdist_wheel, install_egg_info, build_clib, install_data, build, bdist, setopt, egg_info, install_lib, develop, bdist_egg, clean, install_headers, install_scripts[0m
[3.406s] [34mcolcon.colcon_core.event_handler.log_command[0m [1;30mDEBUG[0m [32mInvoking command in '/home/ylnn/DM_Armx/build/mujoco_pkg': AMENT_PREFIX_PATH=/home/ylnn/DM_Armx/install/rebotarm_msgs:${AMENT_PREFIX_PATH} CMAKE_PREFIX_PATH=/home/ylnn/DM_Armx/install/rebotarm_msgs:${CMAKE_PREFIX_PATH} DEBUGINFOD_URLS=https://debuginfod.ubuntu.com LD_LIBRARY_PATH=/home/ylnn/DM_Armx/install/rebotarm_msgs/lib:${LD_LIBRARY_PATH} PIXI_PROMPT=(DM_Armx) PS1=(DM_Armx) \[\e]0;\u@\h: \w\a\]${debian_chroot:+($debian_chroot)}\[\033[01;32m\]\u@\h\[\033[00m\]:\[\033[01;34m\]\w\[\033[00m\]\$ PYTHONPATH=/home/ylnn/DM_Armx/build/mujoco_pkg/prefix_override:/home/ylnn/DM_Armx/.pixi/envs/default/lib/python3.12/site-packages/colcon_core/task/python/colcon_distutils_commands:/home/ylnn/DM_Armx/install/mujoco_pkg/lib/python3.12/site-packages:/home/ylnn/DM_Armx/install/rebotarm_msgs/lib/python3.12/site-packages:${PYTHONPATH} /home/ylnn/DM_Armx/.pixi/envs/default/bin/python3.12 -W ignore:setup.py install is deprecated -W ignore:easy_install command is deprecated setup.py develop --uninstall --editable --build-directory /home/ylnn/DM_Armx/build/mujoco_pkg/build[0m
[3.589s] [34mcolcon.colcon_core.event_handler.log_command[0m [1;30mDEBUG[0m [32mInvoked command in '/home/ylnn/DM_Armx/build/mujoco_pkg' returned '0': AMENT_PREFIX_PATH=/home/ylnn/DM_Armx/install/rebotarm_msgs:${AMENT_PREFIX_PATH} CMAKE_PREFIX_PATH=/home/ylnn/DM_Armx/install/rebotarm_msgs:${CMAKE_PREFIX_PATH} DEBUGINFOD_URLS=https://debuginfod.ubuntu.com LD_LIBRARY_PATH=/home/ylnn/DM_Armx/install/rebotarm_msgs/lib:${LD_LIBRARY_PATH} PIXI_PROMPT=(DM_Armx) PS1=(DM_Armx) \[\e]0;\u@\h: \w\a\]${debian_chroot:+($debian_chroot)}\[\033[01;32m\]\u@\h\[\033[00m\]:\[\033[01;34m\]\w\[\033[00m\]\$ PYTHONPATH=/home/ylnn/DM_Armx/build/mujoco_pkg/prefix_override:/home/ylnn/DM_Armx/.pixi/envs/default/lib/python3.12/site-packages/colcon_core/task/python/colcon_distutils_commands:/home/ylnn/DM_Armx/install/mujoco_pkg/lib/python3.12/site-packages:/home/ylnn/DM_Armx/install/rebotarm_msgs/lib/python3.12/site-packages:${PYTHONPATH} /home/ylnn/DM_Armx/.pixi/envs/default/bin/python3.12 -W ignore:setup.py install is deprecated -W ignore:easy_install command is deprecated setup.py develop --uninstall --editable --build-directory /home/ylnn/DM_Armx/build/mujoco_pkg/build[0m
[3.590s] [34mcolcon.colcon_core.event_handler.log_command[0m [1;30mDEBUG[0m [32mInvoking command in '/home/ylnn/DM_Armx/src/mujoco_pkg': AMENT_PREFIX_PATH=/home/ylnn/DM_Armx/install/rebotarm_msgs:${AMENT_PREFIX_PATH} CMAKE_PREFIX_PATH=/home/ylnn/DM_Armx/install/rebotarm_msgs:${CMAKE_PREFIX_PATH} DEBUGINFOD_URLS=https://debuginfod.ubuntu.com LD_LIBRARY_PATH=/home/ylnn/DM_Armx/install/rebotarm_msgs/lib:${LD_LIBRARY_PATH} PIXI_PROMPT=(DM_Armx) PS1=(DM_Armx) \[\e]0;\u@\h: \w\a\]${debian_chroot:+($debian_chroot)}\[\033[01;32m\]\u@\h\[\033[00m\]:\[\033[01;34m\]\w\[\033[00m\]\$ PYTHONPATH=/home/ylnn/DM_Armx/build/mujoco_pkg/prefix_override:/home/ylnn/DM_Armx/.pixi/envs/default/lib/python3.12/site-packages/colcon_core/task/python/colcon_distutils_commands:/home/ylnn/DM_Armx/install/mujoco_pkg/lib/python3.12/site-packages:/home/ylnn/DM_Armx/install/rebotarm_msgs/lib/python3.12/site-packages:${PYTHONPATH} /home/ylnn/DM_Armx/.pixi/envs/default/bin/python3.12 -W ignore:setup.py install is deprecated -W ignore:easy_install command is deprecated setup.py egg_info --egg-base ../../build/mujoco_pkg build --build-base /home/ylnn/DM_Armx/build/mujoco_pkg/build install --record /home/ylnn/DM_Armx/build/mujoco_pkg/install.log --install-scripts $base/lib/mujoco_pkg --single-version-externally-managed install_data --force[0m
[3.592s] [34mcolcon.colcon_core.event_handler.log_command[0m [1;30mDEBUG[0m [32mInvoked command in '/home/ylnn/DM_Armx/build/fake_driver_pkg' returned '0': AMENT_PREFIX_PATH=/home/ylnn/DM_Armx/install/rebotarm_msgs:${AMENT_PREFIX_PATH} CMAKE_PREFIX_PATH=/home/ylnn/DM_Armx/install/rebotarm_msgs:${CMAKE_PREFIX_PATH} DEBUGINFOD_URLS=https://debuginfod.ubuntu.com LD_LIBRARY_PATH=/home/ylnn/DM_Armx/install/rebotarm_msgs/lib:${LD_LIBRARY_PATH} PIXI_PROMPT=(DM_Armx) PS1=(DM_Armx) \[\e]0;\u@\h: \w\a\]${debian_chroot:+($debian_chroot)}\[\033[01;32m\]\u@\h\[\033[00m\]:\[\033[01;34m\]\w\[\033[00m\]\$ PYTHONPATH=/home/ylnn/DM_Armx/build/fake_driver_pkg/prefix_override:/home/ylnn/DM_Armx/.pixi/envs/default/lib/python3.12/site-packages/colcon_core/task/python/colcon_distutils_commands:/home/ylnn/DM_Armx/install/fake_driver_pkg/lib/python3.12/site-packages:/home/ylnn/DM_Armx/install/rebotarm_msgs/lib/python3.12/site-packages:${PYTHONPATH} /home/ylnn/DM_Armx/.pixi/envs/default/bin/python3.12 -W ignore:setup.py install is deprecated -W ignore:easy_install command is deprecated setup.py develop --uninstall --editable --build-directory /home/ylnn/DM_Armx/build/fake_driver_pkg/build[0m
[3.592s] [34mcolcon.colcon_core.event_handler.log_command[0m [1;30mDEBUG[0m [32mInvoking command in '/home/ylnn/DM_Armx/src/fake_driver_pkg': AMENT_PREFIX_PATH=/home/ylnn/DM_Armx/install/rebotarm_msgs:${AMENT_PREFIX_PATH} CMAKE_PREFIX_PATH=/home/ylnn/DM_Armx/install/rebotarm_msgs:${CMAKE_PREFIX_PATH} DEBUGINFOD_URLS=https://debuginfod.ubuntu.com LD_LIBRARY_PATH=/home/ylnn/DM_Armx/install/rebotarm_msgs/lib:${LD_LIBRARY_PATH} PIXI_PROMPT=(DM_Armx) PS1=(DM_Armx) \[\e]0;\u@\h: \w\a\]${debian_chroot:+($debian_chroot)}\[\033[01;32m\]\u@\h\[\033[00m\]:\[\033[01;34m\]\w\[\033[00m\]\$ PYTHONPATH=/home/ylnn/DM_Armx/build/fake_driver_pkg/prefix_override:/home/ylnn/DM_Armx/.pixi/envs/default/lib/python3.12/site-packages/colcon_core/task/python/colcon_distutils_commands:/home/ylnn/DM_Armx/install/fake_driver_pkg/lib/python3.12/site-packages:/home/ylnn/DM_Armx/install/rebotarm_msgs/lib/python3.12/site-packages:${PYTHONPATH} /home/ylnn/DM_Armx/.pixi/envs/default/bin/python3.12 -W ignore:setup.py install is deprecated -W ignore:easy_install command is deprecated setup.py egg_info --egg-base ../../build/fake_driver_pkg build --build-base /home/ylnn/DM_Armx/build/fake_driver_pkg/build install --record /home/ylnn/DM_Armx/build/fake_driver_pkg/install.log --install-scripts $base/lib/fake_driver_pkg --single-version-externally-managed install_data --force[0m
[3.786s] [34mcolcon.colcon_core.environment[0m [1;30mLevel 1[0m checking '/home/ylnn/DM_Armx/install/fake_driver_pkg' for CMake module files
[3.786s] [34mcolcon.colcon_core.event_handler.log_command[0m [1;30mDEBUG[0m [32mInvoked command in '/home/ylnn/DM_Armx/src/fake_driver_pkg' returned '0': AMENT_PREFIX_PATH=/home/ylnn/DM_Armx/install/rebotarm_msgs:${AMENT_PREFIX_PATH} CMAKE_PREFIX_PATH=/home/ylnn/DM_Armx/install/rebotarm_msgs:${CMAKE_PREFIX_PATH} DEBUGINFOD_URLS=https://debuginfod.ubuntu.com LD_LIBRARY_PATH=/home/ylnn/DM_Armx/install/rebotarm_msgs/lib:${LD_LIBRARY_PATH} PIXI_PROMPT=(DM_Armx) PS1=(DM_Armx) \[\e]0;\u@\h: \w\a\]${debian_chroot:+($debian_chroot)}\[\033[01;32m\]\u@\h\[\033[00m\]:\[\033[01;34m\]\w\[\033[00m\]\$ PYTHONPATH=/home/ylnn/DM_Armx/build/fake_driver_pkg/prefix_override:/home/ylnn/DM_Armx/.pixi/envs/default/lib/python3.12/site-packages/colcon_core/task/python/colcon_distutils_commands:/home/ylnn/DM_Armx/install/fake_driver_pkg/lib/python3.12/site-packages:/home/ylnn/DM_Armx/install/rebotarm_msgs/lib/python3.12/site-packages:${PYTHONPATH} /home/ylnn/DM_Armx/.pixi/envs/default/bin/python3.12 -W ignore:setup.py install is deprecated -W ignore:easy_install command is deprecated setup.py egg_info --egg-base ../../build/fake_driver_pkg build --build-base /home/ylnn/DM_Armx/build/fake_driver_pkg/build install --record /home/ylnn/DM_Armx/build/fake_driver_pkg/install.log --install-scripts $base/lib/fake_driver_pkg --single-version-externally-managed install_data --force[0m
[3.786s] [34mcolcon.colcon_core.environment[0m [1;30mLevel 1[0m checking '/home/ylnn/DM_Armx/install/fake_driver_pkg' for CMake config files
[3.787s] [34mcolcon.colcon_core.environment[0m [1;30mLevel 1[0m checking '/home/ylnn/DM_Armx/install/fake_driver_pkg/lib'
[3.787s] [34mcolcon.colcon_core.environment[0m [1;30mLevel 1[0m checking '/home/ylnn/DM_Armx/install/fake_driver_pkg/bin'
[3.787s] [34mcolcon.colcon_core.environment[0m [1;30mLevel 1[0m checking '/home/ylnn/DM_Armx/install/fake_driver_pkg/lib/pkgconfig/fake_driver_pkg.pc'
[3.787s] [34mcolcon.colcon_core.environment[0m [1;30mLevel 1[0m checking '/home/ylnn/DM_Armx/install/fake_driver_pkg/lib/python3.12/site-packages'
[3.787s] [34mcolcon.colcon_core.shell[0m [1;30mLevel 1[0m create_environment_hook('fake_driver_pkg', 'pythonpath')
[3.787s] [34mcolcon.colcon_core.shell[0m [1;30mINFO[0m Creating environment hook '/home/ylnn/DM_Armx/install/fake_driver_pkg/share/fake_driver_pkg/hook/pythonpath.ps1'
[3.788s] [34mcolcon.colcon_core.shell[0m [1;30mINFO[0m Creating environment descriptor '/home/ylnn/DM_Armx/install/fake_driver_pkg/share/fake_driver_pkg/hook/pythonpath.dsv'
[3.788s] [34mcolcon.colcon_core.shell[0m [1;30mINFO[0m Creating environment hook '/home/ylnn/DM_Armx/install/fake_driver_pkg/share/fake_driver_pkg/hook/pythonpath.sh'
[3.789s] [34mcolcon.colcon_core.environment[0m [1;30mLevel 1[0m checking '/home/ylnn/DM_Armx/install/fake_driver_pkg/bin'
[3.789s] [34mcolcon.colcon_core.environment[0m [1;30mLevel 1[0m create_environment_scripts_only(fake_driver_pkg)
[3.789s] [34mcolcon.colcon_core.shell[0m [1;30mINFO[0m Creating package script '/home/ylnn/DM_Armx/install/fake_driver_pkg/share/fake_driver_pkg/package.ps1'
[3.790s] [34mcolcon.colcon_core.shell[0m [1;30mINFO[0m Creating package descriptor '/home/ylnn/DM_Armx/install/fake_driver_pkg/share/fake_driver_pkg/package.dsv'
[3.790s] [34mcolcon.colcon_core.shell[0m [1;30mINFO[0m Creating package script '/home/ylnn/DM_Armx/install/fake_driver_pkg/share/fake_driver_pkg/package.sh'
[3.791s] [34mcolcon.colcon_core.shell[0m [1;30mINFO[0m Creating package script '/home/ylnn/DM_Armx/install/fake_driver_pkg/share/fake_driver_pkg/package.bash'
[3.791s] [34mcolcon.colcon_core.shell[0m [1;30mINFO[0m Creating package script '/home/ylnn/DM_Armx/install/fake_driver_pkg/share/fake_driver_pkg/package.zsh'
[3.792s] [34mcolcon.colcon_core.environment[0m [1;30mLevel 1[0m create_file_with_runtime_dependencies(/home/ylnn/DM_Armx/install/fake_driver_pkg/share/colcon-core/packages/fake_driver_pkg)
[3.802s] [34mcolcon.colcon_core.environment[0m [1;30mLevel 1[0m checking '/home/ylnn/DM_Armx/install/mujoco_pkg' for CMake module files
[3.803s] [34mcolcon.colcon_core.event_handler.log_command[0m [1;30mDEBUG[0m [32mInvoked command in '/home/ylnn/DM_Armx/src/mujoco_pkg' returned '0': AMENT_PREFIX_PATH=/home/ylnn/DM_Armx/install/rebotarm_msgs:${AMENT_PREFIX_PATH} CMAKE_PREFIX_PATH=/home/ylnn/DM_Armx/install/rebotarm_msgs:${CMAKE_PREFIX_PATH} DEBUGINFOD_URLS=https://debuginfod.ubuntu.com LD_LIBRARY_PATH=/home/ylnn/DM_Armx/install/rebotarm_msgs/lib:${LD_LIBRARY_PATH} PIXI_PROMPT=(DM_Armx) PS1=(DM_Armx) \[\e]0;\u@\h: \w\a\]${debian_chroot:+($debian_chroot)}\[\033[01;32m\]\u@\h\[\033[00m\]:\[\033[01;34m\]\w\[\033[00m\]\$ PYTHONPATH=/home/ylnn/DM_Armx/build/mujoco_pkg/prefix_override:/home/ylnn/DM_Armx/.pixi/envs/default/lib/python3.12/site-packages/colcon_core/task/python/colcon_distutils_commands:/home/ylnn/DM_Armx/install/mujoco_pkg/lib/python3.12/site-packages:/home/ylnn/DM_Armx/install/rebotarm_msgs/lib/python3.12/site-packages:${PYTHONPATH} /home/ylnn/DM_Armx/.pixi/envs/default/bin/python3.12 -W ignore:setup.py install is deprecated -W ignore:easy_install command is deprecated setup.py egg_info --egg-base ../../build/mujoco_pkg build --build-base /home/ylnn/DM_Armx/build/mujoco_pkg/build install --record /home/ylnn/DM_Armx/build/mujoco_pkg/install.log --install-scripts $base/lib/mujoco_pkg --single-version-externally-managed install_data --force[0m
[3.803s] [34mcolcon.colcon_core.environment[0m [1;30mLevel 1[0m checking '/home/ylnn/DM_Armx/install/mujoco_pkg' for CMake config files
[3.804s] [34mcolcon.colcon_core.environment[0m [1;30mLevel 1[0m checking '/home/ylnn/DM_Armx/install/mujoco_pkg/lib'
[3.804s] [34mcolcon.colcon_core.environment[0m [1;30mLevel 1[0m checking '/home/ylnn/DM_Armx/install/mujoco_pkg/bin'
[3.804s] [34mcolcon.colcon_core.environment[0m [1;30mLevel 1[0m checking '/home/ylnn/DM_Armx/install/mujoco_pkg/lib/pkgconfig/mujoco_pkg.pc'
[3.804s] [34mcolcon.colcon_core.environment[0m [1;30mLevel 1[0m checking '/home/ylnn/DM_Armx/install/mujoco_pkg/lib/python3.12/site-packages'
[3.804s] [34mcolcon.colcon_core.shell[0m [1;30mLevel 1[0m create_environment_hook('mujoco_pkg', 'pythonpath')
[3.804s] [34mcolcon.colcon_core.shell[0m [1;30mINFO[0m Creating environment hook '/home/ylnn/DM_Armx/install/mujoco_pkg/share/mujoco_pkg/hook/pythonpath.ps1'
[3.805s] [34mcolcon.colcon_core.shell[0m [1;30mINFO[0m Creating environment descriptor '/home/ylnn/DM_Armx/install/mujoco_pkg/share/mujoco_pkg/hook/pythonpath.dsv'
[3.805s] [34mcolcon.colcon_core.shell[0m [1;30mINFO[0m Creating environment hook '/home/ylnn/DM_Armx/install/mujoco_pkg/share/mujoco_pkg/hook/pythonpath.sh'
[3.805s] [34mcolcon.colcon_core.environment[0m [1;30mLevel 1[0m checking '/home/ylnn/DM_Armx/install/mujoco_pkg/bin'
[3.805s] [34mcolcon.colcon_core.environment[0m [1;30mLevel 1[0m create_environment_scripts_only(mujoco_pkg)
[3.806s] [34mcolcon.colcon_core.shell[0m [1;30mINFO[0m Creating package script '/home/ylnn/DM_Armx/install/mujoco_pkg/share/mujoco_pkg/package.ps1'
[3.806s] [34mcolcon.colcon_core.shell[0m [1;30mINFO[0m Creating package descriptor '/home/ylnn/DM_Armx/install/mujoco_pkg/share/mujoco_pkg/package.dsv'
[3.807s] [34mcolcon.colcon_core.shell[0m [1;30mINFO[0m Creating package script '/home/ylnn/DM_Armx/install/mujoco_pkg/share/mujoco_pkg/package.sh'
[3.807s] [34mcolcon.colcon_core.shell[0m [1;30mINFO[0m Creating package script '/home/ylnn/DM_Armx/install/mujoco_pkg/share/mujoco_pkg/package.bash'
[3.807s] [34mcolcon.colcon_core.shell[0m [1;30mINFO[0m Creating package script '/home/ylnn/DM_Armx/install/mujoco_pkg/share/mujoco_pkg/package.zsh'
[3.808s] [34mcolcon.colcon_core.environment[0m [1;30mLevel 1[0m create_file_with_runtime_dependencies(/home/ylnn/DM_Armx/install/mujoco_pkg/share/colcon-core/packages/mujoco_pkg)
[3.808s] [34mcolcon.colcon_parallel_executor.executor.parallel[0m [1;30mDEBUG[0m [32mclosing loop[0m
[3.808s] [34mcolcon.colcon_parallel_executor.executor.parallel[0m [1;30mDEBUG[0m [32mloop closed[0m
[3.808s] [34mcolcon.colcon_parallel_executor.executor.parallel[0m [1;30mDEBUG[0m [32mrun_until_complete finished with '0'[0m
[3.808s] [34mcolcon.colcon_core.event_reactor[0m [1;30mDEBUG[0m [32mjoining thread[0m
[3.809s] [34mcolcon.colcon_core.event_reactor[0m [1;30mDEBUG[0m [32mjoined thread[0m
[3.809s] [34mcolcon.colcon_core.shell[0m [1;30mINFO[0m Creating prefix script '/home/ylnn/DM_Armx/install/local_setup.ps1'
[3.810s] [34mcolcon.colcon_core.shell[0m [1;30mINFO[0m Creating prefix util module '/home/ylnn/DM_Armx/install/_local_setup_util_ps1.py'
[3.811s] [34mcolcon.colcon_core.shell[0m [1;30mINFO[0m Creating prefix chain script '/home/ylnn/DM_Armx/install/setup.ps1'
[3.811s] [34mcolcon.colcon_core.shell[0m [1;30mINFO[0m Creating prefix script '/home/ylnn/DM_Armx/install/local_setup.sh'
[3.812s] [34mcolcon.colcon_core.shell[0m [1;30mINFO[0m Creating prefix util module '/home/ylnn/DM_Armx/install/_local_setup_util_sh.py'
[3.813s] [34mcolcon.colcon_core.shell[0m [1;30mINFO[0m Creating prefix chain script '/home/ylnn/DM_Armx/install/setup.sh'
[3.813s] [34mcolcon.colcon_core.shell[0m [1;30mINFO[0m Creating prefix script '/home/ylnn/DM_Armx/install/local_setup.bash'
[3.814s] [34mcolcon.colcon_core.shell[0m [1;30mINFO[0m Creating prefix chain script '/home/ylnn/DM_Armx/install/setup.bash'
[3.814s] [34mcolcon.colcon_core.shell[0m [1;30mINFO[0m Creating prefix script '/home/ylnn/DM_Armx/install/local_setup.zsh'
[3.815s] [34mcolcon.colcon_core.shell[0m [1;30mINFO[0m Creating prefix chain script '/home/ylnn/DM_Armx/install/setup.zsh'
